Archive member included to satisfy reference by file (symbol)

Z:/ST/STM32CubeIDE_1.18.1/STM32CubeIDE/plugins/com.st.stm32cube.ide.mcu.externaltools.gnu-tools-for-stm32.13.3.rel1.win32_1.0.0.202411081344/tools/bin/../lib/gcc/arm-none-eabi/13.3.1/../../../../arm-none-eabi/lib/thumb/v7-m/nofp\libc_nano.a(libc_a-atof.o)
                              ./Core/Src/gps.o (atof)
Z:/ST/STM32CubeIDE_1.18.1/STM32CubeIDE/plugins/com.st.stm32cube.ide.mcu.externaltools.gnu-tools-for-stm32.13.3.rel1.win32_1.0.0.202411081344/tools/bin/../lib/gcc/arm-none-eabi/13.3.1/../../../../arm-none-eabi/lib/thumb/v7-m/nofp\libc_nano.a(libc_a-atoi.o)
                              ./Core/Src/gps.o (atoi)
Z:/ST/STM32CubeIDE_1.18.1/STM32CubeIDE/plugins/com.st.stm32cube.ide.mcu.externaltools.gnu-tools-for-stm32.13.3.rel1.win32_1.0.0.202411081344/tools/bin/../lib/gcc/arm-none-eabi/13.3.1/../../../../arm-none-eabi/lib/thumb/v7-m/nofp\libc_nano.a(libc_a-exit.o)
                              Z:/ST/STM32CubeIDE_1.18.1/STM32CubeIDE/plugins/com.st.stm32cube.ide.mcu.externaltools.gnu-tools-for-stm32.13.3.rel1.win32_1.0.0.202411081344/tools/bin/../lib/gcc/arm-none-eabi/13.3.1/../../../../arm-none-eabi/lib/thumb/v7-m/nofp/crt0.o (exit)
Z:/ST/STM32CubeIDE_1.18.1/STM32CubeIDE/plugins/com.st.stm32cube.ide.mcu.externaltools.gnu-tools-for-stm32.13.3.rel1.win32_1.0.0.202411081344/tools/bin/../lib/gcc/arm-none-eabi/13.3.1/../../../../arm-none-eabi/lib/thumb/v7-m/nofp\libc_nano.a(libc_a-strtod.o)
                              Z:/ST/STM32CubeIDE_1.18.1/STM32CubeIDE/plugins/com.st.stm32cube.ide.mcu.externaltools.gnu-tools-for-stm32.13.3.rel1.win32_1.0.0.202411081344/tools/bin/../lib/gcc/arm-none-eabi/13.3.1/../../../../arm-none-eabi/lib/thumb/v7-m/nofp\libc_nano.a(libc_a-atof.o) (strtod)
Z:/ST/STM32CubeIDE_1.18.1/STM32CubeIDE/plugins/com.st.stm32cube.ide.mcu.externaltools.gnu-tools-for-stm32.13.3.rel1.win32_1.0.0.202411081344/tools/bin/../lib/gcc/arm-none-eabi/13.3.1/../../../../arm-none-eabi/lib/thumb/v7-m/nofp\libc_nano.a(libc_a-strtol.o)
                              Z:/ST/STM32CubeIDE_1.18.1/STM32CubeIDE/plugins/com.st.stm32cube.ide.mcu.externaltools.gnu-tools-for-stm32.13.3.rel1.win32_1.0.0.202411081344/tools/bin/../lib/gcc/arm-none-eabi/13.3.1/../../../../arm-none-eabi/lib/thumb/v7-m/nofp\libc_nano.a(libc_a-atoi.o) (_strtol_r)
Z:/ST/STM32CubeIDE_1.18.1/STM32CubeIDE/plugins/com.st.stm32cube.ide.mcu.externaltools.gnu-tools-for-stm32.13.3.rel1.win32_1.0.0.202411081344/tools/bin/../lib/gcc/arm-none-eabi/13.3.1/../../../../arm-none-eabi/lib/thumb/v7-m/nofp\libc_nano.a(libc_a-ctype_.o)
                              Z:/ST/STM32CubeIDE_1.18.1/STM32CubeIDE/plugins/com.st.stm32cube.ide.mcu.externaltools.gnu-tools-for-stm32.13.3.rel1.win32_1.0.0.202411081344/tools/bin/../lib/gcc/arm-none-eabi/13.3.1/../../../../arm-none-eabi/lib/thumb/v7-m/nofp\libc_nano.a(libc_a-strtol.o) (_ctype_)
Z:/ST/STM32CubeIDE_1.18.1/STM32CubeIDE/plugins/com.st.stm32cube.ide.mcu.externaltools.gnu-tools-for-stm32.13.3.rel1.win32_1.0.0.202411081344/tools/bin/../lib/gcc/arm-none-eabi/13.3.1/../../../../arm-none-eabi/lib/thumb/v7-m/nofp\libc_nano.a(libc_a-findfp.o)
                              Z:/ST/STM32CubeIDE_1.18.1/STM32CubeIDE/plugins/com.st.stm32cube.ide.mcu.externaltools.gnu-tools-for-stm32.13.3.rel1.win32_1.0.0.202411081344/tools/bin/../lib/gcc/arm-none-eabi/13.3.1/../../../../arm-none-eabi/lib/thumb/v7-m/nofp\libc_nano.a(libc_a-exit.o) (__stdio_exit_handler)
Z:/ST/STM32CubeIDE_1.18.1/STM32CubeIDE/plugins/com.st.stm32cube.ide.mcu.externaltools.gnu-tools-for-stm32.13.3.rel1.win32_1.0.0.202411081344/tools/bin/../lib/gcc/arm-none-eabi/13.3.1/../../../../arm-none-eabi/lib/thumb/v7-m/nofp\libc_nano.a(libc_a-fwalk.o)
                              Z:/ST/STM32CubeIDE_1.18.1/STM32CubeIDE/plugins/com.st.stm32cube.ide.mcu.externaltools.gnu-tools-for-stm32.13.3.rel1.win32_1.0.0.202411081344/tools/bin/../lib/gcc/arm-none-eabi/13.3.1/../../../../arm-none-eabi/lib/thumb/v7-m/nofp\libc_nano.a(libc_a-findfp.o) (_fwalk_sglue)
Z:/ST/STM32CubeIDE_1.18.1/STM32CubeIDE/plugins/com.st.stm32cube.ide.mcu.externaltools.gnu-tools-for-stm32.13.3.rel1.win32_1.0.0.202411081344/tools/bin/../lib/gcc/arm-none-eabi/13.3.1/../../../../arm-none-eabi/lib/thumb/v7-m/nofp\libc_nano.a(libc_a-snprintf.o)
                              ./Core/Src/usb_cdc.o (snprintf)
Z:/ST/STM32CubeIDE_1.18.1/STM32CubeIDE/plugins/com.st.stm32cube.ide.mcu.externaltools.gnu-tools-for-stm32.13.3.rel1.win32_1.0.0.202411081344/tools/bin/../lib/gcc/arm-none-eabi/13.3.1/../../../../arm-none-eabi/lib/thumb/v7-m/nofp\libc_nano.a(libc_a-stdio.o)
                              Z:/ST/STM32CubeIDE_1.18.1/STM32CubeIDE/plugins/com.st.stm32cube.ide.mcu.externaltools.gnu-tools-for-stm32.13.3.rel1.win32_1.0.0.202411081344/tools/bin/../lib/gcc/arm-none-eabi/13.3.1/../../../../arm-none-eabi/lib/thumb/v7-m/nofp\libc_nano.a(libc_a-findfp.o) (__sread)
[...]
Memory Configuration

Name             Origin             Length             Attributes
RAM              0x20000000         0x00005000         xrw
FLASH            0x08000000         0x00010000         xr
*default*        0x00000000         0xffffffff

Linker script and memory map

LOAD Z:/ST/STM32CubeIDE_1.18.1/STM32CubeIDE/plugins/com.st.stm32cube.ide.mcu.externaltools.gnu-tools-for-stm32.13.3.rel1.win32_1.0.0.202411081344/tools/bin/../lib/gcc/arm-none-eabi/13.3.1/thumb/v7-m/nofp/crti.o
LOAD Z:/ST/STM32CubeIDE_1.18.1/STM32CubeIDE/plugins/com.st.stm32cube.ide.mcu.externaltools.gnu-tools-for-stm32.13.3.rel1.win32_1.0.0.202411081344/tools/bin/../lib/gcc/arm-none-eabi/13.3.1/thumb/v7-m/nofp/crtbegin.o
LOAD Z:/ST/STM32CubeIDE_1.18.1/STM32CubeIDE/plugins/com.st.stm32cube.ide.mcu.externaltools.gnu-tools-for-stm32.13.3.rel1.win32_1.0.0.202411081344/tools/bin/../lib/gcc/arm-none-eabi/13.3.1/../../../../arm-none-eabi/lib/thumb/v7-m/nofp/crt0.o
LOAD ./Core/Src/adc.o
LOAD ./Core/Src/gpio.o
LOAD ./Core/Src/gps.o
LOAD ./Core/Src/hall_sensors.o
LOAD ./Core/Src/i2c.o
LOAD ./Core/Src/imu.o
LOAD ./Core/Src/main.o
LOAD ./Core/Src/motor_control.o
LOAD ./Core/Src/stm32f1xx_hal_msp.o
LOAD ./Core/Src/stm32f1xx_it.o
LOAD ./Core/Src/syscalls.o
LOAD ./Core/Src/sysmem.o
LOAD ./Core/Src/system_stm32f1xx.o
LOAD ./Core/Src/tim.o
LOAD ./Core/Src/usart.o
LOAD ./Core/Src/usb_cdc.o
LOAD ./Core/Startup/startup_stm32f103c8tx.o
LOAD ./Drivers/STM32F1xx_HAL_Driver/Src/stm32f1xx_hal.o
LOAD ./Drivers/STM32F1xx_HAL_Driver/Src/stm32f1xx_hal_adc.o
LOAD ./Drivers/STM32F1xx_HAL_Driver/Src/stm32f1xx_hal_adc_ex.o
LOAD ./Drivers/STM32F1xx_HAL_Driver/Src/stm32f1xx_hal_cortex.o
LOAD ./Drivers/STM32F1xx_HAL_Driver/Src/stm32f1xx_hal_dma.o
LOAD ./Drivers/STM32F1xx_HAL_Driver/Src/stm32f1xx_hal_exti.o
LOAD ./Drivers/STM32F1xx_HAL_Driver/Src/stm32f1xx_hal_flash.o
LOAD ./Drivers/STM32F1xx_HAL_Driver/Src/stm32f1xx_hal_flash_ex.o
LOAD ./Drivers/STM32F1xx_HAL_Driver/Src/stm32f1xx_hal_gpio.o
LOAD ./Drivers/STM32F1xx_HAL_Driver/Src/stm32f1xx_hal_gpio_ex.o
LOAD ./Drivers/STM32F1xx_HAL_Driver/Src/stm32f1xx_hal_i2c.o
LOAD ./Drivers/STM32F1xx_HAL_Driver/Src/stm32f1xx_hal_pcd.o
LOAD ./Drivers/STM32F1xx_HAL_Driver/Src/stm32f1xx_hal_pcd_ex.o
LOAD ./Drivers/STM32F1xx_HAL_Driver/Src/stm32f1xx_hal_pwr.o
LOAD ./Drivers/STM32F1xx_HAL_Driver/Src/stm32f1xx_hal_rcc.o
LOAD ./Drivers/STM32F1xx_HAL_Driver/Src/stm32f1xx_hal_rcc_ex.o
LOAD ./Drivers/STM32F1xx_HAL_Driver/Src/stm32f1xx_hal_tim.o
LOAD ./Drivers/STM32F1xx_HAL_Driver/Src/stm32f1xx_hal_tim_ex.o
LOAD ./Drivers/STM32F1xx_HAL_Driver/Src/stm32f1xx_hal_uart.o
LOAD ./Drivers/STM32F1xx_HAL_Driver/Src/stm32f1xx_ll_usb.o
LOAD ./Middlewares/ST/STM32_USB_Device_Library/Class/CDC/Src/usbd_cdc.o
LOAD ./Middlewares/ST/STM32_USB_Device_Library/Core/Src/usbd_core.o
LOAD ./Middlewares/ST/STM32_USB_Device_Library/Core/Src/usbd_ctlreq.o
LOAD ./Middlewares/ST/STM32_USB_Device_Library/Core/Src/usbd_ioreq.o
LOAD ./USB_DEVICE/App/usb_device.o
LOAD ./USB_DEVICE/App/usbd_cdc_if.o
LOAD ./USB_DEVICE/App/usbd_desc.o
LOAD ./USB_DEVICE/Target/usbd_conf.o
START GROUP
LOAD Z:/ST/STM32CubeIDE_1.18.1/STM32CubeIDE/plugins/com.st.stm32cube.ide.mcu.externaltools.gnu-tools-for-stm32.13.3.rel1.win32_1.0.0.202411081344/tools/bin/../lib/gcc/arm-none-eabi/13.3.1/../../../../arm-none-eabi/lib/thumb/v7-m/nofp\libc_nano.a
LOAD Z:/ST/STM32CubeIDE_1.18.1/STM32CubeIDE/plugins/com.st.stm32cube.ide.mcu.externaltools.gnu-tools-for-stm32.13.3.rel1.win32_1.0.0.202411081344/tools/bin/../lib/gcc/arm-none-eabi/13.3.1/../../../../arm-none-eabi/lib/thumb/v7-m/nofp\libm.a
END GROUP
START GROUP
LOAD Z:/ST/STM32CubeIDE_1.18.1/STM32CubeIDE/plugins/com.st.stm32cube.ide.mcu.externaltools.gnu-tools-for-stm32.13.3.rel1.win32_1.0.0.202411081344/tools/bin/../lib/gcc/arm-none-eabi/13.3.1/thumb/v7-m/nofp\libgcc.a
LOAD Z:/ST/STM32CubeIDE_1.18.1/STM32CubeIDE/plugins/com.st.stm32cube.ide.mcu.externaltools.gnu-tools-for-stm32.13.3.rel1.win32_1.0.0.202411081344/tools/bin/../lib/gcc/arm-none-eabi/13.3.1/../../../../arm-none-eabi/lib/thumb/v7-m/nofp\libc_nano.a
END GROUP
START GROUP
LOAD Z:/ST/STM32CubeIDE_1.18.1/STM32CubeIDE/plugins/com.st.stm32cube.ide.mcu.externaltools.gnu-tools-for-stm32.13.3.rel1.win32_1.0.0.202411081344/tools/bin/../lib/gcc/arm-none-eabi/13.3.1/thumb/v7-m/nofp\libgcc.a
LOAD Z:/ST/STM32CubeIDE_1.18.1/STM32CubeIDE/plugins/com.st.stm32cube.ide.mcu.externaltools.gnu-tools-for-stm32.13.3.rel1.win32_1.0.0.202411081344/tools/bin/../lib/gcc/arm-none-eabi/13.3.1/../../../../arm-none-eabi/lib/thumb/v7-m/nofp\libc_nano.a
LOAD Z:/ST/STM32CubeIDE_1.18.1/STM32CubeIDE/plugins/com.st.stm32cube.ide.mcu.externaltools.gnu-tools-for-stm32.13.3.rel1.win32_1.0.0.202411081344/tools/bin/../lib/gcc/arm-none-eabi/13.3.1/../../../../arm-none-eabi/lib/thumb/v7-m/nofp\libnosys.a
END GROUP
START GROUP
LOAD Z:/ST/STM32CubeIDE_1.18.1/STM32CubeIDE/plugins/com.st.stm32cube.ide.mcu.externaltools.gnu-tools-for-stm32.13.3.rel1.win32_1.0.0.202411081344/tools/bin/../lib/gcc/arm-none-eabi/13.3.1/thumb/v7-m/nofp\libgcc.a
LOAD Z:/ST/STM32CubeIDE_1.18.1/STM32CubeIDE/plugins/com.st.stm32cube.ide.mcu.externaltools.gnu-tools-for-stm32.13.3.rel1.win32_1.0.0.202411081344/tools/bin/../lib/gcc/arm-none-eabi/13.3.1/../../../../arm-none-eabi/lib/thumb/v7-m/nofp\libc_nano.a
LOAD Z:/ST/STM32CubeIDE_1.18.1/STM32CubeIDE/plugins/com.st.stm32cube.ide.mcu.externaltools.gnu-tools-for-stm32.13.3.rel1.win32_1.0.0.202411081344/tools/bin/../lib/gcc/arm-none-eabi/13.3.1/../../../../arm-none-eabi/lib/thumb/v7-m/nofp\libnosys.a
END GROUP
LOAD Z:/ST/STM32CubeIDE_1.18.1/STM32CubeIDE/plugins/com.st.stm32cube.ide.mcu.externaltools.gnu-tools-for-stm32.13.3.rel1.win32_1.0.0.202411081344/tools/bin/../lib/gcc/arm-none-eabi/13.3.1/thumb/v7-m/nofp/crtend.o
LOAD Z:/ST/STM32CubeIDE_1.18.1/STM32CubeIDE/plugins/com.st.stm32cube.ide.mcu.externaltools.gnu-tools-for-stm32.13.3.rel1.win32_1.0.0.202411081344/tools/bin/../lib/gcc/arm-none-eabi/13.3.1/thumb/v7-m/nofp/crtn.o
                0x20005000                        _estack = (ORIGIN (RAM) + LENGTH (RAM))
                0x00000200                        _Min_Heap_Size = 0x200
                0x00000400                        _Min_Stack_Size = 0x400

.isr_vector     0x08000000      0x10c
                0x08000000                        . = ALIGN (0x4)
 *(.isr_vector)
 .isr_vector    0x08000000      0x10c ./Core/Startup/startup_stm32f103c8tx.o
                0x08000000                g_pfnVectors
                0x0800010c                        . = ALIGN (0x4)

.text           0x08000110     0xb99c
                0x08000110                        . = ALIGN (0x4)
 *(.text)
 .text          0x08000110       0x40 Z:/ST/STM32CubeIDE_1.18.1/STM32CubeIDE/plugins/com.st.stm32cube.ide.mcu.externaltools.gnu-tools-for-stm32.13.3.rel1.win32_1.0.0.202411081344/tools/bin/../lib/gcc/arm-none-eabi/13.3.1/thumb/v7-m/nofp/crtbegin.o
 .text          0x08000150       0x14 Z:/ST/STM32CubeIDE_1.18.1/STM32CubeIDE/plugins/com.st.stm32cube.ide.mcu.externaltools.gnu-tools-for-stm32.13.3.rel1.win32_1.0.0.202411081344/tools/bin/../lib/gcc/arm-none-eabi/13.3.1/../../../../arm-none-eabi/lib/thumb/v7-m/nofp\libc_nano.a(libc_a-strcmp.o)
                0x08000150                strcmp
 .text          0x08000164       0x10 Z:/ST/STM32CubeIDE_1.18.1/STM32CubeIDE/plugins/com.st.stm32cube.ide.mcu.externaltools.gnu-tools-for-stm32.13.3.rel1.win32_1.0.0.202411081344/tools/bin/../lib/gcc/arm-none-eabi/13.3.1/../../../../arm-none-eabi/lib/thumb/v7-m/nofp\libc_nano.a(libc_a-strlen.o)
                0x08000164                strlen
 .text          0x08000174      0x378 Z:/ST/STM32CubeIDE_1.18.1/STM32CubeIDE/plugins/com.st.stm32cube.ide.mcu.externaltools.gnu-tools-for-stm32.13.3.rel1.win32_1.0.0.202411081344/tools/bin/../lib/gcc/arm-none-eabi/13.3.1/thumb/v7-m/nofp\libgcc.a(_arm_addsubdf3.o)
                0x08000174                __aeabi_drsub
                0x0800017c                __aeabi_dsub
                0x0800017c                __subdf3
                0x08000180                __aeabi_dadd
                0x08000180                __adddf3
                0x080003f8                __floatunsidf
                0x080003f8                __aeabi_ui2d
                0x08000418                __floatsidf
                0x08000418                __aeabi_i2d
                0x0800043c                __aeabi_f2d
                0x0800043c                __extendsfdf2
                0x08000480                __floatundidf
                0x08000480                __aeabi_ul2d
                0x08000490                __floatdidf
                0x08000490                __aeabi_l2d
 .text          0x080004ec      0x424 Z:/ST/STM32CubeIDE_1.18.1/STM32CubeIDE/plugins/com.st.stm32cube.ide.mcu.externaltools.gnu-tools-for-stm32.13.3.rel1.win32_1.0.0.202411081344/tools/bin/../lib/gcc/arm-none-eabi/13.3.1/thumb/v7-m/nofp\libgcc.a(_arm_muldivdf3.o)
                0x080004ec                __aeabi_dmul
                0x080004ec                __muldf3
                0x08000740                __divdf3
                0x08000740                __aeabi_ddiv
 .text          0x08000910      0x110 Z:/ST/STM32CubeIDE_1.18.1/STM32CubeIDE/plugins/com.st.stm32cube.ide.mcu.externaltools.gnu-tools-for-stm32.13.3.rel1.win32_1.0.0.202411081344/tools/bin/../lib/gcc/arm-none-eabi/13.3.1/thumb/v7-m/nofp\libgcc.a(_arm_cmpdf2.o)
                0x08000910                __gtdf2
                0x08000910                __gedf2
                0x08000918                __ltdf2
                0x08000918                __ledf2
                0x08000920                __nedf2
                0x08000920                __eqdf2
                0x08000920                __cmpdf2
                0x0800099c                __aeabi_cdrcmple
                0x080009ac                __aeabi_cdcmpeq
                0x080009ac                __aeabi_cdcmple
                0x080009bc                __aeabi_dcmpeq
                0x080009d0                __aeabi_dcmplt
                0x080009e4                __aeabi_dcmple
                0x080009f8                __aeabi_dcmpge
                0x08000a0c                __aeabi_dcmpgt
 .text          0x08000a20       0x40 Z:/ST/STM32CubeIDE_1.18.1/STM32CubeIDE/plugins/com.st.stm32cube.ide.mcu.externaltools.gnu-tools-for-stm32.13.3.rel1.win32_1.0.0.202411081344/tools/bin/../lib/gcc/arm-none-eabi/13.3.1/thumb/v7-m/nofp\libgcc.a(_arm_fixunsdfsi.o)
                0x08000a20                __aeabi_d2uiz
                0x08000a20                __fixunsdfsi
 .text          0x08000a60       0xa0 Z:/ST/STM32CubeIDE_1.18.1/STM32CubeIDE/plugins/com.st.stm32cube.ide.mcu.externaltools.gnu-tools-for-stm32.13.3.rel1.win32_1.0.0.202411081344/tools/bin/../lib/gcc/arm-none-eabi/13.3.1/thumb/v7-m/nofp\libgcc.a(_arm_truncdfsf2.o)
                0x08000a60                __truncdfsf2
                0x08000a60                __aeabi_d2f
 .text          0x08000b00      0x21c Z:/ST/STM32CubeIDE_1.18.1/STM32CubeIDE/plugins/com.st.stm32cube.ide.mcu.externaltools.gnu-tools-for-stm32.13.3.rel1.win32_1.0.0.202411081344/tools/bin/../lib/gcc/arm-none-eabi/13.3.1/thumb/v7-m/nofp\libgcc.a(_arm_addsubsf3.o)
                0x08000b00                __aeabi_frsub
                0x08000b08                __subsf3
                0x08000b08                __aeabi_fsub
                0x08000b0c                __aeabi_fadd
                0x08000b0c                __addsf3
                0x08000c6c                __aeabi_ui2f
                0x08000c6c                __floatunsisf
                0x08000c74                __aeabi_i2f
                0x08000c74                __floatsisf
                0x08000c90                __aeabi_ul2f
                0x08000c90                __floatundisf
                0x08000ca0                __aeabi_l2f
                0x08000ca0                __floatdisf
 .text          0x08000d1c      0x2a0 Z:/ST/STM32CubeIDE_1.18.1/STM32CubeIDE/plugins/com.st.stm32cube.ide.mcu.externaltools.gnu-tools-for-stm32.13.3.rel1.win32_1.0.0.202411081344/tools/bin/../lib/gcc/arm-none-eabi/13.3.1/thumb/v7-m/nofp\libgcc.a(_arm_muldivsf3.o)
                0x08000d1c                __mulsf3
                0x08000d1c                __aeabi_fmul
                0x08000e84                __aeabi_fdiv
                0x08000e84                __divsf3
 .text          0x08000fbc       0xec Z:/ST/STM32CubeIDE_1.18.1/STM32CubeIDE/plugins/com.st.stm32cube.ide.mcu.externaltools.gnu-tools-for-stm32.13.3.rel1.win32_1.0.0.202411081344/tools/bin/../lib/gcc/arm-none-eabi/13.3.1/thumb/v7-m/nofp\libgcc.a(_arm_cmpsf2.o)
                0x08000fbc                __gesf2
                0x08000fbc                __gtsf2
                0x08000fc4                __lesf2
                0x08000fc4                __ltsf2
                0x08000fcc                __nesf2
                0x08000fcc                __eqsf2
                0x08000fcc                __cmpsf2
                0x0800102c                __aeabi_cfrcmple
                0x08001034                __aeabi_cfcmpeq
                0x08001034                __aeabi_cfcmple
                0x08001044                __aeabi_fcmpeq
                0x08001058                __aeabi_fcmplt
                0x0800106c                __aeabi_fcmple
                0x08001080                __aeabi_fcmpge
                0x08001094                __aeabi_fcmpgt
 .text          0x080010a8       0x2c Z:/ST/STM32CubeIDE_1.18.1/STM32CubeIDE/plugins/com.st.stm32cube.ide.mcu.externaltools.gnu-tools-for-stm32.13.3.rel1.win32_1.0.0.202411081344/tools/bin/../lib/gcc/arm-none-eabi/13.3.1/thumb/v7-m/nofp\libgcc.a(_arm_unordsf2.o)
                0x080010a8                __unordsf2
                0x080010a8                __aeabi_fcmpun
 .text          0x080010d4       0x4c Z:/ST/STM32CubeIDE_1.18.1/STM32CubeIDE/plugins/com.st.stm32cube.ide.mcu.externaltools.gnu-tools-for-stm32.13.3.rel1.win32_1.0.0.202411081344/tools/bin/../lib/gcc/arm-none-eabi/13.3.1/thumb/v7-m/nofp\libgcc.a(_arm_fixsfsi.o)
                0x080010d4                __aeabi_f2iz
                0x080010d4                __fixsfsi
 .text          0x08001120       0x30 Z:/ST/STM32CubeIDE_1.18.1/STM32CubeIDE/plugins/com.st.stm32cube.ide.mcu.externaltools.gnu-tools-for-stm32.13.3.rel1.win32_1.0.0.202411081344/tools/bin/../lib/gcc/arm-none-eabi/13.3.1/thumb/v7-m/nofp\libgcc.a(_fixdfdi.o)
                0x08001120                __fixdfdi
                0x08001120                __aeabi_d2lz
 .text          0x08001150       0x3c Z:/ST/STM32CubeIDE_1.18.1/STM32CubeIDE/plugins/com.st.stm32cube.ide.mcu.externaltools.gnu-tools-for-stm32.13.3.rel1.win32_1.0.0.202411081344/tools/bin/../lib/gcc/arm-none-eabi/13.3.1/thumb/v7-m/nofp\libgcc.a(_fixunsdfdi.o)
                0x08001150                __fixunsdfdi
                0x08001150                __aeabi_d2ulz
 *(.text*)
 .text.MX_ADC1_Init
                0x0800118c       0x50 ./Core/Src/adc.o
                0x0800118c                MX_ADC1_Init
 .text.HAL_ADC_MspInit
                0x080011dc       0x6c ./Core/Src/adc.o
                0x080011dc                HAL_ADC_MspInit
 .text.MX_GPIO_Init
                0x08001248       0xa8 ./Core/Src/gpio.o
                0x08001248                MX_GPIO_Init
 .text.HAL_UART_RxCpltCallback
                0x080012f0      0x3c0 ./Core/Src/gps.o
                0x080012f0                HAL_UART_RxCpltCallback
 .text.GPS_Init
                0x080016b0       0x4c ./Core/Src/gps.o
                0x080016b0                GPS_Init
 .text.GPS_Update
                0x080016fc       0x28 ./Core/Src/gps.o
                0x080016fc                GPS_Update
 .text.GPS_GetData
                0x08001724        0x8 ./Core/Src/gps.o
                0x08001724                GPS_GetData
 .text.GPS_GetLastKnownCourse
                0x0800172c        0xc ./Core/Src/gps.o
                0x0800172c                GPS_GetLastKnownCourse
 .text.GPS_HasValidCourse
                0x08001738       0x28 ./Core/Src/gps.o
                0x08001738                GPS_HasValidCourse
 .text.GPS_ProcessUART
                0x08001760       0x18 ./Core/Src/gps.o
                0x08001760                GPS_ProcessUART
 .text.HallSensors_Init
                0x08001778       0xb4 ./Core/Src/hall_sensors.o
                0x08001778                HallSensors_Init
 .text.HallSensors_GetValue
                0x0800182c       0x20 ./Core/Src/hall_sensors.o
                0x0800182c                HallSensors_GetValue
 .text.HallSensors_GetAngle
                0x0800184c       0x58 ./Core/Src/hall_sensors.o
                0x0800184c                HallSensors_GetAngle
 .text.HallSensors_Calibrate
                0x080018a4       0x68 ./Core/Src/hall_sensors.o
                0x080018a4                HallSensors_Calibrate
 .text.HallSensors_ProcessADC
                0x0800190c        0x2 ./Core/Src/hall_sensors.o
                0x0800190c                HallSensors_ProcessADC
 *fill*         0x0800190e        0x2 
 .text.MX_I2C1_Init
                0x08001910       0x3c ./Core/Src/i2c.o
                0x08001910                MX_I2C1_Init
 .text.HAL_I2C_MspInit
                0x0800194c       0x84 ./Core/Src/i2c.o
                0x0800194c                HAL_I2C_MspInit
 .text.IMU_IsDataValid
                0x080019d0       0x9c ./Core/Src/imu.o
                0x080019d0                IMU_IsDataValid
 .text.IMU_IsInitialized
                0x08001a6c        0xc ./Core/Src/imu.o
                0x08001a6c                IMU_IsInitialized
 .text.IMU_Init
                0x08001a78      0x124 ./Core/Src/imu.o
                0x08001a78                IMU_Init
 .text.IMU_Update
                0x08001b9c      0x20c ./Core/Src/imu.o
                0x08001b9c                IMU_Update
 .text.IMU_GetData
                0x08001da8        0x8 ./Core/Src/imu.o
                0x08001da8                IMU_GetData
 .text.IMU_Calibrate
                0x08001db0      0x130 ./Core/Src/imu.o
                0x08001db0                IMU_Calibrate
 .text.IMU_ProcessI2C
                0x08001ee0        0x2 ./Core/Src/imu.o
                0x08001ee0                IMU_ProcessI2C
 .text.IMU_ProcessError
                0x08001ee2        0x2 ./Core/Src/imu.o
                0x08001ee2                IMU_ProcessError
 .text.SystemClock_Config
                0x08001ee4       0x86 ./Core/Src/main.o
                0x08001ee4                SystemClock_Config
 *fill*         0x08001f6a        0x2 
 .text.startup.main
                0x08001f6c       0xec ./Core/Src/main.o
                0x08001f6c                main
 .text.Error_Handler
                0x08002058        0x4 ./Core/Src/main.o
                0x08002058                Error_Handler
 .text.MotorControl_Update
                0x0800205c      0x144 ./Core/Src/motor_control.o
                0x0800205c                MotorControl_Update
 .text.MotorControl_Init
                0x080021a0       0xa4 ./Core/Src/motor_control.o
                0x080021a0                MotorControl_Init
 .text.MotorControl_SetMotorState
                0x08002244       0x14 ./Core/Src/motor_control.o
                0x08002244                MotorControl_SetMotorState
 .text.HAL_MspInit
                0x08002258       0x44 ./Core/Src/stm32f1xx_hal_msp.o
                0x08002258                HAL_MspInit
 .text.NMI_Handler
                0x0800229c        0x2 ./Core/Src/stm32f1xx_it.o
                0x0800229c                NMI_Handler
 .text.HardFault_Handler
                0x0800229e        0x2 ./Core/Src/stm32f1xx_it.o
                0x0800229e                HardFault_Handler
 .text.MemManage_Handler
                0x080022a0        0x2 ./Core/Src/stm32f1xx_it.o
                0x080022a0                MemManage_Handler
 .text.BusFault_Handler
                0x080022a2        0x2 ./Core/Src/stm32f1xx_it.o
                0x080022a2                BusFault_Handler
 .text.UsageFault_Handler
                0x080022a4        0x2 ./Core/Src/stm32f1xx_it.o
                0x080022a4                UsageFault_Handler
 .text.SVC_Handler
                0x080022a6        0x2 ./Core/Src/stm32f1xx_it.o
                0x080022a6                SVC_Handler
 .text.DebugMon_Handler
                0x080022a8        0x2 ./Core/Src/stm32f1xx_it.o
                0x080022a8                DebugMon_Handler
 .text.PendSV_Handler
                0x080022aa        0x2 ./Core/Src/stm32f1xx_it.o
                0x080022aa                PendSV_Handler
 .text.SysTick_Handler
                0x080022ac        0x4 ./Core/Src/stm32f1xx_it.o
                0x080022ac                SysTick_Handler
 .text.ADC1_2_IRQHandler
                0x080022b0       0x14 ./Core/Src/stm32f1xx_it.o
                0x080022b0                ADC1_2_IRQHandler
 .text.USB_LP_CAN1_RX0_IRQHandler
                0x080022c4        0xc ./Core/Src/stm32f1xx_it.o
                0x080022c4                USB_LP_CAN1_RX0_IRQHandler
 .text.TIM2_IRQHandler
                0x080022d0       0x14 ./Core/Src/stm32f1xx_it.o
                0x080022d0                TIM2_IRQHandler
 .text.TIM3_IRQHandler
                0x080022e4       0x14 ./Core/Src/stm32f1xx_it.o
                0x080022e4                TIM3_IRQHandler
 .text.I2C1_EV_IRQHandler
                0x080022f8       0x14 ./Core/Src/stm32f1xx_it.o
                0x080022f8                I2C1_EV_IRQHandler
 .text.I2C1_ER_IRQHandler
                0x0800230c       0x14 ./Core/Src/stm32f1xx_it.o
                0x0800230c                I2C1_ER_IRQHandler
 .text.USART2_IRQHandler
                0x08002320       0x14 ./Core/Src/stm32f1xx_it.o
                0x08002320                USART2_IRQHandler
 .text._getpid  0x08002334        0x4 ./Core/Src/syscalls.o
                0x08002334                _getpid
 .text._kill    0x08002338       0x10 ./Core/Src/syscalls.o
                0x08002338                _kill
 .text._exit    0x08002348        0xc ./Core/Src/syscalls.o
                0x08002348                _exit
 .text._read    0x08002354       0x1c ./Core/Src/syscalls.o
                0x08002354                _read
 .text._write   0x08002370       0x1c ./Core/Src/syscalls.o
                0x08002370                _write
 .text._close   0x0800238c        0x6 ./Core/Src/syscalls.o
                0x0800238c                _close
 .text._fstat   0x08002392        0xa ./Core/Src/syscalls.o
                0x08002392                _fstat
 .text._isatty  0x0800239c        0x4 ./Core/Src/syscalls.o
                0x0800239c                _isatty
 .text._lseek   0x080023a0        0x4 ./Core/Src/syscalls.o
                0x080023a0                _lseek
 .text._sbrk    0x080023a4       0x40 ./Core/Src/sysmem.o
                0x080023a4                _sbrk
 .text.SystemInit
                0x080023e4        0x2 ./Core/Src/system_stm32f1xx.o
                0x080023e4                SystemInit
 *fill*         0x080023e6        0x2 
 .text.MX_TIM2_Init
                0x080023e8       0x68 ./Core/Src/tim.o
                0x080023e8                MX_TIM2_Init
 .text.MX_TIM3_Init
                0x08002450       0x6c ./Core/Src/tim.o
                0x08002450                MX_TIM3_Init
 .text.HAL_TIM_Base_MspInit
                0x080024bc       0x6c ./Core/Src/tim.o
                0x080024bc                HAL_TIM_Base_MspInit
 .text.MX_USART2_UART_Init
                0x08002528       0x38 ./Core/Src/usart.o
                0x08002528                MX_USART2_UART_Init
 .text.HAL_UART_MspInit
                0x08002560       0x84 ./Core/Src/usart.o
                0x08002560                HAL_UART_MspInit
 .text.USB_CDC_SendData
                0x080025e4       0x38 ./Core/Src/usb_cdc.o
                0x080025e4                USB_CDC_SendData
 .text.USB_CDC_ProcessReceivedData
                0x0800261c       0x20 ./Core/Src/usb_cdc.o
                0x0800261c                USB_CDC_ProcessReceivedData
 .text.USB_CDC_SendTelemetry
                0x0800263c      0x208 ./Core/Src/usb_cdc.o
                0x0800263c                USB_CDC_SendTelemetry
 .text.USB_CDC_ReceiveCallback
                0x08002844       0x20 ./Core/Src/usb_cdc.o
                0x08002844                USB_CDC_ReceiveCallback
 .text.HAL_PCD_DataOutStageCallback
                0x08002864       0x10 ./Core/Src/usb_cdc.o
                0x08002864                HAL_PCD_DataOutStageCallback
 .text.HAL_PCD_DataInStageCallback
                0x08002874       0x10 ./Core/Src/usb_cdc.o
                0x08002874                HAL_PCD_DataInStageCallback
 .text.Reset_Handler
                0x08002884       0x48 ./Core/Startup/startup_stm32f103c8tx.o
                0x08002884                Reset_Handler
 .text.Default_Handler
                0x080028cc        0x2 ./Core/Startup/startup_stm32f103c8tx.o
                0x080028cc                RTC_Alarm_IRQHandler
                0x080028cc                EXTI2_IRQHandler
                0x080028cc                TIM1_CC_IRQHandler
                0x080028cc                PVD_IRQHandler
                0x080028cc                EXTI3_IRQHandler
                0x080028cc                EXTI0_IRQHandler
                0x080028cc                I2C2_EV_IRQHandler
                0x080028cc                SPI1_IRQHandler
                0x080028cc                TAMPER_IRQHandler
                0x080028cc                DMA1_Channel4_IRQHandler
                0x080028cc                USART3_IRQHandler
                0x080028cc                RTC_IRQHandler
                0x080028cc                DMA1_Channel7_IRQHandler
                0x080028cc                CAN1_RX1_IRQHandler
                0x080028cc                TIM4_IRQHandler
                0x080028cc                DMA1_Channel6_IRQHandler
                0x080028cc                RCC_IRQHandler
                0x080028cc                TIM1_TRG_COM_IRQHandler
                0x080028cc                DMA1_Channel1_IRQHandler
                0x080028cc                Default_Handler
                0x080028cc                EXTI15_10_IRQHandler
                0x080028cc                EXTI9_5_IRQHandler
                0x080028cc                SPI2_IRQHandler
                0x080028cc                DMA1_Channel5_IRQHandler
                0x080028cc                EXTI4_IRQHandler
                0x080028cc                USB_HP_CAN1_TX_IRQHandler
                0x080028cc                DMA1_Channel3_IRQHandler
                0x080028cc                TIM1_UP_IRQHandler
                0x080028cc                WWDG_IRQHandler
                0x080028cc                TIM1_BRK_IRQHandler
                0x080028cc                EXTI1_IRQHandler
                0x080028cc                I2C2_ER_IRQHandler
                0x080028cc                DMA1_Channel2_IRQHandler
                0x080028cc                CAN1_SCE_IRQHandler
                0x080028cc                FLASH_IRQHandler
                0x080028cc                USART1_IRQHandler
                0x080028cc                USBWakeUp_IRQHandler
 *fill*         0x080028ce        0x2 
 .text.HAL_InitTick
                0x080028d0       0x48 ./Drivers/STM32F1xx_HAL_Driver/Src/stm32f1xx_hal.o
                0x080028d0                HAL_InitTick
 .text.HAL_Init
                0x08002918       0x24 ./Drivers/STM32F1xx_HAL_Driver/Src/stm32f1xx_hal.o
                0x08002918                HAL_Init
 .text.HAL_IncTick
                0x0800293c       0x18 ./Drivers/STM32F1xx_HAL_Driver/Src/stm32f1xx_hal.o
                0x0800293c                HAL_IncTick
 .text.HAL_GetTick
                0x08002954        0xc ./Drivers/STM32F1xx_HAL_Driver/Src/stm32f1xx_hal.o
                0x08002954                HAL_GetTick
 .text.HAL_Delay
                0x08002960       0x24 ./Drivers/STM32F1xx_HAL_Driver/Src/stm32f1xx_hal.o
                0x08002960                HAL_Delay
 .text.ADC_DMAConvCplt
                0x08002984       0x46 ./Drivers/STM32F1xx_HAL_Driver/Src/stm32f1xx_hal_adc.o
                0x08002984                ADC_DMAConvCplt
 .text.ADC_DMAHalfConvCplt
                0x080029ca        0x6 ./Drivers/STM32F1xx_HAL_Driver/Src/stm32f1xx_hal_adc.o
                0x080029ca                ADC_DMAHalfConvCplt
 .text.ADC_DMAError
                0x080029d0       0x16 ./Drivers/STM32F1xx_HAL_Driver/Src/stm32f1xx_hal_adc.o
                0x080029d0                ADC_DMAError
 .text.HAL_ADC_ErrorCallback
                0x080029e6        0x2 ./Drivers/STM32F1xx_HAL_Driver/Src/stm32f1xx_hal_adc.o
                0x080029e6                HAL_ADC_ErrorCallback
 .text.HAL_ADC_ConvCpltCallback
                0x080029e8        0x2 ./Drivers/STM32F1xx_HAL_Driver/Src/stm32f1xx_hal_adc.o
                0x080029e8                HAL_ADC_ConvCpltCallback
 .text.HAL_ADC_ConvHalfCpltCallback
                0x080029ea        0x2 ./Drivers/STM32F1xx_HAL_Driver/Src/stm32f1xx_hal_adc.o
                0x080029ea                HAL_ADC_ConvHalfCpltCallback
 .text.HAL_ADC_LevelOutOfWindowCallback
                0x080029ec        0x2 ./Drivers/STM32F1xx_HAL_Driver/Src/stm32f1xx_hal_adc.o
                0x080029ec                HAL_ADC_LevelOutOfWindowCallback
 *fill*         0x080029ee        0x2 
 .text.HAL_ADC_PollForConversion
                0x080029f0      0x148 ./Drivers/STM32F1xx_HAL_Driver/Src/stm32f1xx_hal_adc.o
                0x080029f0                HAL_ADC_PollForConversion
 .text.HAL_ADC_GetValue
                0x08002b38        0x6 ./Drivers/STM32F1xx_HAL_Driver/Src/stm32f1xx_hal_adc.o
                0x08002b38                HAL_ADC_GetValue
 .text.HAL_ADC_IRQHandler
                0x08002b3e       0xe2 ./Drivers/STM32F1xx_HAL_Driver/Src/stm32f1xx_hal_adc.o
                0x08002b3e                HAL_ADC_IRQHandler
 .text.HAL_ADC_ConfigChannel
                0x08002c20       0xfc ./Drivers/STM32F1xx_HAL_Driver/Src/stm32f1xx_hal_adc.o
                0x08002c20                HAL_ADC_ConfigChannel
 .text.ADC_Enable
                0x08002d1c       0x78 ./Drivers/STM32F1xx_HAL_Driver/Src/stm32f1xx_hal_adc.o
                0x08002d1c                ADC_Enable
 .text.HAL_ADC_Start
                0x08002d94       0xc4 ./Drivers/STM32F1xx_HAL_Driver/Src/stm32f1xx_hal_adc.o
                0x08002d94                HAL_ADC_Start
 .text.HAL_ADC_Start_DMA
                0x08002e58      0x11c ./Drivers/STM32F1xx_HAL_Driver/Src/stm32f1xx_hal_adc.o
                0x08002e58                HAL_ADC_Start_DMA
 .text.ADC_ConversionStop_Disable
                0x08002f74       0x4c ./Drivers/STM32F1xx_HAL_Driver/Src/stm32f1xx_hal_adc.o
                0x08002f74                ADC_ConversionStop_Disable
 .text.HAL_ADC_Init
                0x08002fc0      0x130 ./Drivers/STM32F1xx_HAL_Driver/Src/stm32f1xx_hal_adc.o
                0x08002fc0                HAL_ADC_Init
 .text.HAL_ADCEx_InjectedConvCpltCallback
                0x080030f0        0x2 ./Drivers/STM32F1xx_HAL_Driver/Src/stm32f1xx_hal_adc_ex.o
                0x080030f0                HAL_ADCEx_InjectedConvCpltCallback
 *fill*         0x080030f2        0x2 
 .text.HAL_NVIC_SetPriorityGrouping
                0x080030f4       0x24 ./Drivers/STM32F1xx_HAL_Driver/Src/stm32f1xx_hal_cortex.o
                0x080030f4                HAL_NVIC_SetPriorityGrouping
 .text.HAL_NVIC_SetPriority
                0x08003118       0x60 ./Drivers/STM32F1xx_HAL_Driver/Src/stm32f1xx_hal_cortex.o
                0x08003118                HAL_NVIC_SetPriority
 .text.HAL_NVIC_EnableIRQ
                0x08003178       0x1c ./Drivers/STM32F1xx_HAL_Driver/Src/stm32f1xx_hal_cortex.o
                0x08003178                HAL_NVIC_EnableIRQ
 .text.HAL_SYSTICK_Config
                0x08003194       0x28 ./Drivers/STM32F1xx_HAL_Driver/Src/stm32f1xx_hal_cortex.o
                0x08003194                HAL_SYSTICK_Config
 .text.HAL_DMA_Start_IT
                0x080031bc       0x78 ./Drivers/STM32F1xx_HAL_Driver/Src/stm32f1xx_hal_dma.o
                0x080031bc                HAL_DMA_Start_IT
 .text.HAL_DMA_Abort
                0x08003234       0x3e ./Drivers/STM32F1xx_HAL_Driver/Src/stm32f1xx_hal_dma.o
                0x08003234                HAL_DMA_Abort
 *fill*         0x08003272        0x2 
 .text.HAL_DMA_Abort_IT
                0x08003274       0x8c ./Drivers/STM32F1xx_HAL_Driver/Src/stm32f1xx_hal_dma.o
                0x08003274                HAL_DMA_Abort_IT
 .text.HAL_DMA_GetState
                0x08003300        0x6 ./Drivers/STM32F1xx_HAL_Driver/Src/stm32f1xx_hal_dma.o
                0x08003300                HAL_DMA_GetState
 *fill*         0x08003306        0x2 
 .text.HAL_GPIO_Init
                0x08003308      0x1a8 ./Drivers/STM32F1xx_HAL_Driver/Src/stm32f1xx_hal_gpio.o
                0x08003308                HAL_GPIO_Init
 .text.HAL_GPIO_WritePin
                0x080034b0        0xa ./Drivers/STM32F1xx_HAL_Driver/Src/stm32f1xx_hal_gpio.o
                0x080034b0                HAL_GPIO_WritePin
 .text.HAL_I2C_AddrCallback
                0x080034ba        0x2 ./Drivers/STM32F1xx_HAL_Driver/Src/stm32f1xx_hal_i2c.o
                0x080034ba                HAL_I2C_AddrCallback
 .text.I2C_MemoryTransmit_TXE_BTF
                0x080034bc       0xaa ./Drivers/STM32F1xx_HAL_Driver/Src/stm32f1xx_hal_i2c.o
 *fill*         0x08003566        0x2 
 .text.I2C_DMAAbort
                0x08003568       0xbc ./Drivers/STM32F1xx_HAL_Driver/Src/stm32f1xx_hal_i2c.o
 .text.I2C_IsAcknowledgeFailed
                0x08003624       0x32 ./Drivers/STM32F1xx_HAL_Driver/Src/stm32f1xx_hal_i2c.o
 .text.I2C_WaitOnFlagUntilTimeout
                0x08003656       0x80 ./Drivers/STM32F1xx_HAL_Driver/Src/stm32f1xx_hal_i2c.o
 .text.I2C_WaitOnMasterAddressFlagUntilTimeout
                0x080036d6       0x84 ./Drivers/STM32F1xx_HAL_Driver/Src/stm32f1xx_hal_i2c.o
 .text.I2C_WaitOnTXEFlagUntilTimeout
                0x0800375a       0x54 ./Drivers/STM32F1xx_HAL_Driver/Src/stm32f1xx_hal_i2c.o
 *fill*         0x080037ae        0x2 
 .text.I2C_RequestMemoryWrite
                0x080037b0       0xb4 ./Drivers/STM32F1xx_HAL_Driver/Src/stm32f1xx_hal_i2c.o
 .text.I2C_RequestMemoryRead
                0x08003864      0x108 ./Drivers/STM32F1xx_HAL_Driver/Src/stm32f1xx_hal_i2c.o
 .text.I2C_WaitOnBTFFlagUntilTimeout
                0x0800396c       0x54 ./Drivers/STM32F1xx_HAL_Driver/Src/stm32f1xx_hal_i2c.o
 .text.I2C_WaitOnRXNEFlagUntilTimeout
                0x080039c0       0x66 ./Drivers/STM32F1xx_HAL_Driver/Src/stm32f1xx_hal_i2c.o
 *fill*         0x08003a26        0x2 
 .text.I2C_ITError
                0x08003a28      0x150 ./Drivers/STM32F1xx_HAL_Driver/Src/stm32f1xx_hal_i2c.o
 .text.HAL_I2C_AbortCpltCallback
                0x08003b78        0x2 ./Drivers/STM32F1xx_HAL_Driver/Src/stm32f1xx_hal_i2c.o
                0x08003b78                HAL_I2C_AbortCpltCallback
 .text.HAL_I2C_MasterTxCpltCallback
                0x08003b7a        0x2 ./Drivers/STM32F1xx_HAL_Driver/Src/stm32f1xx_hal_i2c.o
                0x08003b7a                HAL_I2C_MasterTxCpltCallback
 .text.HAL_I2C_MasterRxCpltCallback
                0x08003b7c        0x2 ./Drivers/STM32F1xx_HAL_Driver/Src/stm32f1xx_hal_i2c.o
                0x08003b7c                HAL_I2C_MasterRxCpltCallback
 .text.HAL_I2C_SlaveTxCpltCallback
                0x08003b7e        0x2 ./Drivers/STM32F1xx_HAL_Driver/Src/stm32f1xx_hal_i2c.o
                0x08003b7e                HAL_I2C_SlaveTxCpltCallback
 .text.HAL_I2C_SlaveRxCpltCallback
                0x08003b80        0x2 ./Drivers/STM32F1xx_HAL_Driver/Src/stm32f1xx_hal_i2c.o
                0x08003b80                HAL_I2C_SlaveRxCpltCallback
 .text.HAL_I2C_ListenCpltCallback
                0x08003b82        0x2 ./Drivers/STM32F1xx_HAL_Driver/Src/stm32f1xx_hal_i2c.o
                0x08003b82                HAL_I2C_ListenCpltCallback
 .text.HAL_I2C_MemTxCpltCallback
                0x08003b84        0x2 ./Drivers/STM32F1xx_HAL_Driver/Src/stm32f1xx_hal_i2c.o
                0x08003b84                HAL_I2C_MemTxCpltCallback
 .text.HAL_I2C_MemRxCpltCallback
                0x08003b86        0x2 ./Drivers/STM32F1xx_HAL_Driver/Src/stm32f1xx_hal_i2c.o
                0x08003b86                HAL_I2C_MemRxCpltCallback
 .text.HAL_I2C_ErrorCallback
                0x08003b88        0x2 ./Drivers/STM32F1xx_HAL_Driver/Src/stm32f1xx_hal_i2c.o
                0x08003b88                HAL_I2C_ErrorCallback
 *fill*         0x08003b8a        0x2 
 .text.HAL_I2C_Init
                0x08003b8c      0x1b0 ./Drivers/STM32F1xx_HAL_Driver/Src/stm32f1xx_hal_i2c.o
                0x08003b8c                HAL_I2C_Init
 .text.HAL_I2C_Mem_Write
                0x08003d3c      0x120 ./Drivers/STM32F1xx_HAL_Driver/Src/stm32f1xx_hal_i2c.o
                0x08003d3c                HAL_I2C_Mem_Write
 .text.HAL_I2C_Mem_Read
                0x08003e5c      0x288 ./Drivers/STM32F1xx_HAL_Driver/Src/stm32f1xx_hal_i2c.o
                0x08003e5c                HAL_I2C_Mem_Read
 .text.HAL_I2C_EV_IRQHandler
                0x080040e4      0x894 ./Drivers/STM32F1xx_HAL_Driver/Src/stm32f1xx_hal_i2c.o
                0x080040e4                HAL_I2C_EV_IRQHandler
 .text.HAL_I2C_ER_IRQHandler
                0x08004978      0x13c ./Drivers/STM32F1xx_HAL_Driver/Src/stm32f1xx_hal_i2c.o
                0x08004978                HAL_I2C_ER_IRQHandler
 .text.HAL_PCD_ISOINIncompleteCallback
                0x08004ab4        0x2 ./Drivers/STM32F1xx_HAL_Driver/Src/stm32f1xx_hal_pcd.o
                0x08004ab4                HAL_PCD_ISOINIncompleteCallback
 .text.HAL_PCD_ISOOUTIncompleteCallback
                0x08004ab6        0x2 ./Drivers/STM32F1xx_HAL_Driver/Src/stm32f1xx_hal_pcd.o
                0x08004ab6                HAL_PCD_ISOOUTIncompleteCallback
 .text.HAL_PCD_ResumeCallback
                0x08004ab8        0x2 ./Drivers/STM32F1xx_HAL_Driver/Src/stm32f1xx_hal_pcd.o
                0x08004ab8                HAL_PCD_ResumeCallback
 .text.HAL_PCD_ResetCallback
                0x08004aba        0x2 ./Drivers/STM32F1xx_HAL_Driver/Src/stm32f1xx_hal_pcd.o
                0x08004aba                HAL_PCD_ResetCallback
 .text.HAL_PCD_SuspendCallback
                0x08004abc        0x2 ./Drivers/STM32F1xx_HAL_Driver/Src/stm32f1xx_hal_pcd.o
                0x08004abc                HAL_PCD_SuspendCallback
 .text.HAL_PCD_ConnectCallback
                0x08004abe        0x2 ./Drivers/STM32F1xx_HAL_Driver/Src/stm32f1xx_hal_pcd.o
                0x08004abe                HAL_PCD_ConnectCallback
 .text.HAL_PCD_DisconnectCallback
                0x08004ac0        0x2 ./Drivers/STM32F1xx_HAL_Driver/Src/stm32f1xx_hal_pcd.o
                0x08004ac0                HAL_PCD_DisconnectCallback
 .text.HAL_PCD_SetupStageCallback
                0x08004ac2        0x2 ./Drivers/STM32F1xx_HAL_Driver/Src/stm32f1xx_hal_pcd.o
                0x08004ac2                HAL_PCD_SetupStageCallback
 .text.HAL_PCD_SOFCallback
                0x08004ac4        0x2 ./Drivers/STM32F1xx_HAL_Driver/Src/stm32f1xx_hal_pcd.o
                0x08004ac4                HAL_PCD_SOFCallback
 *fill*         0x08004ac6        0x2 
 .text.HAL_PCD_Init
                0x08004ac8      0x14c ./Drivers/STM32F1xx_HAL_Driver/Src/stm32f1xx_hal_pcd.o
                0x08004ac8                HAL_PCD_Init
 .text.HAL_PCD_RegisterCallback
                0x08004c14       0x9e ./Drivers/STM32F1xx_HAL_Driver/Src/stm32f1xx_hal_pcd.o
                0x08004c14                HAL_PCD_RegisterCallback
 .text.HAL_PCD_RegisterDataOutStageCallback
                0x08004cb2       0x4c ./Drivers/STM32F1xx_HAL_Driver/Src/stm32f1xx_hal_pcd.o
                0x08004cb2                HAL_PCD_RegisterDataOutStageCallback
 .text.HAL_PCD_RegisterDataInStageCallback
                0x08004cfe       0x4c ./Drivers/STM32F1xx_HAL_Driver/Src/stm32f1xx_hal_pcd.o
                0x08004cfe                HAL_PCD_RegisterDataInStageCallback
 .text.HAL_PCD_RegisterIsoOutIncpltCallback
                0x08004d4a       0x4c ./Drivers/STM32F1xx_HAL_Driver/Src/stm32f1xx_hal_pcd.o
                0x08004d4a                HAL_PCD_RegisterIsoOutIncpltCallback
 .text.HAL_PCD_RegisterIsoInIncpltCallback
                0x08004d96       0x4c ./Drivers/STM32F1xx_HAL_Driver/Src/stm32f1xx_hal_pcd.o
                0x08004d96                HAL_PCD_RegisterIsoInIncpltCallback
 .text.HAL_PCD_Start
                0x08004de2       0x32 ./Drivers/STM32F1xx_HAL_Driver/Src/stm32f1xx_hal_pcd.o
                0x08004de2                HAL_PCD_Start
 .text.HAL_PCD_SetAddress
                0x08004e14       0x26 ./Drivers/STM32F1xx_HAL_Driver/Src/stm32f1xx_hal_pcd.o
                0x08004e14                HAL_PCD_SetAddress
 *fill*         0x08004e3a        0x2 
 .text.HAL_PCD_IRQHandler
                0x08004e3c      0xa24 ./Drivers/STM32F1xx_HAL_Driver/Src/stm32f1xx_hal_pcd.o
                0x08004e3c                HAL_PCD_IRQHandler
 .text.HAL_PCD_EP_Open
                0x08005860       0x60 ./Drivers/STM32F1xx_HAL_Driver/Src/stm32f1xx_hal_pcd.o
                0x08005860                HAL_PCD_EP_Open
 .text.HAL_PCD_EP_Close
                0x080058c0       0x50 ./Drivers/STM32F1xx_HAL_Driver/Src/stm32f1xx_hal_pcd.o
                0x080058c0                HAL_PCD_EP_Close
 .text.HAL_PCD_EP_Receive
                0x08005910       0x2e ./Drivers/STM32F1xx_HAL_Driver/Src/stm32f1xx_hal_pcd.o
                0x08005910                HAL_PCD_EP_Receive
 .text.HAL_PCD_EP_GetRxCount
                0x0800593e       0x10 ./Drivers/STM32F1xx_HAL_Driver/Src/stm32f1xx_hal_pcd.o
                0x0800593e                HAL_PCD_EP_GetRxCount
 .text.HAL_PCD_EP_Transmit
                0x0800594e       0x30 ./Drivers/STM32F1xx_HAL_Driver/Src/stm32f1xx_hal_pcd.o
                0x0800594e                HAL_PCD_EP_Transmit
 .text.HAL_PCD_EP_SetStall
                0x0800597e       0x6c ./Drivers/STM32F1xx_HAL_Driver/Src/stm32f1xx_hal_pcd.o
                0x0800597e                HAL_PCD_EP_SetStall
 .text.HAL_PCD_EP_ClrStall
                0x080059ea       0x64 ./Drivers/STM32F1xx_HAL_Driver/Src/stm32f1xx_hal_pcd.o
                0x080059ea                HAL_PCD_EP_ClrStall
 .text.HAL_PCDEx_PMAConfig
                0x08005a4e       0x32 ./Drivers/STM32F1xx_HAL_Driver/Src/stm32f1xx_hal_pcd_ex.o
                0x08005a4e                HAL_PCDEx_PMAConfig
 .text.HAL_PCDEx_SetConnectionState
                0x08005a80        0x2 ./Drivers/STM32F1xx_HAL_Driver/Src/stm32f1xx_hal_pcd_ex.o
                0x08005a80                HAL_PCDEx_SetConnectionState
 *fill*         0x08005a82        0x2 
 .text.HAL_RCC_OscConfig
                0x08005a84      0x338 ./Drivers/STM32F1xx_HAL_Driver/Src/stm32f1xx_hal_rcc.o
                0x08005a84                HAL_RCC_OscConfig
 .text.HAL_RCC_GetSysClockFreq
                0x08005dbc       0x4c ./Drivers/STM32F1xx_HAL_Driver/Src/stm32f1xx_hal_rcc.o
                0x08005dbc                HAL_RCC_GetSysClockFreq
 .text.HAL_RCC_ClockConfig
                0x08005e08      0x138 ./Drivers/STM32F1xx_HAL_Driver/Src/stm32f1xx_hal_rcc.o
                0x08005e08                HAL_RCC_ClockConfig
 .text.HAL_RCC_GetPCLK1Freq
                0x08005f40       0x20 ./Drivers/STM32F1xx_HAL_Driver/Src/stm32f1xx_hal_rcc.o
                0x08005f40                HAL_RCC_GetPCLK1Freq
 .text.HAL_RCC_GetPCLK2Freq
                0x08005f60       0x20 ./Drivers/STM32F1xx_HAL_Driver/Src/stm32f1xx_hal_rcc.o
                0x08005f60                HAL_RCC_GetPCLK2Freq
 .text.HAL_RCCEx_PeriphCLKConfig
                0x08005f80       0xf4 ./Drivers/STM32F1xx_HAL_Driver/Src/stm32f1xx_hal_rcc_ex.o
                0x08005f80                HAL_RCCEx_PeriphCLKConfig
 .text.HAL_RCCEx_GetPeriphCLKFreq
                0x08006074       0xbc ./Drivers/STM32F1xx_HAL_Driver/Src/stm32f1xx_hal_rcc_ex.o
                0x08006074                HAL_RCCEx_GetPeriphCLKFreq
 .text.HAL_TIM_PeriodElapsedCallback
                0x08006130        0x2 ./Drivers/STM32F1xx_HAL_Driver/Src/stm32f1xx_hal_tim.o
                0x08006130                HAL_TIM_PeriodElapsedCallback
 .text.HAL_TIM_PeriodElapsedHalfCpltCallback
                0x08006132        0x2 ./Drivers/STM32F1xx_HAL_Driver/Src/stm32f1xx_hal_tim.o
                0x08006132                HAL_TIM_PeriodElapsedHalfCpltCallback
 .text.HAL_TIM_OC_DelayElapsedCallback
                0x08006134        0x2 ./Drivers/STM32F1xx_HAL_Driver/Src/stm32f1xx_hal_tim.o
                0x08006134                HAL_TIM_OC_DelayElapsedCallback
 .text.HAL_TIM_IC_CaptureCallback
                0x08006136        0x2 ./Drivers/STM32F1xx_HAL_Driver/Src/stm32f1xx_hal_tim.o
                0x08006136                HAL_TIM_IC_CaptureCallback
 .text.HAL_TIM_IC_CaptureHalfCpltCallback
                0x08006138        0x2 ./Drivers/STM32F1xx_HAL_Driver/Src/stm32f1xx_hal_tim.o
                0x08006138                HAL_TIM_IC_CaptureHalfCpltCallback
 .text.HAL_TIM_PWM_PulseFinishedCallback
                0x0800613a        0x2 ./Drivers/STM32F1xx_HAL_Driver/Src/stm32f1xx_hal_tim.o
                0x0800613a                HAL_TIM_PWM_PulseFinishedCallback
 .text.HAL_TIM_PWM_PulseFinishedHalfCpltCallback
                0x0800613c        0x2 ./Drivers/STM32F1xx_HAL_Driver/Src/stm32f1xx_hal_tim.o
                0x0800613c                HAL_TIM_PWM_PulseFinishedHalfCpltCallback
 .text.HAL_TIM_TriggerCallback
                0x0800613e        0x2 ./Drivers/STM32F1xx_HAL_Driver/Src/stm32f1xx_hal_tim.o
                0x0800613e                HAL_TIM_TriggerCallback
 .text.HAL_TIM_TriggerHalfCpltCallback
                0x08006140        0x2 ./Drivers/STM32F1xx_HAL_Driver/Src/stm32f1xx_hal_tim.o
                0x08006140                HAL_TIM_TriggerHalfCpltCallback
 .text.HAL_TIM_ErrorCallback
                0x08006142        0x2 ./Drivers/STM32F1xx_HAL_Driver/Src/stm32f1xx_hal_tim.o
                0x08006142                HAL_TIM_ErrorCallback
 .text.HAL_TIM_Base_Start_IT
                0x08006144       0x54 ./Drivers/STM32F1xx_HAL_Driver/Src/stm32f1xx_hal_tim.o
                0x08006144                HAL_TIM_Base_Start_IT
 .text.HAL_TIM_IRQHandler
                0x08006198      0x140 ./Drivers/STM32F1xx_HAL_Driver/Src/stm32f1xx_hal_tim.o
                0x08006198                HAL_TIM_IRQHandler
 .text.TIM_Base_SetConfig
                0x080062d8       0x64 ./Drivers/STM32F1xx_HAL_Driver/Src/stm32f1xx_hal_tim.o
                0x080062d8                TIM_Base_SetConfig
 .text.TIM_ETR_SetConfig
                0x0800633c       0x14 ./Drivers/STM32F1xx_HAL_Driver/Src/stm32f1xx_hal_tim.o
                0x0800633c                TIM_ETR_SetConfig
 .text.HAL_TIM_ConfigClockSource
                0x08006350      0x132 ./Drivers/STM32F1xx_HAL_Driver/Src/stm32f1xx_hal_tim.o
                0x08006350                HAL_TIM_ConfigClockSource
 *fill*         0x08006482        0x2 
 .text.TIM_ResetCallback
                0x08006484       0x84 ./Drivers/STM32F1xx_HAL_Driver/Src/stm32f1xx_hal_tim.o
                0x08006484                TIM_ResetCallback
 .text.HAL_TIM_Base_Init
                0x08006508       0x6c ./Drivers/STM32F1xx_HAL_Driver/Src/stm32f1xx_hal_tim.o
                0x08006508                HAL_TIM_Base_Init
 .text.HAL_TIMEx_MasterConfigSynchronization
                0x08006574       0x5c ./Drivers/STM32F1xx_HAL_Driver/Src/stm32f1xx_hal_tim_ex.o
                0x08006574                HAL_TIMEx_MasterConfigSynchronization
 .text.HAL_TIMEx_CommutCallback
                0x080065d0        0x2 ./Drivers/STM32F1xx_HAL_Driver/Src/stm32f1xx_hal_tim_ex.o
                0x080065d0                HAL_TIMEx_CommutCallback
 .text.HAL_TIMEx_CommutHalfCpltCallback
                0x080065d2        0x2 ./Drivers/STM32F1xx_HAL_Driver/Src/stm32f1xx_hal_tim_ex.o
                0x080065d2                HAL_TIMEx_CommutHalfCpltCallback
 .text.HAL_TIMEx_BreakCallback
                0x080065d4        0x2 ./Drivers/STM32F1xx_HAL_Driver/Src/stm32f1xx_hal_tim_ex.o
                0x080065d4                HAL_TIMEx_BreakCallback
 .text.HAL_UARTEx_RxEventCallback
                0x080065d6        0x2 ./Drivers/STM32F1xx_HAL_Driver/Src/stm32f1xx_hal_uart.o
                0x080065d6                HAL_UARTEx_RxEventCallback
 .text.UART_EndRxTransfer
                0x080065d8       0x5c ./Drivers/STM32F1xx_HAL_Driver/Src/stm32f1xx_hal_uart.o
 .text.UART_DMAAbortOnError
                0x08006634        0xc ./Drivers/STM32F1xx_HAL_Driver/Src/stm32f1xx_hal_uart.o
 .text.UART_SetConfig
                0x08006640       0x74 ./Drivers/STM32F1xx_HAL_Driver/Src/stm32f1xx_hal_uart.o
 .text.UART_WaitOnFlagUntilTimeout.constprop.0
                0x080066b4       0x64 ./Drivers/STM32F1xx_HAL_Driver/Src/stm32f1xx_hal_uart.o
 .text.UART_Receive_IT.isra.0
                0x08006718       0xb6 ./Drivers/STM32F1xx_HAL_Driver/Src/stm32f1xx_hal_uart.o
 .text.HAL_UART_AbortReceiveCpltCallback
                0x080067ce        0x2 ./Drivers/STM32F1xx_HAL_Driver/Src/stm32f1xx_hal_uart.o
                0x080067ce                HAL_UART_AbortReceiveCpltCallback
 .text.HAL_UART_TxCpltCallback
                0x080067d0        0x2 ./Drivers/STM32F1xx_HAL_Driver/Src/stm32f1xx_hal_uart.o
                0x080067d0                HAL_UART_TxCpltCallback
 .text.HAL_UART_TxHalfCpltCallback
                0x080067d2        0x2 ./Drivers/STM32F1xx_HAL_Driver/Src/stm32f1xx_hal_uart.o
                0x080067d2                HAL_UART_TxHalfCpltCallback
 .text.HAL_UART_RxHalfCpltCallback
                0x080067d4        0x2 ./Drivers/STM32F1xx_HAL_Driver/Src/stm32f1xx_hal_uart.o
                0x080067d4                HAL_UART_RxHalfCpltCallback
 .text.HAL_UART_ErrorCallback
                0x080067d6        0x2 ./Drivers/STM32F1xx_HAL_Driver/Src/stm32f1xx_hal_uart.o
                0x080067d6                HAL_UART_ErrorCallback
 .text.HAL_UART_AbortCpltCallback
                0x080067d8        0x2 ./Drivers/STM32F1xx_HAL_Driver/Src/stm32f1xx_hal_uart.o
                0x080067d8                HAL_UART_AbortCpltCallback
 .text.HAL_UART_AbortTransmitCpltCallback
                0x080067da        0x2 ./Drivers/STM32F1xx_HAL_Driver/Src/stm32f1xx_hal_uart.o
                0x080067da                HAL_UART_AbortTransmitCpltCallback
 .text.HAL_UART_Receive
                0x080067dc       0xae ./Drivers/STM32F1xx_HAL_Driver/Src/stm32f1xx_hal_uart.o
                0x080067dc                HAL_UART_Receive
 *fill*         0x0800688a        0x2 
 .text.HAL_UART_IRQHandler
                0x0800688c      0x298 ./Drivers/STM32F1xx_HAL_Driver/Src/stm32f1xx_hal_uart.o
                0x0800688c                HAL_UART_IRQHandler
 .text.UART_InitCallbacksToDefault
                0x08006b24       0x4c ./Drivers/STM32F1xx_HAL_Driver/Src/stm32f1xx_hal_uart.o
                0x08006b24                UART_InitCallbacksToDefault
 .text.HAL_UART_Init
                0x08006b70       0x74 ./Drivers/STM32F1xx_HAL_Driver/Src/stm32f1xx_hal_uart.o
                0x08006b70                HAL_UART_Init
 .text.UART_Start_Receive_IT
                0x08006be4       0x32 ./Drivers/STM32F1xx_HAL_Driver/Src/stm32f1xx_hal_uart.o
                0x08006be4                UART_Start_Receive_IT
 .text.HAL_UART_Receive_IT
                0x08006c16       0x22 ./Drivers/STM32F1xx_HAL_Driver/Src/stm32f1xx_hal_uart.o
                0x08006c16                HAL_UART_Receive_IT
 .text.USB_CoreInit
                0x08006c38        0xe ./Drivers/STM32F1xx_HAL_Driver/Src/stm32f1xx_ll_usb.o
                0x08006c38                USB_CoreInit
 .text.USB_EnableGlobalInt
                0x08006c46       0x12 ./Drivers/STM32F1xx_HAL_Driver/Src/stm32f1xx_ll_usb.o
                0x08006c46                USB_EnableGlobalInt
 .text.USB_DisableGlobalInt
                0x08006c58       0x14 ./Drivers/STM32F1xx_HAL_Driver/Src/stm32f1xx_ll_usb.o
                0x08006c58                USB_DisableGlobalInt
 .text.USB_SetCurrentMode
                0x08006c6c        0x4 ./Drivers/STM32F1xx_HAL_Driver/Src/stm32f1xx_ll_usb.o
                0x08006c6c                USB_SetCurrentMode
 .text.USB_DevInit
                0x08006c70       0x22 ./Drivers/STM32F1xx_HAL_Driver/Src/stm32f1xx_ll_usb.o
                0x08006c70                USB_DevInit
 *fill*         0x08006c92        0x2 
 .text.USB_ActivateEndpoint
                0x08006c94      0x2c0 ./Drivers/STM32F1xx_HAL_Driver/Src/stm32f1xx_ll_usb.o
                0x08006c94                USB_ActivateEndpoint
 .text.USB_DeactivateEndpoint
                0x08006f54      0x1a6 ./Drivers/STM32F1xx_HAL_Driver/Src/stm32f1xx_ll_usb.o
                0x08006f54                USB_DeactivateEndpoint
 .text.USB_EPSetStall
                0x080070fa       0x40 ./Drivers/STM32F1xx_HAL_Driver/Src/stm32f1xx_ll_usb.o
                0x080070fa                USB_EPSetStall
 .text.USB_EPClearStall
                0x0800713a       0x92 ./Drivers/STM32F1xx_HAL_Driver/Src/stm32f1xx_ll_usb.o
                0x0800713a                USB_EPClearStall
 .text.USB_SetDevAddress
                0x080071cc        0xc ./Drivers/STM32F1xx_HAL_Driver/Src/stm32f1xx_ll_usb.o
                0x080071cc                USB_SetDevAddress
 .text.USB_DevConnect
                0x080071d8        0x4 ./Drivers/STM32F1xx_HAL_Driver/Src/stm32f1xx_ll_usb.o
                0x080071d8                USB_DevConnect
 .text.USB_DevDisconnect
                0x080071dc        0x4 ./Drivers/STM32F1xx_HAL_Driver/Src/stm32f1xx_ll_usb.o
                0x080071dc                USB_DevDisconnect
 .text.USB_ReadInterrupts
                0x080071e0        0x8 ./Drivers/STM32F1xx_HAL_Driver/Src/stm32f1xx_ll_usb.o
                0x080071e0                USB_ReadInterrupts
 .text.USB_EP0_OutStart
                0x080071e8        0x4 ./Drivers/STM32F1xx_HAL_Driver/Src/stm32f1xx_ll_usb.o
                0x080071e8                USB_EP0_OutStart
 .text.USB_WritePMA
                0x080071ec       0x20 ./Drivers/STM32F1xx_HAL_Driver/Src/stm32f1xx_ll_usb.o
                0x080071ec                USB_WritePMA
 .text.USB_EPStartXfer
                0x0800720c      0x46a ./Drivers/STM32F1xx_HAL_Driver/Src/stm32f1xx_ll_usb.o
                0x0800720c                USB_EPStartXfer
 .text.USB_ReadPMA
                0x08007676       0x38 ./Drivers/STM32F1xx_HAL_Driver/Src/stm32f1xx_ll_usb.o
                0x08007676                USB_ReadPMA
 .text.USBD_CDC_EP0_RxReady
                0x080076ae       0x28 ./Middlewares/ST/STM32_USB_Device_Library/Class/CDC/Src/usbd_cdc.o
 *fill*         0x080076d6        0x2 
 .text.USBD_CDC_GetFSCfgDesc
                0x080076d8        0xc ./Middlewares/ST/STM32_USB_Device_Library/Class/CDC/Src/usbd_cdc.o
 .text.USBD_CDC_GetHSCfgDesc
                0x080076e4        0xc ./Middlewares/ST/STM32_USB_Device_Library/Class/CDC/Src/usbd_cdc.o
 .text.USBD_CDC_GetOtherSpeedCfgDesc
                0x080076f0        0xc ./Middlewares/ST/STM32_USB_Device_Library/Class/CDC/Src/usbd_cdc.o
 .text.USBD_CDC_GetDeviceQualifierDescriptor
                0x080076fc        0xc ./Middlewares/ST/STM32_USB_Device_Library/Class/CDC/Src/usbd_cdc.o
                0x080076fc                USBD_CDC_GetDeviceQualifierDescriptor
 .text.USBD_CDC_DataOut
                0x08007708       0x2e ./Middlewares/ST/STM32_USB_Device_Library/Class/CDC/Src/usbd_cdc.o
 .text.USBD_CDC_DataIn
                0x08007736       0x40 ./Middlewares/ST/STM32_USB_Device_Library/Class/CDC/Src/usbd_cdc.o
 .text.USBD_CDC_Setup
                0x08007776       0xa2 ./Middlewares/ST/STM32_USB_Device_Library/Class/CDC/Src/usbd_cdc.o
 .text.USBD_CDC_DeInit
                0x08007818       0x42 ./Middlewares/ST/STM32_USB_Device_Library/Class/CDC/Src/usbd_cdc.o
 .text.USBD_CDC_Init
                0x0800785a       0x8c ./Middlewares/ST/STM32_USB_Device_Library/Class/CDC/Src/usbd_cdc.o
 .text.USBD_CDC_RegisterInterface
                0x080078e6        0xe ./Middlewares/ST/STM32_USB_Device_Library/Class/CDC/Src/usbd_cdc.o
                0x080078e6                USBD_CDC_RegisterInterface
 .text.USBD_CDC_SetTxBuffer
                0x080078f4       0x10 ./Middlewares/ST/STM32_USB_Device_Library/Class/CDC/Src/usbd_cdc.o
                0x080078f4                USBD_CDC_SetTxBuffer
 .text.USBD_CDC_SetRxBuffer
                0x08007904        0xc ./Middlewares/ST/STM32_USB_Device_Library/Class/CDC/Src/usbd_cdc.o
                0x08007904                USBD_CDC_SetRxBuffer
 .text.USBD_CDC_TransmitPacket
                0x08007910       0x32 ./Middlewares/ST/STM32_USB_Device_Library/Class/CDC/Src/usbd_cdc.o
                0x08007910                USBD_CDC_TransmitPacket
 .text.USBD_CDC_ReceivePacket
                0x08007942       0x26 ./Middlewares/ST/STM32_USB_Device_Library/Class/CDC/Src/usbd_cdc.o
                0x08007942                USBD_CDC_ReceivePacket
 .text.USBD_Init
                0x08007968       0x2a ./Middlewares/ST/STM32_USB_Device_Library/Core/Src/usbd_core.o
                0x08007968                USBD_Init
 .text.USBD_RegisterClass
                0x08007992        0xe ./Middlewares/ST/STM32_USB_Device_Library/Core/Src/usbd_core.o
                0x08007992                USBD_RegisterClass
 .text.USBD_Start
                0x080079a0        0xa ./Middlewares/ST/STM32_USB_Device_Library/Core/Src/usbd_core.o
                0x080079a0                USBD_Start
 .text.USBD_SetClassConfig
                0x080079aa       0x1a ./Middlewares/ST/STM32_USB_Device_Library/Core/Src/usbd_core.o
                0x080079aa                USBD_SetClassConfig
 .text.USBD_ClrClassConfig
                0x080079c4        0xe ./Middlewares/ST/STM32_USB_Device_Library/Core/Src/usbd_core.o
                0x080079c4                USBD_ClrClassConfig
 .text.USBD_LL_SetupStage
                0x080079d2       0x5a ./Middlewares/ST/STM32_USB_Device_Library/Core/Src/usbd_core.o
                0x080079d2                USBD_LL_SetupStage
 .text.USBD_LL_DataOutStage
                0x08007a2c       0x70 ./Middlewares/ST/STM32_USB_Device_Library/Core/Src/usbd_core.o
                0x08007a2c                USBD_LL_DataOutStage
 .text.USBD_LL_DataInStage
                0x08007a9c       0xb8 ./Middlewares/ST/STM32_USB_Device_Library/Core/Src/usbd_core.o
                0x08007a9c                USBD_LL_DataInStage
 .text.USBD_LL_Reset
                0x08007b54       0x4e ./Middlewares/ST/STM32_USB_Device_Library/Core/Src/usbd_core.o
                0x08007b54                USBD_LL_Reset
 .text.USBD_LL_SetSpeed
                0x08007ba2        0x6 ./Middlewares/ST/STM32_USB_Device_Library/Core/Src/usbd_core.o
                0x08007ba2                USBD_LL_SetSpeed
 .text.USBD_LL_Suspend
                0x08007ba8       0x12 ./Middlewares/ST/STM32_USB_Device_Library/Core/Src/usbd_core.o
                0x08007ba8                USBD_LL_Suspend
 .text.USBD_LL_Resume
                0x08007bba       0x14 ./Middlewares/ST/STM32_USB_Device_Library/Core/Src/usbd_core.o
                0x08007bba                USBD_LL_Resume
 .text.USBD_LL_SOF
                0x08007bce       0x18 ./Middlewares/ST/STM32_USB_Device_Library/Core/Src/usbd_core.o
                0x08007bce                USBD_LL_SOF
 .text.USBD_LL_IsoINIncomplete
                0x08007be6        0x4 ./Middlewares/ST/STM32_USB_Device_Library/Core/Src/usbd_core.o
                0x08007be6                USBD_LL_IsoINIncomplete
 .text.USBD_LL_IsoOUTIncomplete
                0x08007bea        0x4 ./Middlewares/ST/STM32_USB_Device_Library/Core/Src/usbd_core.o
                0x08007bea                USBD_LL_IsoOUTIncomplete
 .text.USBD_LL_DevConnected
                0x08007bee        0x4 ./Middlewares/ST/STM32_USB_Device_Library/Core/Src/usbd_core.o
                0x08007bee                USBD_LL_DevConnected
 .text.USBD_LL_DevDisconnected
                0x08007bf2       0x16 ./Middlewares/ST/STM32_USB_Device_Library/Core/Src/usbd_core.o
                0x08007bf2                USBD_LL_DevDisconnected
 .text.USBD_CtlError.constprop.0
                0x08007c08       0x16 ./Middlewares/ST/STM32_USB_Device_Library/Core/Src/usbd_ctlreq.o
 *fill*         0x08007c1e        0x2 
 .text.USBD_StdDevReq
                0x08007c20      0x290 ./Middlewares/ST/STM32_USB_Device_Library/Core/Src/usbd_ctlreq.o
                0x08007c20                USBD_StdDevReq
 .text.USBD_StdItfReq
                0x08007eb0       0x48 ./Middlewares/ST/STM32_USB_Device_Library/Core/Src/usbd_ctlreq.o
                0x08007eb0                USBD_StdItfReq
 .text.USBD_StdEPReq
                0x08007ef8      0x118 ./Middlewares/ST/STM32_USB_Device_Library/Core/Src/usbd_ctlreq.o
                0x08007ef8                USBD_StdEPReq
 .text.USBD_ParseSetupRequest
                0x08008010       0x16 ./Middlewares/ST/STM32_USB_Device_Library/Core/Src/usbd_ctlreq.o
                0x08008010                USBD_ParseSetupRequest
 .text.USBD_CtlError
                0x08008026       0x16 ./Middlewares/ST/STM32_USB_Device_Library/Core/Src/usbd_ctlreq.o
                0x08008026                USBD_CtlError
 .text.USBD_GetString
                0x0800803c       0x38 ./Middlewares/ST/STM32_USB_Device_Library/Core/Src/usbd_ctlreq.o
                0x0800803c                USBD_GetString
 .text.USBD_CtlSendData
                0x08008074       0x1a ./Middlewares/ST/STM32_USB_Device_Library/Core/Src/usbd_ioreq.o
                0x08008074                USBD_CtlSendData
 .text.USBD_CtlContinueSendData
                0x0800808e       0x10 ./Middlewares/ST/STM32_USB_Device_Library/Core/Src/usbd_ioreq.o
                0x0800808e                USBD_CtlContinueSendData
 .text.USBD_CtlPrepareRx
                0x0800809e       0x1a ./Middlewares/ST/STM32_USB_Device_Library/Core/Src/usbd_ioreq.o
                0x0800809e                USBD_CtlPrepareRx
 .text.USBD_CtlContinueRx
                0x080080b8       0x10 ./Middlewares/ST/STM32_USB_Device_Library/Core/Src/usbd_ioreq.o
                0x080080b8                USBD_CtlContinueRx
 .text.USBD_CtlSendStatus
                0x080080c8       0x16 ./Middlewares/ST/STM32_USB_Device_Library/Core/Src/usbd_ioreq.o
                0x080080c8                USBD_CtlSendStatus
 .text.USBD_CtlReceiveStatus
                0x080080de       0x16 ./Middlewares/ST/STM32_USB_Device_Library/Core/Src/usbd_ioreq.o
                0x080080de                USBD_CtlReceiveStatus
 .text.MX_USB_DEVICE_Init
                0x080080f4       0x50 ./USB_DEVICE/App/usb_device.o
                0x080080f4                MX_USB_DEVICE_Init
 .text.CDC_DeInit_FS
                0x08008144        0xc ./USB_DEVICE/App/usbd_cdc_if.o
 .text.CDC_Control_FS
                0x08008150        0x4 ./USB_DEVICE/App/usbd_cdc_if.o
 .text.CDC_Receive_FS
                0x08008154       0x24 ./USB_DEVICE/App/usbd_cdc_if.o
 .text.CDC_Init_FS
                0x08008178       0x30 ./USB_DEVICE/App/usbd_cdc_if.o
 .text.USBD_FS_DeviceDescriptor
                0x080081a8        0xc ./USB_DEVICE/App/usbd_desc.o
                0x080081a8                USBD_FS_DeviceDescriptor
 .text.USBD_FS_LangIDStrDescriptor
                0x080081b4        0xc ./USB_DEVICE/App/usbd_desc.o
                0x080081b4                USBD_FS_LangIDStrDescriptor
 .text.IntToUnicode
                0x080081c0       0x2a ./USB_DEVICE/App/usbd_desc.o
 *fill*         0x080081ea        0x2 
 .text.USBD_FS_SerialStrDescriptor
                0x080081ec       0x3c ./USB_DEVICE/App/usbd_desc.o
                0x080081ec                USBD_FS_SerialStrDescriptor
 .text.USBD_FS_ManufacturerStrDescriptor
                0x08008228       0x1c ./USB_DEVICE/App/usbd_desc.o
                0x08008228                USBD_FS_ManufacturerStrDescriptor
 .text.USBD_FS_ProductStrDescriptor
                0x08008244       0x1c ./USB_DEVICE/App/usbd_desc.o
                0x08008244                USBD_FS_ProductStrDescriptor
 .text.USBD_FS_ConfigStrDescriptor
                0x08008260       0x1c ./USB_DEVICE/App/usbd_desc.o
                0x08008260                USBD_FS_ConfigStrDescriptor
 .text.USBD_FS_InterfaceStrDescriptor
                0x0800827c       0x1c ./USB_DEVICE/App/usbd_desc.o
                0x0800827c                USBD_FS_InterfaceStrDescriptor
 .text.USBD_Get_USB_Status
                0x08008298        0xc ./USB_DEVICE/Target/usbd_conf.o
 .text.PCD_ISOINIncompleteCallback
                0x080082a4        0x8 ./USB_DEVICE/Target/usbd_conf.o
 .text.PCD_ISOOUTIncompleteCallback
                0x080082ac        0x8 ./USB_DEVICE/Target/usbd_conf.o
 .text.PCD_DataInStageCallback
                0x080082b4       0x10 ./USB_DEVICE/Target/usbd_conf.o
 .text.PCD_DataOutStageCallback
                0x080082c4       0x12 ./USB_DEVICE/Target/usbd_conf.o
 .text.PCD_DisconnectCallback
                0x080082d6        0x8 ./USB_DEVICE/Target/usbd_conf.o
 .text.PCD_ConnectCallback
                0x080082de        0x8 ./USB_DEVICE/Target/usbd_conf.o
 .text.PCD_ResumeCallback
                0x080082e6        0x8 ./USB_DEVICE/Target/usbd_conf.o
 .text.PCD_ResetCallback
                0x080082ee       0x24 ./USB_DEVICE/Target/usbd_conf.o
 .text.PCD_SetupStageCallback
                0x08008312        0xc ./USB_DEVICE/Target/usbd_conf.o
 .text.PCD_SOFCallback
                0x0800831e        0x8 ./USB_DEVICE/Target/usbd_conf.o
 *fill*         0x08008326        0x2 
 .text.PCD_SuspendCallback
                0x08008328       0x20 ./USB_DEVICE/Target/usbd_conf.o
 .text.HAL_PCD_MspInit
                0x08008348       0x40 ./USB_DEVICE/Target/usbd_conf.o
                0x08008348                HAL_PCD_MspInit
 .text.USBD_LL_Init
                0x08008388      0x114 ./USB_DEVICE/Target/usbd_conf.o
                0x08008388                USBD_LL_Init
 .text.USBD_LL_Start
                0x0800849c       0x12 ./USB_DEVICE/Target/usbd_conf.o
                0x0800849c                USBD_LL_Start
 .text.USBD_LL_OpenEP
                0x080084ae       0x18 ./USB_DEVICE/Target/usbd_conf.o
                0x080084ae                USBD_LL_OpenEP
 .text.USBD_LL_CloseEP
                0x080084c6       0x12 ./USB_DEVICE/Target/usbd_conf.o
                0x080084c6                USBD_LL_CloseEP
 .text.USBD_LL_StallEP
                0x080084d8       0x12 ./USB_DEVICE/Target/usbd_conf.o
                0x080084d8                USBD_LL_StallEP
 .text.USBD_LL_ClearStallEP
                0x080084ea       0x12 ./USB_DEVICE/Target/usbd_conf.o
                0x080084ea                USBD_LL_ClearStallEP
 .text.USBD_LL_IsStallEP
                0x080084fc       0x22 ./USB_DEVICE/Target/usbd_conf.o
                0x080084fc                USBD_LL_IsStallEP
 .text.USBD_LL_SetUSBAddress
                0x0800851e       0x12 ./USB_DEVICE/Target/usbd_conf.o
                0x0800851e                USBD_LL_SetUSBAddress
 .text.USBD_LL_Transmit
                0x08008530       0x12 ./USB_DEVICE/Target/usbd_conf.o
                0x08008530                USBD_LL_Transmit
 .text.USBD_LL_PrepareReceive
                0x08008542       0x12 ./USB_DEVICE/Target/usbd_conf.o
                0x08008542                USBD_LL_PrepareReceive
 .text.USBD_LL_GetRxDataSize
                0x08008554        0x8 ./USB_DEVICE/Target/usbd_conf.o
                0x08008554                USBD_LL_GetRxDataSize
 .text.USBD_static_malloc
                0x0800855c        0x8 ./USB_DEVICE/Target/usbd_conf.o
                0x0800855c                USBD_static_malloc
 .text.USBD_static_free
                0x08008564        0x2 ./USB_DEVICE/Target/usbd_conf.o
                0x08008564                USBD_static_free
 .text.atof     0x08008566        0x6 Z:/ST/STM32CubeIDE_1.18.1/STM32CubeIDE/plugins/com.st.stm32cube.ide.mcu.externaltools.gnu-tools-for-stm32.13.3.rel1.win32_1.0.0.202411081344/tools/bin/../lib/gcc/arm-none-eabi/13.3.1/../../../../arm-none-eabi/lib/thumb/v7-m/nofp\libc_nano.a(libc_a-atof.o)
                0x08008566                atof
 .text.atoi     0x0800856c        0x8 Z:/ST/STM32CubeIDE_1.18.1/STM32CubeIDE/plugins/com.st.stm32cube.ide.mcu.externaltools.gnu-tools-for-stm32.13.3.rel1.win32_1.0.0.202411081344/tools/bin/../lib/gcc/arm-none-eabi/13.3.1/../../../../arm-none-eabi/lib/thumb/v7-m/nofp\libc_nano.a(libc_a-atoi.o)
                0x0800856c                atoi
 .text.sulp     0x08008574       0x42 Z:/ST/STM32CubeIDE_1.18.1/STM32CubeIDE/plugins/com.st.stm32cube.ide.mcu.externaltools.gnu-tools-for-stm32.13.3.rel1.win32_1.0.0.202411081344/tools/bin/../lib/gcc/arm-none-eabi/13.3.1/../../../../arm-none-eabi/lib/thumb/v7-m/nofp\libc_nano.a(libc_a-strtod.o)
 *fill*         0x080085b6        0x2 
 .text._strtod_l
                0x080085b8      0xbb0 Z:/ST/STM32CubeIDE_1.18.1/STM32CubeIDE/plugins/com.st.stm32cube.ide.mcu.externaltools.gnu-tools-for-stm32.13.3.rel1.win32_1.0.0.202411081344/tools/bin/../lib/gcc/arm-none-eabi/13.3.1/../../../../arm-none-eabi/lib/thumb/v7-m/nofp\libc_nano.a(libc_a-strtod.o)
                0x080085b8                _strtod_l
 .text.strtod   0x08009168       0x18 Z:/ST/STM32CubeIDE_1.18.1/STM32CubeIDE/plugins/com.st.stm32cube.ide.mcu.externaltools.gnu-tools-for-stm32.13.3.rel1.win32_1.0.0.202411081344/tools/bin/../lib/gcc/arm-none-eabi/13.3.1/../../../../arm-none-eabi/lib/thumb/v7-m/nofp\libc_nano.a(libc_a-strtod.o)
                0x08009168                strtod
 .text._strtol_l.isra.0
                0x08009180       0xf4 Z:/ST/STM32CubeIDE_1.18.1/STM32CubeIDE/plugins/com.st.stm32cube.ide.mcu.externaltools.gnu-tools-for-stm32.13.3.rel1.win32_1.0.0.202411081344/tools/bin/../lib/gcc/arm-none-eabi/13.3.1/../../../../arm-none-eabi/lib/thumb/v7-m/nofp\libc_nano.a(libc_a-strtol.o)
 .text.strtol   0x08009274       0x14 Z:/ST/STM32CubeIDE_1.18.1/STM32CubeIDE/plugins/com.st.stm32cube.ide.mcu.externaltools.gnu-tools-for-stm32.13.3.rel1.win32_1.0.0.202411081344/tools/bin/../lib/gcc/arm-none-eabi/13.3.1/../../../../arm-none-eabi/lib/thumb/v7-m/nofp\libc_nano.a(libc_a-strtol.o)
                0x08009274                strtol
 .text.std      0x08009288       0x6c Z:/ST/STM32CubeIDE_1.18.1/STM32CubeIDE/plugins/com.st.stm32cube.ide.mcu.externaltools.gnu-tools-for-stm32.13.3.rel1.win32_1.0.0.202411081344/tools/bin/../lib/gcc/arm-none-eabi/13.3.1/../../../../arm-none-eabi/lib/thumb/v7-m/nofp\libc_nano.a(libc_a-findfp.o)
 .text.stdio_exit_handler
                0x080092f4       0x18 Z:/ST/STM32CubeIDE_1.18.1/STM32CubeIDE/plugins/com.st.stm32cube.ide.mcu.externaltools.gnu-tools-for-stm32.13.3.rel1.win32_1.0.0.202411081344/tools/bin/../lib/gcc/arm-none-eabi/13.3.1/../../../../arm-none-eabi/lib/thumb/v7-m/nofp\libc_nano.a(libc_a-findfp.o)
 .text.cleanup_stdio
                0x0800930c       0x40 Z:/ST/STM32CubeIDE_1.18.1/STM32CubeIDE/plugins/com.st.stm32cube.ide.mcu.externaltools.gnu-tools-for-stm32.13.3.rel1.win32_1.0.0.202411081344/tools/bin/../lib/gcc/arm-none-eabi/13.3.1/../../../../arm-none-eabi/lib/thumb/v7-m/nofp\libc_nano.a(libc_a-findfp.o)
 .text.global_stdio_init.part.0
                0x0800934c       0x3c Z:/ST/STM32CubeIDE_1.18.1/STM32CubeIDE/plugins/com.st.stm32cube.ide.mcu.externaltools.gnu-tools-for-stm32.13.3.rel1.win32_1.0.0.202411081344/tools/bin/../lib/gcc/arm-none-eabi/13.3.1/../../../../arm-none-eabi/lib/thumb/v7-m/nofp\libc_nano.a(libc_a-findfp.o)
 .text.__sfp_lock_acquire
                0x08009388        0xc Z:/ST/STM32CubeIDE_1.18.1/STM32CubeIDE/plugins/com.st.stm32cube.ide.mcu.externaltools.gnu-tools-for-stm32.13.3.rel1.win32_1.0.0.202411081344/tools/bin/../lib/gcc/arm-none-eabi/13.3.1/../../../../arm-none-eabi/lib/thumb/v7-m/nofp\libc_nano.a(libc_a-findfp.o)
                0x08009388                __sfp_lock_acquire
 .text.__sfp_lock_release
                0x08009394        0xc Z:/ST/STM32CubeIDE_1.18.1/STM32CubeIDE/plugins/com.st.stm32cube.ide.mcu.externaltools.gnu-tools-for-stm32.13.3.rel1.win32_1.0.0.202411081344/tools/bin/../lib/gcc/arm-none-eabi/13.3.1/../../../../arm-none-eabi/lib/thumb/v7-m/nofp\libc_nano.a(libc_a-findfp.o)
                0x08009394                __sfp_lock_release
 .text.__sinit  0x080093a0       0x30 Z:/ST/STM32CubeIDE_1.18.1/STM32CubeIDE/plugins/com.st.stm32cube.ide.mcu.externaltools.gnu-tools-for-stm32.13.3.rel1.win32_1.0.0.202411081344/tools/bin/../lib/gcc/arm-none-eabi/13.3.1/../../../../arm-none-eabi/lib/thumb/v7-m/nofp\libc_nano.a(libc_a-findfp.o)
                0x080093a0                __sinit
 .text._fwalk_sglue
                0x080093d0       0x3c Z:/ST/STM32CubeIDE_1.18.1/STM32CubeIDE/plugins/com.st.stm32cube.ide.mcu.externaltools.gnu-tools-for-stm32.13.3.rel1.win32_1.0.0.202411081344/tools/bin/../lib/gcc/arm-none-eabi/13.3.1/../../../../arm-none-eabi/lib/thumb/v7-m/nofp\libc_nano.a(libc_a-fwalk.o)
                0x080093d0                _fwalk_sglue
 .text.snprintf
                0x0800940c       0x6c Z:/ST/STM32CubeIDE_1.18.1/STM32CubeIDE/plugins/com.st.stm32cube.ide.mcu.externaltools.gnu-tools-for-stm32.13.3.rel1.win32_1.0.0.202411081344/tools/bin/../lib/gcc/arm-none-eabi/13.3.1/../../../../arm-none-eabi/lib/thumb/v7-m/nofp\libc_nano.a(libc_a-snprintf.o)
                0x0800940c                sniprintf
                0x0800940c                snprintf
 .text.__sread  0x08009478       0x22 Z:/ST/STM32CubeIDE_1.18.1/STM32CubeIDE/plugins/com.st.stm32cube.ide.mcu.externaltools.gnu-tools-for-stm32.13.3.rel1.win32_1.0.0.202411081344/tools/bin/../lib/gcc/arm-none-eabi/13.3.1/../../../../arm-none-eabi/lib/thumb/v7-m/nofp\libc_nano.a(libc_a-stdio.o)
                0x08009478                __sread
 .text.__swrite
                0x0800949a       0x38 Z:/ST/STM32CubeIDE_1.18.1/STM32CubeIDE/plugins/com.st.stm32cube.ide.mcu.externaltools.gnu-tools-for-stm32.13.3.rel1.win32_1.0.0.202411081344/tools/bin/../lib/gcc/arm-none-eabi/13.3.1/../../../../arm-none-eabi/lib/thumb/v7-m/nofp\libc_nano.a(libc_a-stdio.o)
                0x0800949a                __swrite
 .text.__sseek  0x080094d2       0x24 Z:/ST/STM32CubeIDE_1.18.1/STM32CubeIDE/plugins/com.st.stm32cube.ide.mcu.externaltools.gnu-tools-for-stm32.13.3.rel1.win32_1.0.0.202411081344/tools/bin/../lib/gcc/arm-none-eabi/13.3.1/../../../../arm-none-eabi/lib/thumb/v7-m/nofp\libc_nano.a(libc_a-stdio.o)
                0x080094d2                __sseek
 .text.__sclose
                0x080094f6        0x8 Z:/ST/STM32CubeIDE_1.18.1/STM32CubeIDE/plugins/com.st.stm32cube.ide.mcu.externaltools.gnu-tools-for-stm32.13.3.rel1.win32_1.0.0.202411081344/tools/bin/../lib/gcc/arm-none-eabi/13.3.1/../../../../arm-none-eabi/lib/thumb/v7-m/nofp\libc_nano.a(libc_a-stdio.o)
                0x080094f6                __sclose
 .text.memset   0x080094fe       0x10 Z:/ST/STM32CubeIDE_1.18.1/STM32CubeIDE/plugins/com.st.stm32cube.ide.mcu.externaltools.gnu-tools-for-stm32.13.3.rel1.win32_1.0.0.202411081344/tools/bin/../lib/gcc/arm-none-eabi/13.3.1/../../../../arm-none-eabi/lib/thumb/v7-m/nofp\libc_nano.a(libc_a-memset.o)
                0x080094fe                memset
 .text.strncmp  0x0800950e       0x24 Z:/ST/STM32CubeIDE_1.18.1/STM32CubeIDE/plugins/com.st.stm32cube.ide.mcu.externaltools.gnu-tools-for-stm32.13.3.rel1.win32_1.0.0.202411081344/tools/bin/../lib/gcc/arm-none-eabi/13.3.1/../../../../arm-none-eabi/lib/thumb/v7-m/nofp\libc_nano.a(libc_a-strncmp.o)
                0x0800950e                strncmp
 .text.__strtok_r
                0x08009532       0x50 Z:/ST/STM32CubeIDE_1.18.1/STM32CubeIDE/plugins/com.st.stm32cube.ide.mcu.externaltools.gnu-tools-for-stm32.13.3.rel1.win32_1.0.0.202411081344/tools/bin/../lib/gcc/arm-none-eabi/13.3.1/../../../../arm-none-eabi/lib/thumb/v7-m/nofp\libc_nano.a(libc_a-strtok_r.o)
                0x08009532                __strtok_r
 .text.strtok_r
                0x08009582        0x6 Z:/ST/STM32CubeIDE_1.18.1/STM32CubeIDE/plugins/com.st.stm32cube.ide.mcu.externaltools.gnu-tools-for-stm32.13.3.rel1.win32_1.0.0.202411081344/tools/bin/../lib/gcc/arm-none-eabi/13.3.1/../../../../arm-none-eabi/lib/thumb/v7-m/nofp\libc_nano.a(libc_a-strtok_r.o)
                0x08009582                strtok_r
 .text._close_r
                0x08009588       0x20 Z:/ST/STM32CubeIDE_1.18.1/STM32CubeIDE/plugins/com.st.stm32cube.ide.mcu.externaltools.gnu-tools-for-stm32.13.3.rel1.win32_1.0.0.202411081344/tools/bin/../lib/gcc/arm-none-eabi/13.3.1/../../../../arm-none-eabi/lib/thumb/v7-m/nofp\libc_nano.a(libc_a-closer.o)
                0x08009588                _close_r
 .text._lseek_r
                0x080095a8       0x24 Z:/ST/STM32CubeIDE_1.18.1/STM32CubeIDE/plugins/com.st.stm32cube.ide.mcu.externaltools.gnu-tools-for-stm32.13.3.rel1.win32_1.0.0.202411081344/tools/bin/../lib/gcc/arm-none-eabi/13.3.1/../../../../arm-none-eabi/lib/thumb/v7-m/nofp\libc_nano.a(libc_a-lseekr.o)
                0x080095a8                _lseek_r
 .text._read_r  0x080095cc       0x24 Z:/ST/STM32CubeIDE_1.18.1/STM32CubeIDE/plugins/com.st.stm32cube.ide.mcu.externaltools.gnu-tools-for-stm32.13.3.rel1.win32_1.0.0.202411081344/tools/bin/../lib/gcc/arm-none-eabi/13.3.1/../../../../arm-none-eabi/lib/thumb/v7-m/nofp\libc_nano.a(libc_a-readr.o)
                0x080095cc                _read_r
 .text._write_r
                0x080095f0       0x24 Z:/ST/STM32CubeIDE_1.18.1/STM32CubeIDE/plugins/com.st.stm32cube.ide.mcu.externaltools.gnu-tools-for-stm32.13.3.rel1.win32_1.0.0.202411081344/tools/bin/../lib/gcc/arm-none-eabi/13.3.1/../../../../arm-none-eabi/lib/thumb/v7-m/nofp\libc_nano.a(libc_a-writer.o)
                0x080095f0                _write_r
 .text.__errno  0x08009614        0xc Z:/ST/STM32CubeIDE_1.18.1/STM32CubeIDE/plugins/com.st.stm32cube.ide.mcu.externaltools.gnu-tools-for-stm32.13.3.rel1.win32_1.0.0.202411081344/tools/bin/../lib/gcc/arm-none-eabi/13.3.1/../../../../arm-none-eabi/lib/thumb/v7-m/nofp\libc_nano.a(libc_a-errno.o)
                0x08009614                __errno
 .text.__libc_init_array
                0x08009620       0x48 Z:/ST/STM32CubeIDE_1.18.1/STM32CubeIDE/plugins/com.st.stm32cube.ide.mcu.externaltools.gnu-tools-for-stm32.13.3.rel1.win32_1.0.0.202411081344/tools/bin/../lib/gcc/arm-none-eabi/13.3.1/../../../../arm-none-eabi/lib/thumb/v7-m/nofp\libc_nano.a(libc_a-init.o)
                0x08009620                __libc_init_array
 .text.__retarget_lock_init_recursive
                0x08009668        0x2 Z:/ST/STM32CubeIDE_1.18.1/STM32CubeIDE/plugins/com.st.stm32cube.ide.mcu.externaltools.gnu-tools-for-stm32.13.3.rel1.win32_1.0.0.202411081344/tools/bin/../lib/gcc/arm-none-eabi/13.3.1/../../../../arm-none-eabi/lib/thumb/v7-m/nofp\libc_nano.a(libc_a-lock.o)
                0x08009668                __retarget_lock_init_recursive
 .text.__retarget_lock_acquire_recursive
                0x0800966a        0x2 Z:/ST/STM32CubeIDE_1.18.1/STM32CubeIDE/plugins/com.st.stm32cube.ide.mcu.externaltools.gnu-tools-for-stm32.13.3.rel1.win32_1.0.0.202411081344/tools/bin/../lib/gcc/arm-none-eabi/13.3.1/../../../../arm-none-eabi/lib/thumb/v7-m/nofp\libc_nano.a(libc_a-lock.o)
                0x0800966a                __retarget_lock_acquire_recursive
 .text.__retarget_lock_release_recursive
                0x0800966c        0x2 Z:/ST/STM32CubeIDE_1.18.1/STM32CubeIDE/plugins/com.st.stm32cube.ide.mcu.externaltools.gnu-tools-for-stm32.13.3.rel1.win32_1.0.0.202411081344/tools/bin/../lib/gcc/arm-none-eabi/13.3.1/../../../../arm-none-eabi/lib/thumb/v7-m/nofp\libc_nano.a(libc_a-lock.o)
                0x0800966c                __retarget_lock_release_recursive
 .text.memcpy   0x0800966e       0x1c Z:/ST/STM32CubeIDE_1.18.1/STM32CubeIDE/plugins/com.st.stm32cube.ide.mcu.externaltools.gnu-tools-for-stm32.13.3.rel1.win32_1.0.0.202411081344/tools/bin/../lib/gcc/arm-none-eabi/13.3.1/../../../../arm-none-eabi/lib/thumb/v7-m/nofp\libc_nano.a(libc_a-memcpy-stub.o)
                0x0800966e                memcpy
 *fill*         0x0800968a        0x2 
 .text.nan      0x0800968c        0xc Z:/ST/STM32CubeIDE_1.18.1/STM32CubeIDE/plugins/com.st.stm32cube.ide.mcu.externaltools.gnu-tools-for-stm32.13.3.rel1.win32_1.0.0.202411081344/tools/bin/../lib/gcc/arm-none-eabi/13.3.1/../../../../arm-none-eabi/lib/thumb/v7-m/nofp\libc_nano.a(libm_a-s_nan.o)
                0x0800968c                nan
 .text._free_r  0x08009698       0x90 Z:/ST/STM32CubeIDE_1.18.1/STM32CubeIDE/plugins/com.st.stm32cube.ide.mcu.externaltools.gnu-tools-for-stm32.13.3.rel1.win32_1.0.0.202411081344/tools/bin/../lib/gcc/arm-none-eabi/13.3.1/../../../../arm-none-eabi/lib/thumb/v7-m/nofp\libc_nano.a(libc_a-freer.o)
                0x08009698                _free_r
 .text.rshift   0x08009728       0xa6 Z:/ST/STM32CubeIDE_1.18.1/STM32CubeIDE/plugins/com.st.stm32cube.ide.mcu.externaltools.gnu-tools-for-stm32.13.3.rel1.win32_1.0.0.202411081344/tools/bin/../lib/gcc/arm-none-eabi/13.3.1/../../../../arm-none-eabi/lib/thumb/v7-m/nofp\libc_nano.a(libc_a-gdtoa-gethex.o)
 .text.__hexdig_fun
                0x080097ce       0x2a Z:/ST/STM32CubeIDE_1.18.1/STM32CubeIDE/plugins/com.st.stm32cube.ide.mcu.externaltools.gnu-tools-for-stm32.13.3.rel1.win32_1.0.0.202411081344/tools/bin/../lib/gcc/arm-none-eabi/13.3.1/../../../../arm-none-eabi/lib/thumb/v7-m/nofp\libc_nano.a(libc_a-gdtoa-gethex.o)
                0x080097ce                __hexdig_fun
 .text.__gethex
                0x080097f8      0x420 Z:/ST/STM32CubeIDE_1.18.1/STM32CubeIDE/plugins/com.st.stm32cube.ide.mcu.externaltools.gnu-tools-for-stm32.13.3.rel1.win32_1.0.0.202411081344/tools/bin/../lib/gcc/arm-none-eabi/13.3.1/../../../../arm-none-eabi/lib/thumb/v7-m/nofp\libc_nano.a(libc_a-gdtoa-gethex.o)
                0x080097f8                __gethex
 .text.L_shift  0x08009c18       0x24 Z:/ST/STM32CubeIDE_1.18.1/STM32CubeIDE/plugins/com.st.stm32cube.ide.mcu.externaltools.gnu-tools-for-stm32.13.3.rel1.win32_1.0.0.202411081344/tools/bin/../lib/gcc/arm-none-eabi/13.3.1/../../../../arm-none-eabi/lib/thumb/v7-m/nofp\libc_nano.a(libc_a-gdtoa-hexnan.o)
 .text.__match  0x08009c3c       0x28 Z:/ST/STM32CubeIDE_1.18.1/STM32CubeIDE/plugins/com.st.stm32cube.ide.mcu.externaltools.gnu-tools-for-stm32.13.3.rel1.win32_1.0.0.202411081344/tools/bin/../lib/gcc/arm-none-eabi/13.3.1/../../../../arm-none-eabi/lib/thumb/v7-m/nofp\libc_nano.a(libc_a-gdtoa-hexnan.o)
                0x08009c3c                __match
 .text.__hexnan
                0x08009c64      0x136 Z:/ST/STM32CubeIDE_1.18.1/STM32CubeIDE/plugins/com.st.stm32cube.ide.mcu.externaltools.gnu-tools-for-stm32.13.3.rel1.win32_1.0.0.202411081344/tools/bin/../lib/gcc/arm-none-eabi/13.3.1/../../../../arm-none-eabi/lib/thumb/v7-m/nofp\libc_nano.a(libc_a-gdtoa-hexnan.o)
                0x08009c64                __hexnan
 *fill*         0x08009d9a        0x2 
 .text.sbrk_aligned
                0x08009d9c       0x44 Z:/ST/STM32CubeIDE_1.18.1/STM32CubeIDE/plugins/com.st.stm32cube.ide.mcu.externaltools.gnu-tools-for-stm32.13.3.rel1.win32_1.0.0.202411081344/tools/bin/../lib/gcc/arm-none-eabi/13.3.1/../../../../arm-none-eabi/lib/thumb/v7-m/nofp\libc_nano.a(libc_a-mallocr.o)
 .text._malloc_r
                0x08009de0      0x100 Z:/ST/STM32CubeIDE_1.18.1/STM32CubeIDE/plugins/com.st.stm32cube.ide.mcu.externaltools.gnu-tools-for-stm32.13.3.rel1.win32_1.0.0.202411081344/tools/bin/../lib/gcc/arm-none-eabi/13.3.1/../../../../arm-none-eabi/lib/thumb/v7-m/nofp\libc_nano.a(libc_a-mallocr.o)
                0x08009de0                _malloc_r
 .text.__ascii_mbtowc
                0x08009ee0       0x24 Z:/ST/STM32CubeIDE_1.18.1/STM32CubeIDE/plugins/com.st.stm32cube.ide.mcu.externaltools.gnu-tools-for-stm32.13.3.rel1.win32_1.0.0.202411081344/tools/bin/../lib/gcc/arm-none-eabi/13.3.1/../../../../arm-none-eabi/lib/thumb/v7-m/nofp\libc_nano.a(libc_a-mbtowc_r.o)
                0x08009ee0                __ascii_mbtowc
 .text.__malloc_lock
                0x08009f04        0xc Z:/ST/STM32CubeIDE_1.18.1/STM32CubeIDE/plugins/com.st.stm32cube.ide.mcu.externaltools.gnu-tools-for-stm32.13.3.rel1.win32_1.0.0.202411081344/tools/bin/../lib/gcc/arm-none-eabi/13.3.1/../../../../arm-none-eabi/lib/thumb/v7-m/nofp\libc_nano.a(libc_a-mlock.o)
                0x08009f04                __malloc_lock
 .text.__malloc_unlock
                0x08009f10        0xc Z:/ST/STM32CubeIDE_1.18.1/STM32CubeIDE/plugins/com.st.stm32cube.ide.mcu.externaltools.gnu-tools-for-stm32.13.3.rel1.win32_1.0.0.202411081344/tools/bin/../lib/gcc/arm-none-eabi/13.3.1/../../../../arm-none-eabi/lib/thumb/v7-m/nofp\libc_nano.a(libc_a-mlock.o)
                0x08009f10                __malloc_unlock
 .text._Balloc  0x08009f1c       0x80 Z:/ST/STM32CubeIDE_1.18.1/STM32CubeIDE/plugins/com.st.stm32cube.ide.mcu.externaltools.gnu-tools-for-stm32.13.3.rel1.win32_1.0.0.202411081344/tools/bin/../lib/gcc/arm-none-eabi/13.3.1/../../../../arm-none-eabi/lib/thumb/v7-m/nofp\libc_nano.a(libc_a-mprec.o)
                0x08009f1c                _Balloc
 .text._Bfree   0x08009f9c       0x44 Z:/ST/STM32CubeIDE_1.18.1/STM32CubeIDE/plugins/com.st.stm32cube.ide.mcu.externaltools.gnu-tools-for-stm32.13.3.rel1.win32_1.0.0.202411081344/tools/bin/../lib/gcc/arm-none-eabi/13.3.1/../../../../arm-none-eabi/lib/thumb/v7-m/nofp\libc_nano.a(libc_a-mprec.o)
                0x08009f9c                _Bfree
 .text.__multadd
                0x08009fe0       0x8c Z:/ST/STM32CubeIDE_1.18.1/STM32CubeIDE/plugins/com.st.stm32cube.ide.mcu.externaltools.gnu-tools-for-stm32.13.3.rel1.win32_1.0.0.202411081344/tools/bin/../lib/gcc/arm-none-eabi/13.3.1/../../../../arm-none-eabi/lib/thumb/v7-m/nofp\libc_nano.a(libc_a-mprec.o)
                0x08009fe0                __multadd
 .text.__s2b    0x0800a06c       0x94 Z:/ST/STM32CubeIDE_1.18.1/STM32CubeIDE/plugins/com.st.stm32cube.ide.mcu.externaltools.gnu-tools-for-stm32.13.3.rel1.win32_1.0.0.202411081344/tools/bin/../lib/gcc/arm-none-eabi/13.3.1/../../../../arm-none-eabi/lib/thumb/v7-m/nofp\libc_nano.a(libc_a-mprec.o)
                0x0800a06c                __s2b
 .text.__hi0bits
                0x0800a100       0x3e Z:/ST/STM32CubeIDE_1.18.1/STM32CubeIDE/plugins/com.st.stm32cube.ide.mcu.externaltools.gnu-tools-for-stm32.13.3.rel1.win32_1.0.0.202411081344/tools/bin/../lib/gcc/arm-none-eabi/13.3.1/../../../../arm-none-eabi/lib/thumb/v7-m/nofp\libc_nano.a(libc_a-mprec.o)
                0x0800a100                __hi0bits
 .text.__lo0bits
                0x0800a13e       0x5a Z:/ST/STM32CubeIDE_1.18.1/STM32CubeIDE/plugins/com.st.stm32cube.ide.mcu.externaltools.gnu-tools-for-stm32.13.3.rel1.win32_1.0.0.202411081344/tools/bin/../lib/gcc/arm-none-eabi/13.3.1/../../../../arm-none-eabi/lib/thumb/v7-m/nofp\libc_nano.a(libc_a-mprec.o)
                0x0800a13e                __lo0bits
 .text.__i2b    0x0800a198       0x2c Z:/ST/STM32CubeIDE_1.18.1/STM32CubeIDE/plugins/com.st.stm32cube.ide.mcu.externaltools.gnu-tools-for-stm32.13.3.rel1.win32_1.0.0.202411081344/tools/bin/../lib/gcc/arm-none-eabi/13.3.1/../../../../arm-none-eabi/lib/thumb/v7-m/nofp\libc_nano.a(libc_a-mprec.o)
                0x0800a198                __i2b
 .text.__multiply
                0x0800a1c4      0x144 Z:/ST/STM32CubeIDE_1.18.1/STM32CubeIDE/plugins/com.st.stm32cube.ide.mcu.externaltools.gnu-tools-for-stm32.13.3.rel1.win32_1.0.0.202411081344/tools/bin/../lib/gcc/arm-none-eabi/13.3.1/../../../../arm-none-eabi/lib/thumb/v7-m/nofp\libc_nano.a(libc_a-mprec.o)
                0x0800a1c4                __multiply
 .text.__pow5mult
                0x0800a308       0xb4 Z:/ST/STM32CubeIDE_1.18.1/STM32CubeIDE/plugins/com.st.stm32cube.ide.mcu.externaltools.gnu-tools-for-stm32.13.3.rel1.win32_1.0.0.202411081344/tools/bin/../lib/gcc/arm-none-eabi/13.3.1/../../../../arm-none-eabi/lib/thumb/v7-m/nofp\libc_nano.a(libc_a-mprec.o)
                0x0800a308                __pow5mult
 .text.__lshift
                0x0800a3bc       0xd8 Z:/ST/STM32CubeIDE_1.18.1/STM32CubeIDE/plugins/com.st.stm32cube.ide.mcu.externaltools.gnu-tools-for-stm32.13.3.rel1.win32_1.0.0.202411081344/tools/bin/../lib/gcc/arm-none-eabi/13.3.1/../../../../arm-none-eabi/lib/thumb/v7-m/nofp\libc_nano.a(libc_a-mprec.o)
                0x0800a3bc                __lshift
 .text.__mcmp   0x0800a494       0x36 Z:/ST/STM32CubeIDE_1.18.1/STM32CubeIDE/plugins/com.st.stm32cube.ide.mcu.externaltools.gnu-tools-for-stm32.13.3.rel1.win32_1.0.0.202411081344/tools/bin/../lib/gcc/arm-none-eabi/13.3.1/../../../../arm-none-eabi/lib/thumb/v7-m/nofp\libc_nano.a(libc_a-mprec.o)
                0x0800a494                __mcmp
 *fill*         0x0800a4ca        0x2 
 .text.__mdiff  0x0800a4cc      0x128 Z:/ST/STM32CubeIDE_1.18.1/STM32CubeIDE/plugins/com.st.stm32cube.ide.mcu.externaltools.gnu-tools-for-stm32.13.3.rel1.win32_1.0.0.202411081344/tools/bin/../lib/gcc/arm-none-eabi/13.3.1/../../../../arm-none-eabi/lib/thumb/v7-m/nofp\libc_nano.a(libc_a-mprec.o)
                0x0800a4cc                __mdiff
 .text.__ulp    0x0800a5f4       0x40 Z:/ST/STM32CubeIDE_1.18.1/STM32CubeIDE/plugins/com.st.stm32cube.ide.mcu.externaltools.gnu-tools-for-stm32.13.3.rel1.win32_1.0.0.202411081344/tools/bin/../lib/gcc/arm-none-eabi/13.3.1/../../../../arm-none-eabi/lib/thumb/v7-m/nofp\libc_nano.a(libc_a-mprec.o)
                0x0800a5f4                __ulp
 .text.__b2d    0x0800a634       0x90 Z:/ST/STM32CubeIDE_1.18.1/STM32CubeIDE/plugins/com.st.stm32cube.ide.mcu.externaltools.gnu-tools-for-stm32.13.3.rel1.win32_1.0.0.202411081344/tools/bin/../lib/gcc/arm-none-eabi/13.3.1/../../../../arm-none-eabi/lib/thumb/v7-m/nofp\libc_nano.a(libc_a-mprec.o)
                0x0800a634                __b2d
 .text.__d2b    0x0800a6c4       0xb0 Z:/ST/STM32CubeIDE_1.18.1/STM32CubeIDE/plugins/com.st.stm32cube.ide.mcu.externaltools.gnu-tools-for-stm32.13.3.rel1.win32_1.0.0.202411081344/tools/bin/../lib/gcc/arm-none-eabi/13.3.1/../../../../arm-none-eabi/lib/thumb/v7-m/nofp\libc_nano.a(libc_a-mprec.o)
                0x0800a6c4                __d2b
 .text.__ratio  0x0800a774       0x60 Z:/ST/STM32CubeIDE_1.18.1/STM32CubeIDE/plugins/com.st.stm32cube.ide.mcu.externaltools.gnu-tools-for-stm32.13.3.rel1.win32_1.0.0.202411081344/tools/bin/../lib/gcc/arm-none-eabi/13.3.1/../../../../arm-none-eabi/lib/thumb/v7-m/nofp\libc_nano.a(libc_a-mprec.o)
                0x0800a774                __ratio
 .text.__copybits
                0x0800a7d4       0x46 Z:/ST/STM32CubeIDE_1.18.1/STM32CubeIDE/plugins/com.st.stm32cube.ide.mcu.externaltools.gnu-tools-for-stm32.13.3.rel1.win32_1.0.0.202411081344/tools/bin/../lib/gcc/arm-none-eabi/13.3.1/../../../../arm-none-eabi/lib/thumb/v7-m/nofp\libc_nano.a(libc_a-mprec.o)
                0x0800a7d4                __copybits
 .text.__any_on
                0x0800a81a       0x42 Z:/ST/STM32CubeIDE_1.18.1/STM32CubeIDE/plugins/com.st.stm32cube.ide.mcu.externaltools.gnu-tools-for-stm32.13.3.rel1.win32_1.0.0.202411081344/tools/bin/../lib/gcc/arm-none-eabi/13.3.1/../../../../arm-none-eabi/lib/thumb/v7-m/nofp\libc_nano.a(libc_a-mprec.o)
                0x0800a81a                __any_on
 .text.__ascii_wctomb
                0x0800a85c       0x1a Z:/ST/STM32CubeIDE_1.18.1/STM32CubeIDE/plugins/com.st.stm32cube.ide.mcu.externaltools.gnu-tools-for-stm32.13.3.rel1.win32_1.0.0.202411081344/tools/bin/../lib/gcc/arm-none-eabi/13.3.1/../../../../arm-none-eabi/lib/thumb/v7-m/nofp\libc_nano.a(libc_a-wctomb_r.o)
                0x0800a85c                __ascii_wctomb
 .text.__ssputs_r
                0x0800a876       0xb6 Z:/ST/STM32CubeIDE_1.18.1/STM32CubeIDE/plugins/com.st.stm32cube.ide.mcu.externaltools.gnu-tools-for-stm32.13.3.rel1.win32_1.0.0.202411081344/tools/bin/../lib/gcc/arm-none-eabi/13.3.1/../../../../arm-none-eabi/lib/thumb/v7-m/nofp\libc_nano.a(libc_a-nano-svfprintf.o)
                0x0800a876                __ssputs_r
 .text._svfprintf_r
                0x0800a92c      0x1f8 Z:/ST/STM32CubeIDE_1.18.1/STM32CubeIDE/plugins/com.st.stm32cube.ide.mcu.externaltools.gnu-tools-for-stm32.13.3.rel1.win32_1.0.0.202411081344/tools/bin/../lib/gcc/arm-none-eabi/13.3.1/../../../../arm-none-eabi/lib/thumb/v7-m/nofp\libc_nano.a(libc_a-nano-svfprintf.o)
                0x0800a92c                _svfiprintf_r
                0x0800a92c                _svfprintf_r
 .text._printf_common
                0x0800ab24       0xe4 Z:/ST/STM32CubeIDE_1.18.1/STM32CubeIDE/plugins/com.st.stm32cube.ide.mcu.externaltools.gnu-tools-for-stm32.13.3.rel1.win32_1.0.0.202411081344/tools/bin/../lib/gcc/arm-none-eabi/13.3.1/../../../../arm-none-eabi/lib/thumb/v7-m/nofp\libc_nano.a(libc_a-nano-vfprintf_i.o)
                0x0800ab24                _printf_common
 .text._printf_i
                0x0800ac08      0x23c Z:/ST/STM32CubeIDE_1.18.1/STM32CubeIDE/plugins/com.st.stm32cube.ide.mcu.externaltools.gnu-tools-for-stm32.13.3.rel1.win32_1.0.0.202411081344/tools/bin/../lib/gcc/arm-none-eabi/13.3.1/../../../../arm-none-eabi/lib/thumb/v7-m/nofp\libc_nano.a(libc_a-nano-vfprintf_i.o)
                0x0800ac08                _printf_i
 .text.__sflush_r
                0x0800ae44      0x100 Z:/ST/STM32CubeIDE_1.18.1/STM32CubeIDE/plugins/com.st.stm32cube.ide.mcu.externaltools.gnu-tools-for-stm32.13.3.rel1.win32_1.0.0.202411081344/tools/bin/../lib/gcc/arm-none-eabi/13.3.1/../../../../arm-none-eabi/lib/thumb/v7-m/nofp\libc_nano.a(libc_a-fflush.o)
                0x0800ae44                __sflush_r
 .text._fflush_r
                0x0800af44       0x50 Z:/ST/STM32CubeIDE_1.18.1/STM32CubeIDE/plugins/com.st.stm32cube.ide.mcu.externaltools.gnu-tools-for-stm32.13.3.rel1.win32_1.0.0.202411081344/tools/bin/../lib/gcc/arm-none-eabi/13.3.1/../../../../arm-none-eabi/lib/thumb/v7-m/nofp\libc_nano.a(libc_a-fflush.o)
                0x0800af44                _fflush_r
 .text.memmove  0x0800af94       0x34 Z:/ST/STM32CubeIDE_1.18.1/STM32CubeIDE/plugins/com.st.stm32cube.ide.mcu.externaltools.gnu-tools-for-stm32.13.3.rel1.win32_1.0.0.202411081344/tools/bin/../lib/gcc/arm-none-eabi/13.3.1/../../../../arm-none-eabi/lib/thumb/v7-m/nofp\libc_nano.a(libc_a-memmove.o)
                0x0800af94                memmove
 .text._sbrk_r  0x0800afc8       0x20 Z:/ST/STM32CubeIDE_1.18.1/STM32CubeIDE/plugins/com.st.stm32cube.ide.mcu.externaltools.gnu-tools-for-stm32.13.3.rel1.win32_1.0.0.202411081344/tools/bin/../lib/gcc/arm-none-eabi/13.3.1/../../../../arm-none-eabi/lib/thumb/v7-m/nofp\libc_nano.a(libc_a-sbrkr.o)
                0x0800afc8                _sbrk_r
 .text.memchr   0x0800afe8       0x1c Z:/ST/STM32CubeIDE_1.18.1/STM32CubeIDE/plugins/com.st.stm32cube.ide.mcu.externaltools.gnu-tools-for-stm32.13.3.rel1.win32_1.0.0.202411081344/tools/bin/../lib/gcc/arm-none-eabi/13.3.1/../../../../arm-none-eabi/lib/thumb/v7-m/nofp\libc_nano.a(libc_a-memchr-stub.o)
                0x0800afe8                memchr
 .text.__assert_func