Archive member included to satisfy reference by file (symbol)

C:/Program Files/STM32CubeIDE_1.18.1/STM32CubeIDE/plugins/com.st.stm32cube.ide.mcu.externaltools.gnu-tools-for-stm32.13.3.rel1.win32_1.0.0.202411081344/tools/bin/../lib/gcc/arm-none-eabi/13.3.1/../../../../arm-none-eabi/lib/thumb/v7-m/nofp\libc_nano.a(libc_a-atof.o)
                              ./Core/Src/gps.o (atof)
C:/Program Files/STM32CubeIDE_1.18.1/STM32CubeIDE/plugins/com.st.stm32cube.ide.mcu.externaltools.gnu-tools-for-stm32.13.3.rel1.win32_1.0.0.202411081344/tools/bin/../lib/gcc/arm-none-eabi/13.3.1/../../../../arm-none-eabi/lib/thumb/v7-m/nofp\libc_nano.a(libc_a-atoi.o)
                              ./Core/Src/gps.o (atoi)
C:/Program Files/STM32CubeIDE_1.18.1/STM32CubeIDE/plugins/com.st.stm32cube.ide.mcu.externaltools.gnu-tools-for-stm32.13.3.rel1.win32_1.0.0.202411081344/tools/bin/../lib/gcc/arm-none-eabi/13.3.1/../../../../arm-none-eabi/lib/thumb/v7-m/nofp\libc_nano.a(libc_a-exit.o)
                              C:/Program Files/STM32CubeIDE_1.18.1/STM32CubeIDE/plugins/com.st.stm32cube.ide.mcu.externaltools.gnu-tools-for-stm32.13.3.rel1.win32_1.0.0.202411081344/tools/bin/../lib/gcc/arm-none-eabi/13.3.1/../../../../arm-none-eabi/lib/thumb/v7-m/nofp/crt0.o (exit)
C:/Program Files/STM32CubeIDE_1.18.1/STM32CubeIDE/plugins/com.st.stm32cube.ide.mcu.externaltools.gnu-tools-for-stm32.13.3.rel1.win32_1.0.0.202411081344/tools/bin/../lib/gcc/arm-none-eabi/13.3.1/../../../../arm-none-eabi/lib/thumb/v7-m/nofp\libc_nano.a(libc_a-strtod.o)
                              C:/Program Files/STM32CubeIDE_1.18.1/STM32CubeIDE/plugins/com.st.stm32cube.ide.mcu.externaltools.gnu-tools-for-stm32.13.3.rel1.win32_1.0.0.202411081344/tools/bin/../lib/gcc/arm-none-eabi/13.3.1/../../../../arm-none-eabi/lib/thumb/v7-m/nofp\libc_nano.a(libc_a-atof.o) (strtod)
C:/Program Files/STM32CubeIDE_1.18.1/STM32CubeIDE/plugins/com.st.stm32cube.ide.mcu.externaltools.gnu-tools-for-stm32.13.3.rel1.win32_1.0.0.202411081344/tools/bin/../lib/gcc/arm-none-eabi/13.3.1/../../../../arm-none-eabi/lib/thumb/v7-m/nofp\libc_nano.a(libc_a-strtol.o)
                              C:/Program Files/STM32CubeIDE_1.18.1/STM32CubeIDE/plugins/com.st.stm32cube.ide.mcu.externaltools.gnu-tools-for-stm32.13.3.rel1.win32_1.0.0.202411081344/tools/bin/../lib/gcc/arm-none-eabi/13.3.1/../../../../arm-none-eabi/lib/thumb/v7-m/nofp\libc_nano.a(libc_a-atoi.o) (_strtol_r)
C:/Program Files/STM32CubeIDE_1.18.1/STM32CubeIDE/plugins/com.st.stm32cube.ide.mcu.externaltools.gnu-tools-for-stm32.13.3.rel1.win32_1.0.0.202411081344/tools/bin/../lib/gcc/arm-none-eabi/13.3.1/../../../../arm-none-eabi/lib/thumb/v7-m/nofp\libc_nano.a(libc_a-ctype_.o)
                              C:/Program Files/STM32CubeIDE_1.18.1/STM32CubeIDE/plugins/com.st.stm32cube.ide.mcu.externaltools.gnu-tools-for-stm32.13.3.rel1.win32_1.0.0.202411081344/tools/bin/../lib/gcc/arm-none-eabi/13.3.1/../../../../arm-none-eabi/lib/thumb/v7-m/nofp\libc_nano.a(libc_a-strtol.o) (_ctype_)
C:/Program Files/STM32CubeIDE_1.18.1/STM32CubeIDE/plugins/com.st.stm32cube.ide.mcu.externaltools.gnu-tools-for-stm32.13.3.rel1.win32_1.0.0.202411081344/tools/bin/../lib/gcc/arm-none-eabi/13.3.1/../../../../arm-none-eabi/lib/thumb/v7-m/nofp\libc_nano.a(libc_a-findfp.o)
                              C:/Program Files/STM32CubeIDE_1.18.1/STM32CubeIDE/plugins/com.st.stm32cube.ide.mcu.externaltools.gnu-tools-for-stm32.13.3.rel1.win32_1.0.0.202411081344/tools/bin/../lib/gcc/arm-none-eabi/13.3.1/../../../../arm-none-eabi/lib/thumb/v7-m/nofp\libc_nano.a(libc_a-exit.o) (__stdio_exit_handler)
C:/Program Files/STM32CubeIDE_1.18.1/STM32CubeIDE/plugins/com.st.stm32cube.ide.mcu.externaltools.gnu-tools-for-stm32.13.3.rel1.win32_1.0.0.202411081344/tools/bin/../lib/gcc/arm-none-eabi/13.3.1/../../../../arm-none-eabi/lib/thumb/v7-m/nofp\libc_nano.a(libc_a-fwalk.o)
                              C:/Program Files/STM32CubeIDE_1.18.1/STM32CubeIDE/plugins/com.st.stm32cube.ide.mcu.externaltools.gnu-tools-for-stm32.13.3.rel1.win32_1.0.0.202411081344/tools/bin/../lib/gcc/arm-none-eabi/13.3.1/../../../../arm-none-eabi/lib/thumb/v7-m/nofp\libc_nano.a(libc_a-findfp.o) (_fwalk_sglue)
C:/Program Files/STM32CubeIDE_1.18.1/STM32CubeIDE/plugins/com.st.stm32cube.ide.mcu.externaltools.gnu-tools-for-stm32.13.3.rel1.win32_1.0.0.202411081344/tools/bin/../lib/gcc/arm-none-eabi/13.3.1/../../../../arm-none-eabi/lib/thumb/v7-m/nofp\libc_nano.a(libc_a-snprintf.o)
                              ./Core/Src/usb_cdc.o (snprintf)
C:/Program Files/STM32CubeIDE_1.18.1/STM32CubeIDE/plugins/com.st.stm32cube.ide.mcu.externaltools.gnu-tools-for-stm32.13.3.rel1.win32_1.0.0.202411081344/tools/bin/../lib/gcc/arm-none-eabi/13.3.1/../../../../arm-none-eabi/lib/thumb/v7-m/nofp\libc_nano.a(libc_a-stdio.o)
[...]
Memory Configuration

Name             Origin             Length             Attributes
RAM              0x20000000         0x00005000         xrw
FLASH            0x08000000         0x00010000         xr
*default*        0x00000000         0xffffffff

Linker script and memory map

LOAD C:/Program Files/STM32CubeIDE_1.18.1/STM32CubeIDE/plugins/com.st.stm32cube.ide.mcu.externaltools.gnu-tools-for-stm32.13.3.rel1.win32_1.0.0.202411081344/tools/bin/../lib/gcc/arm-none-eabi/13.3.1/thumb/v7-m/nofp/crti.o
LOAD C:/Program Files/STM32CubeIDE_1.18.1/STM32CubeIDE/plugins/com.st.stm32cube.ide.mcu.externaltools.gnu-tools-for-stm32.13.3.rel1.win32_1.0.0.202411081344/tools/bin/../lib/gcc/arm-none-eabi/13.3.1/thumb/v7-m/nofp/crtbegin.o
LOAD C:/Program Files/STM32CubeIDE_1.18.1/STM32CubeIDE/plugins/com.st.stm32cube.ide.mcu.externaltools.gnu-tools-for-stm32.13.3.rel1.win32_1.0.0.202411081344/tools/bin/../lib/gcc/arm-none-eabi/13.3.1/../../../../arm-none-eabi/lib/thumb/v7-m/nofp/crt0.o
LOAD ./Core/Src/adc.o
LOAD ./Core/Src/gpio.o
LOAD ./Core/Src/gps.o
LOAD ./Core/Src/hall_sensors.o
LOAD ./Core/Src/i2c.o
LOAD ./Core/Src/imu.o
LOAD ./Core/Src/main.o
LOAD ./Core/Src/motor_control.o
LOAD ./Core/Src/stm32f1xx_hal_msp.o
LOAD ./Core/Src/stm32f1xx_it.o
LOAD ./Core/Src/syscalls.o
LOAD ./Core/Src/sysmem.o
LOAD ./Core/Src/system_stm32f1xx.o
LOAD ./Core/Src/tim.o
LOAD ./Core/Src/usart.o
LOAD ./Core/Src/usb_cdc.o
LOAD ./Core/Startup/startup_stm32f103c8tx.o
LOAD ./Drivers/STM32F1xx_HAL_Driver/Src/stm32f1xx_hal.o
LOAD ./Drivers/STM32F1xx_HAL_Driver/Src/stm32f1xx_hal_adc.o
LOAD ./Drivers/STM32F1xx_HAL_Driver/Src/stm32f1xx_hal_adc_ex.o
LOAD ./Drivers/STM32F1xx_HAL_Driver/Src/stm32f1xx_hal_cortex.o
LOAD ./Drivers/STM32F1xx_HAL_Driver/Src/stm32f1xx_hal_dma.o
LOAD ./Drivers/STM32F1xx_HAL_Driver/Src/stm32f1xx_hal_exti.o
LOAD ./Drivers/STM32F1xx_HAL_Driver/Src/stm32f1xx_hal_flash.o
LOAD ./Drivers/STM32F1xx_HAL_Driver/Src/stm32f1xx_hal_flash_ex.o
LOAD ./Drivers/STM32F1xx_HAL_Driver/Src/stm32f1xx_hal_gpio.o
LOAD ./Drivers/STM32F1xx_HAL_Driver/Src/stm32f1xx_hal_gpio_ex.o
LOAD ./Drivers/STM32F1xx_HAL_Driver/Src/stm32f1xx_hal_i2c.o
LOAD ./Drivers/STM32F1xx_HAL_Driver/Src/stm32f1xx_hal_pcd.o
LOAD ./Drivers/STM32F1xx_HAL_Driver/Src/stm32f1xx_hal_pcd_ex.o
LOAD ./Drivers/STM32F1xx_HAL_Driver/Src/stm32f1xx_hal_pwr.o
LOAD ./Drivers/STM32F1xx_HAL_Driver/Src/stm32f1xx_hal_rcc.o
LOAD ./Drivers/STM32F1xx_HAL_Driver/Src/stm32f1xx_hal_rcc_ex.o
LOAD ./Drivers/STM32F1xx_HAL_Driver/Src/stm32f1xx_hal_tim.o
LOAD ./Drivers/STM32F1xx_HAL_Driver/Src/stm32f1xx_hal_tim_ex.o
LOAD ./Drivers/STM32F1xx_HAL_Driver/Src/stm32f1xx_hal_uart.o
LOAD ./Drivers/STM32F1xx_HAL_Driver/Src/stm32f1xx_ll_usb.o
LOAD ./Middlewares/ST/STM32_USB_Device_Library/Class/CDC/Src/usbd_cdc.o
LOAD ./Middlewares/ST/STM32_USB_Device_Library/Core/Src/usbd_core.o
LOAD ./Middlewares/ST/STM32_USB_Device_Library/Core/Src/usbd_ctlreq.o
LOAD ./Middlewares/ST/STM32_USB_Device_Library/Core/Src/usbd_ioreq.o
LOAD ./USB_DEVICE/App/usb_device.o
LOAD ./USB_DEVICE/App/usbd_cdc_if.o
LOAD ./USB_DEVICE/App/usbd_desc.o
LOAD ./USB_DEVICE/Target/usbd_conf.o
START GROUP
LOAD C:/Program Files/STM32CubeIDE_1.18.1/STM32CubeIDE/plugins/com.st.stm32cube.ide.mcu.externaltools.gnu-tools-for-stm32.13.3.rel1.win32_1.0.0.202411081344/tools/bin/../lib/gcc/arm-none-eabi/13.3.1/../../../../arm-none-eabi/lib/thumb/v7-m/nofp\libc_nano.a
LOAD C:/Program Files/STM32CubeIDE_1.18.1/STM32CubeIDE/plugins/com.st.stm32cube.ide.mcu.externaltools.gnu-tools-for-stm32.13.3.rel1.win32_1.0.0.202411081344/tools/bin/../lib/gcc/arm-none-eabi/13.3.1/../../../../arm-none-eabi/lib/thumb/v7-m/nofp\libm.a
END GROUP
START GROUP
LOAD C:/Program Files/STM32CubeIDE_1.18.1/STM32CubeIDE/plugins/com.st.stm32cube.ide.mcu.externaltools.gnu-tools-for-stm32.13.3.rel1.win32_1.0.0.202411081344/tools/bin/../lib/gcc/arm-none-eabi/13.3.1/thumb/v7-m/nofp\libgcc.a
LOAD C:/Program Files/STM32CubeIDE_1.18.1/STM32CubeIDE/plugins/com.st.stm32cube.ide.mcu.externaltools.gnu-tools-for-stm32.13.3.rel1.win32_1.0.0.202411081344/tools/bin/../lib/gcc/arm-none-eabi/13.3.1/../../../../arm-none-eabi/lib/thumb/v7-m/nofp\libc_nano.a
END GROUP
START GROUP
LOAD C:/Program Files/STM32CubeIDE_1.18.1/STM32CubeIDE/plugins/com.st.stm32cube.ide.mcu.externaltools.gnu-tools-for-stm32.13.3.rel1.win32_1.0.0.202411081344/tools/bin/../lib/gcc/arm-none-eabi/13.3.1/thumb/v7-m/nofp\libgcc.a
LOAD C:/Program Files/STM32CubeIDE_1.18.1/STM32CubeIDE/plugins/com.st.stm32cube.ide.mcu.externaltools.gnu-tools-for-stm32.13.3.rel1.win32_1.0.0.202411081344/tools/bin/../lib/gcc/arm-none-eabi/13.3.1/../../../../arm-none-eabi/lib/thumb/v7-m/nofp\libc_nano.a
LOAD C:/Program Files/STM32CubeIDE_1.18.1/STM32CubeIDE/plugins/com.st.stm32cube.ide.mcu.externaltools.gnu-tools-for-stm32.13.3.rel1.win32_1.0.0.202411081344/tools/bin/../lib/gcc/arm-none-eabi/13.3.1/../../../../arm-none-eabi/lib/thumb/v7-m/nofp\libnosys.a
END GROUP
START GROUP
LOAD C:/Program Files/STM32CubeIDE_1.18.1/STM32CubeIDE/plugins/com.st.stm32cube.ide.mcu.externaltools.gnu-tools-for-stm32.13.3.rel1.win32_1.0.0.202411081344/tools/bin/../lib/gcc/arm-none-eabi/13.3.1/thumb/v7-m/nofp\libgcc.a
LOAD C:/Program Files/STM32CubeIDE_1.18.1/STM32CubeIDE/plugins/com.st.stm32cube.ide.mcu.externaltools.gnu-tools-for-stm32.13.3.rel1.win32_1.0.0.202411081344/tools/bin/../lib/gcc/arm-none-eabi/13.3.1/../../../../arm-none-eabi/lib/thumb/v7-m/nofp\libc_nano.a
LOAD C:/Program Files/STM32CubeIDE_1.18.1/STM32CubeIDE/plugins/com.st.stm32cube.ide.mcu.externaltools.gnu-tools-for-stm32.13.3.rel1.win32_1.0.0.202411081344/tools/bin/../lib/gcc/arm-none-eabi/13.3.1/../../../../arm-none-eabi/lib/thumb/v7-m/nofp\libnosys.a
END GROUP
LOAD C:/Program Files/STM32CubeIDE_1.18.1/STM32CubeIDE/plugins/com.st.stm32cube.ide.mcu.externaltools.gnu-tools-for-stm32.13.3.rel1.win32_1.0.0.202411081344/tools/bin/../lib/gcc/arm-none-eabi/13.3.1/thumb/v7-m/nofp/crtend.o
LOAD C:/Program Files/STM32CubeIDE_1.18.1/STM32CubeIDE/plugins/com.st.stm32cube.ide.mcu.externaltools.gnu-tools-for-stm32.13.3.rel1.win32_1.0.0.202411081344/tools/bin/../lib/gcc/arm-none-eabi/13.3.1/thumb/v7-m/nofp/crtn.o
                0x20005000                        _estack = (ORIGIN (RAM) + LENGTH (RAM))
                0x00000200                        _Min_Heap_Size = 0x200
                0x00000400                        _Min_Stack_Size = 0x400

.isr_vector     0x08000000      0x10c
                0x08000000                        . = ALIGN (0x4)
 *(.isr_vector)
 .isr_vector    0x08000000      0x10c ./Core/Startup/startup_stm32f103c8tx.o
                0x08000000                g_pfnVectors
                0x0800010c                        . = ALIGN (0x4)

.text           0x08000110     0xc410
                0x08000110                        . = ALIGN (0x4)
 *(.text)
 .text          0x08000110       0x40 C:/Program Files/STM32CubeIDE_1.18.1/STM32CubeIDE/plugins/com.st.stm32cube.ide.mcu.externaltools.gnu-tools-for-stm32.13.3.rel1.win32_1.0.0.202411081344/tools/bin/../lib/gcc/arm-none-eabi/13.3.1/thumb/v7-m/nofp/crtbegin.o
 .text          0x08000150       0x14 C:/Program Files/STM32CubeIDE_1.18.1/STM32CubeIDE/plugins/com.st.stm32cube.ide.mcu.externaltools.gnu-tools-for-stm32.13.3.rel1.win32_1.0.0.202411081344/tools/bin/../lib/gcc/arm-none-eabi/13.3.1/../../../../arm-none-eabi/lib/thumb/v7-m/nofp\libc_nano.a(libc_a-strcmp.o)
                0x08000150                strcmp
 .text          0x08000164       0x10 C:/Program Files/STM32CubeIDE_1.18.1/STM32CubeIDE/plugins/com.st.stm32cube.ide.mcu.externaltools.gnu-tools-for-stm32.13.3.rel1.win32_1.0.0.202411081344/tools/bin/../lib/gcc/arm-none-eabi/13.3.1/../../../../arm-none-eabi/lib/thumb/v7-m/nofp\libc_nano.a(libc_a-strlen.o)
                0x08000164                strlen
 .text          0x08000174      0x378 C:/Program Files/STM32CubeIDE_1.18.1/STM32CubeIDE/plugins/com.st.stm32cube.ide.mcu.externaltools.gnu-tools-for-stm32.13.3.rel1.win32_1.0.0.202411081344/tools/bin/../lib/gcc/arm-none-eabi/13.3.1/thumb/v7-m/nofp\libgcc.a(_arm_addsubdf3.o)
                0x08000174                __aeabi_drsub
                0x0800017c                __aeabi_dsub
                0x0800017c                __subdf3
                0x08000180                __aeabi_dadd
                0x08000180                __adddf3
                0x080003f8                __floatunsidf
                0x080003f8                __aeabi_ui2d
                0x08000418                __floatsidf
                0x08000418                __aeabi_i2d
                0x0800043c                __aeabi_f2d
                0x0800043c                __extendsfdf2
                0x08000480                __floatundidf
                0x08000480                __aeabi_ul2d
                0x08000490                __floatdidf
                0x08000490                __aeabi_l2d
 .text          0x080004ec      0x424 C:/Program Files/STM32CubeIDE_1.18.1/STM32CubeIDE/plugins/com.st.stm32cube.ide.mcu.externaltools.gnu-tools-for-stm32.13.3.rel1.win32_1.0.0.202411081344/tools/bin/../lib/gcc/arm-none-eabi/13.3.1/thumb/v7-m/nofp\libgcc.a(_arm_muldivdf3.o)
                0x080004ec                __aeabi_dmul
                0x080004ec                __muldf3
                0x08000740                __divdf3
                0x08000740                __aeabi_ddiv
 .text          0x08000910      0x110 C:/Program Files/STM32CubeIDE_1.18.1/STM32CubeIDE/plugins/com.st.stm32cube.ide.mcu.externaltools.gnu-tools-for-stm32.13.3.rel1.win32_1.0.0.202411081344/tools/bin/../lib/gcc/arm-none-eabi/13.3.1/thumb/v7-m/nofp\libgcc.a(_arm_cmpdf2.o)
                0x08000910                __gtdf2
                0x08000910                __gedf2
                0x08000918                __ltdf2
                0x08000918                __ledf2
                0x08000920                __nedf2
                0x08000920                __eqdf2
                0x08000920                __cmpdf2
                0x0800099c                __aeabi_cdrcmple
                0x080009ac                __aeabi_cdcmpeq
                0x080009ac                __aeabi_cdcmple
                0x080009bc                __aeabi_dcmpeq
                0x080009d0                __aeabi_dcmplt
                0x080009e4                __aeabi_dcmple
                0x080009f8                __aeabi_dcmpge
                0x08000a0c                __aeabi_dcmpgt
 .text          0x08000a20       0x40 C:/Program Files/STM32CubeIDE_1.18.1/STM32CubeIDE/plugins/com.st.stm32cube.ide.mcu.externaltools.gnu-tools-for-stm32.13.3.rel1.win32_1.0.0.202411081344/tools/bin/../lib/gcc/arm-none-eabi/13.3.1/thumb/v7-m/nofp\libgcc.a(_arm_fixunsdfsi.o)
                0x08000a20                __aeabi_d2uiz
                0x08000a20                __fixunsdfsi
 .text          0x08000a60       0xa0 C:/Program Files/STM32CubeIDE_1.18.1/STM32CubeIDE/plugins/com.st.stm32cube.ide.mcu.externaltools.gnu-tools-for-stm32.13.3.rel1.win32_1.0.0.202411081344/tools/bin/../lib/gcc/arm-none-eabi/13.3.1/thumb/v7-m/nofp\libgcc.a(_arm_truncdfsf2.o)
                0x08000a60                __truncdfsf2
                0x08000a60                __aeabi_d2f
 .text          0x08000b00      0x21c C:/Program Files/STM32CubeIDE_1.18.1/STM32CubeIDE/plugins/com.st.stm32cube.ide.mcu.externaltools.gnu-tools-for-stm32.13.3.rel1.win32_1.0.0.202411081344/tools/bin/../lib/gcc/arm-none-eabi/13.3.1/thumb/v7-m/nofp\libgcc.a(_arm_addsubsf3.o)
                0x08000b00                __aeabi_frsub
                0x08000b08                __subsf3
                0x08000b08                __aeabi_fsub
                0x08000b0c                __aeabi_fadd
                0x08000b0c                __addsf3
                0x08000c6c                __aeabi_ui2f
                0x08000c6c                __floatunsisf
                0x08000c74                __aeabi_i2f
                0x08000c74                __floatsisf
                0x08000c90                __aeabi_ul2f
                0x08000c90                __floatundisf
                0x08000ca0                __aeabi_l2f
                0x08000ca0                __floatdisf
 .text          0x08000d1c      0x2a0 C:/Program Files/STM32CubeIDE_1.18.1/STM32CubeIDE/plugins/com.st.stm32cube.ide.mcu.externaltools.gnu-tools-for-stm32.13.3.rel1.win32_1.0.0.202411081344/tools/bin/../lib/gcc/arm-none-eabi/13.3.1/thumb/v7-m/nofp\libgcc.a(_arm_muldivsf3.o)
                0x08000d1c                __mulsf3
                0x08000d1c                __aeabi_fmul
                0x08000e84                __aeabi_fdiv
                0x08000e84                __divsf3
 .text          0x08000fbc       0xec C:/Program Files/STM32CubeIDE_1.18.1/STM32CubeIDE/plugins/com.st.stm32cube.ide.mcu.externaltools.gnu-tools-for-stm32.13.3.rel1.win32_1.0.0.202411081344/tools/bin/../lib/gcc/arm-none-eabi/13.3.1/thumb/v7-m/nofp\libgcc.a(_arm_cmpsf2.o)
                0x08000fbc                __gesf2
                0x08000fbc                __gtsf2
                0x08000fc4                __lesf2
                0x08000fc4                __ltsf2
                0x08000fcc                __nesf2
                0x08000fcc                __eqsf2
                0x08000fcc                __cmpsf2
                0x0800102c                __aeabi_cfrcmple
                0x08001034                __aeabi_cfcmpeq
                0x08001034                __aeabi_cfcmple
                0x08001044                __aeabi_fcmpeq
                0x08001058                __aeabi_fcmplt
                0x0800106c                __aeabi_fcmple
                0x08001080                __aeabi_fcmpge
                0x08001094                __aeabi_fcmpgt
 .text          0x080010a8       0x2c C:/Program Files/STM32CubeIDE_1.18.1/STM32CubeIDE/plugins/com.st.stm32cube.ide.mcu.externaltools.gnu-tools-for-stm32.13.3.rel1.win32_1.0.0.202411081344/tools/bin/../lib/gcc/arm-none-eabi/13.3.1/thumb/v7-m/nofp\libgcc.a(_arm_unordsf2.o)
                0x080010a8                __unordsf2
                0x080010a8                __aeabi_fcmpun
 .text          0x080010d4       0x4c C:/Program Files/STM32CubeIDE_1.18.1/STM32CubeIDE/plugins/com.st.stm32cube.ide.mcu.externaltools.gnu-tools-for-stm32.13.3.rel1.win32_1.0.0.202411081344/tools/bin/../lib/gcc/arm-none-eabi/13.3.1/thumb/v7-m/nofp\libgcc.a(_arm_fixsfsi.o)
                0x080010d4                __aeabi_f2iz
                0x080010d4                __fixsfsi
 .text          0x08001120       0x30 C:/Program Files/STM32CubeIDE_1.18.1/STM32CubeIDE/plugins/com.st.stm32cube.ide.mcu.externaltools.gnu-tools-for-stm32.13.3.rel1.win32_1.0.0.202411081344/tools/bin/../lib/gcc/arm-none-eabi/13.3.1/thumb/v7-m/nofp\libgcc.a(_fixdfdi.o)
                0x08001120                __fixdfdi
                0x08001120                __aeabi_d2lz
 .text          0x08001150       0x3c C:/Program Files/STM32CubeIDE_1.18.1/STM32CubeIDE/plugins/com.st.stm32cube.ide.mcu.externaltools.gnu-tools-for-stm32.13.3.rel1.win32_1.0.0.202411081344/tools/bin/../lib/gcc/arm-none-eabi/13.3.1/thumb/v7-m/nofp\libgcc.a(_fixunsdfdi.o)
                0x08001150                __fixunsdfdi
                0x08001150                __aeabi_d2ulz
 *(.text*)
 .text.MX_ADC1_Init
                0x0800118c       0x50 ./Core/Src/adc.o
                0x0800118c                MX_ADC1_Init
 .text.HAL_ADC_MspInit
                0x080011dc       0x6c ./Core/Src/adc.o
                0x080011dc                HAL_ADC_MspInit
 .text.MX_GPIO_Init
                0x08001248       0xa8 ./Core/Src/gpio.o
                0x08001248                MX_GPIO_Init
 .text.HAL_UART_RxCpltCallback
                0x080012f0      0x3c0 ./Core/Src/gps.o
                0x080012f0                HAL_UART_RxCpltCallback
 .text.GPS_Init
                0x080016b0       0x4c ./Core/Src/gps.o
                0x080016b0                GPS_Init
 .text.GPS_Update
                0x080016fc        0x2 ./Core/Src/gps.o
                0x080016fc                GPS_Update
 *fill*         0x080016fe        0x2 
 .text.GPS_GetData
                0x08001700        0x8 ./Core/Src/gps.o
                0x08001700                GPS_GetData
 .text.GPS_ProcessUART
                0x08001708       0x18 ./Core/Src/gps.o
                0x08001708                GPS_ProcessUART
 .text.HallSensors_Init
                0x08001720       0xb4 ./Core/Src/hall_sensors.o
                0x08001720                HallSensors_Init
 .text.HallSensors_GetValue
                0x080017d4       0x20 ./Core/Src/hall_sensors.o
                0x080017d4                HallSensors_GetValue
 .text.HallSensors_GetAngle
                0x080017f4       0x58 ./Core/Src/hall_sensors.o
                0x080017f4                HallSensors_GetAngle
 .text.HallSensors_Calibrate
                0x0800184c       0x68 ./Core/Src/hall_sensors.o
                0x0800184c                HallSensors_Calibrate
 .text.HallSensors_ProcessADC
                0x080018b4        0x2 ./Core/Src/hall_sensors.o
                0x080018b4                HallSensors_ProcessADC
 *fill*         0x080018b6        0x2 
 .text.MX_I2C1_Init
                0x080018b8       0x3c ./Core/Src/i2c.o
                0x080018b8                MX_I2C1_Init
 .text.HAL_I2C_MspInit
                0x080018f4       0x84 ./Core/Src/i2c.o
                0x080018f4                HAL_I2C_MspInit
 .text.IMU_Init
                0x08001978      0x174 ./Core/Src/imu.o
                0x08001978                IMU_Init
 .text.IMU_Update
                0x08001aec      0x2b0 ./Core/Src/imu.o
                0x08001aec                IMU_Update
 .text.IMU_GetData
                0x08001d9c        0x8 ./Core/Src/imu.o
                0x08001d9c                IMU_GetData
 .text.IMU_Calibrate
                0x08001da4        0x2 ./Core/Src/imu.o
                0x08001da4                IMU_Calibrate
 .text.IMU_ProcessI2C
                0x08001da6        0x2 ./Core/Src/imu.o
                0x08001da6                IMU_ProcessI2C
 .text.IMU_ProcessError
                0x08001da8        0x2 ./Core/Src/imu.o
                0x08001da8                IMU_ProcessError
 .text.SystemClock_Config
                0x08001daa       0x86 ./Core/Src/main.o
                0x08001daa                SystemClock_Config
 .text.startup.main
                0x08001e30       0xb4 ./Core/Src/main.o
                0x08001e30                main
 .text.Error_Handler
                0x08001ee4        0x4 ./Core/Src/main.o
                0x08001ee4                Error_Handler
 .text.MotorControl_Update
                0x08001ee8      0x144 ./Core/Src/motor_control.o
                0x08001ee8                MotorControl_Update
 .text.MotorControl_Init
                0x0800202c       0xa4 ./Core/Src/motor_control.o
                0x0800202c                MotorControl_Init
 .text.MotorControl_SetMotorState
                0x080020d0       0x14 ./Core/Src/motor_control.o
                0x080020d0                MotorControl_SetMotorState
 .text.HAL_MspInit
                0x080020e4       0x44 ./Core/Src/stm32f1xx_hal_msp.o
                0x080020e4                HAL_MspInit
 .text.NMI_Handler
                0x08002128        0x2 ./Core/Src/stm32f1xx_it.o
                0x08002128                NMI_Handler
 .text.HardFault_Handler
                0x0800212a        0x2 ./Core/Src/stm32f1xx_it.o
                0x0800212a                HardFault_Handler
 .text.MemManage_Handler
                0x0800212c        0x2 ./Core/Src/stm32f1xx_it.o
                0x0800212c                MemManage_Handler
 .text.BusFault_Handler
                0x0800212e        0x2 ./Core/Src/stm32f1xx_it.o
                0x0800212e                BusFault_Handler
 .text.UsageFault_Handler
                0x08002130        0x2 ./Core/Src/stm32f1xx_it.o
                0x08002130                UsageFault_Handler
 .text.SVC_Handler
                0x08002132        0x2 ./Core/Src/stm32f1xx_it.o
                0x08002132                SVC_Handler
 .text.DebugMon_Handler
                0x08002134        0x2 ./Core/Src/stm32f1xx_it.o
                0x08002134                DebugMon_Handler
 .text.PendSV_Handler
                0x08002136        0x2 ./Core/Src/stm32f1xx_it.o
                0x08002136                PendSV_Handler
 .text.SysTick_Handler
                0x08002138        0x4 ./Core/Src/stm32f1xx_it.o
                0x08002138                SysTick_Handler
 .text.ADC1_2_IRQHandler
                0x0800213c       0x14 ./Core/Src/stm32f1xx_it.o
                0x0800213c                ADC1_2_IRQHandler
 .text.USB_LP_CAN1_RX0_IRQHandler
                0x08002150        0xc ./Core/Src/stm32f1xx_it.o
                0x08002150                USB_LP_CAN1_RX0_IRQHandler
 .text.TIM2_IRQHandler
                0x0800215c       0x14 ./Core/Src/stm32f1xx_it.o
                0x0800215c                TIM2_IRQHandler
 .text.TIM3_IRQHandler
                0x08002170       0x14 ./Core/Src/stm32f1xx_it.o
                0x08002170                TIM3_IRQHandler
 .text.I2C1_EV_IRQHandler
                0x08002184       0x14 ./Core/Src/stm32f1xx_it.o
                0x08002184                I2C1_EV_IRQHandler
 .text.I2C1_ER_IRQHandler
                0x08002198       0x14 ./Core/Src/stm32f1xx_it.o
                0x08002198                I2C1_ER_IRQHandler
 .text.USART2_IRQHandler
                0x080021ac       0x14 ./Core/Src/stm32f1xx_it.o
                0x080021ac                USART2_IRQHandler
 .text._getpid  0x080021c0        0x4 ./Core/Src/syscalls.o
                0x080021c0                _getpid
 .text._kill    0x080021c4       0x10 ./Core/Src/syscalls.o
                0x080021c4                _kill
 .text._exit    0x080021d4        0xc ./Core/Src/syscalls.o
                0x080021d4                _exit
 .text._read    0x080021e0       0x1c ./Core/Src/syscalls.o
                0x080021e0                _read
 .text._write   0x080021fc       0x1c ./Core/Src/syscalls.o
                0x080021fc                _write
 .text._close   0x08002218        0x6 ./Core/Src/syscalls.o
                0x08002218                _close
 .text._fstat   0x0800221e        0xa ./Core/Src/syscalls.o
                0x0800221e                _fstat
 .text._isatty  0x08002228        0x4 ./Core/Src/syscalls.o
                0x08002228                _isatty
 .text._lseek   0x0800222c        0x4 ./Core/Src/syscalls.o
                0x0800222c                _lseek
 .text._sbrk    0x08002230       0x40 ./Core/Src/sysmem.o
                0x08002230                _sbrk
 .text.SystemInit
                0x08002270        0x2 ./Core/Src/system_stm32f1xx.o
                0x08002270                SystemInit
 *fill*         0x08002272        0x2 
 .text.MX_TIM2_Init
                0x08002274       0x68 ./Core/Src/tim.o
                0x08002274                MX_TIM2_Init
 .text.MX_TIM3_Init
                0x080022dc       0x6c ./Core/Src/tim.o
                0x080022dc                MX_TIM3_Init
 .text.HAL_TIM_Base_MspInit
                0x08002348       0x6c ./Core/Src/tim.o
                0x08002348                HAL_TIM_Base_MspInit
 .text.MX_USART2_UART_Init
                0x080023b4       0x38 ./Core/Src/usart.o
                0x080023b4                MX_USART2_UART_Init
 .text.HAL_UART_MspInit
                0x080023ec       0x84 ./Core/Src/usart.o
                0x080023ec                HAL_UART_MspInit
 .text.USB_CDC_SendData
                0x08002470       0x38 ./Core/Src/usb_cdc.o
                0x08002470                USB_CDC_SendData
 .text.USB_CDC_ProcessReceivedData
                0x080024a8       0x20 ./Core/Src/usb_cdc.o
                0x080024a8                USB_CDC_ProcessReceivedData
 .text.USB_CDC_SendTelemetry
                0x080024c8      0x1fc ./Core/Src/usb_cdc.o
                0x080024c8                USB_CDC_SendTelemetry
 .text.USB_CDC_ReceiveCallback
                0x080026c4       0x20 ./Core/Src/usb_cdc.o
                0x080026c4                USB_CDC_ReceiveCallback
 .text.HAL_PCD_DataOutStageCallback
                0x080026e4       0x10 ./Core/Src/usb_cdc.o
                0x080026e4                HAL_PCD_DataOutStageCallback
 .text.HAL_PCD_DataInStageCallback
                0x080026f4       0x10 ./Core/Src/usb_cdc.o
                0x080026f4                HAL_PCD_DataInStageCallback
 .text.Reset_Handler
                0x08002704       0x48 ./Core/Startup/startup_stm32f103c8tx.o
                0x08002704                Reset_Handler
 .text.Default_Handler
                0x0800274c        0x2 ./Core/Startup/startup_stm32f103c8tx.o
                0x0800274c                RTC_Alarm_IRQHandler
                0x0800274c                EXTI2_IRQHandler
                0x0800274c                TIM1_CC_IRQHandler
                0x0800274c                PVD_IRQHandler
                0x0800274c                EXTI3_IRQHandler
                0x0800274c                EXTI0_IRQHandler
                0x0800274c                I2C2_EV_IRQHandler
                0x0800274c                SPI1_IRQHandler
                0x0800274c                TAMPER_IRQHandler
                0x0800274c                DMA1_Channel4_IRQHandler
                0x0800274c                USART3_IRQHandler
                0x0800274c                RTC_IRQHandler
                0x0800274c                DMA1_Channel7_IRQHandler
                0x0800274c                CAN1_RX1_IRQHandler
                0x0800274c                TIM4_IRQHandler
                0x0800274c                DMA1_Channel6_IRQHandler
                0x0800274c                RCC_IRQHandler
                0x0800274c                TIM1_TRG_COM_IRQHandler
                0x0800274c                DMA1_Channel1_IRQHandler
                0x0800274c                Default_Handler
                0x0800274c                EXTI15_10_IRQHandler
                0x0800274c                EXTI9_5_IRQHandler
                0x0800274c                SPI2_IRQHandler
                0x0800274c                DMA1_Channel5_IRQHandler
                0x0800274c                EXTI4_IRQHandler
                0x0800274c                USB_HP_CAN1_TX_IRQHandler
                0x0800274c                DMA1_Channel3_IRQHandler
                0x0800274c                TIM1_UP_IRQHandler
                0x0800274c                WWDG_IRQHandler
                0x0800274c                TIM1_BRK_IRQHandler
                0x0800274c                EXTI1_IRQHandler
                0x0800274c                I2C2_ER_IRQHandler
                0x0800274c                DMA1_Channel2_IRQHandler
                0x0800274c                CAN1_SCE_IRQHandler
                0x0800274c                FLASH_IRQHandler
                0x0800274c                USART1_IRQHandler
                0x0800274c                USBWakeUp_IRQHandler
 *fill*         0x0800274e        0x2 
 .text.HAL_InitTick
                0x08002750       0x48 ./Drivers/STM32F1xx_HAL_Driver/Src/stm32f1xx_hal.o
                0x08002750                HAL_InitTick
 .text.HAL_Init
                0x08002798       0x24 ./Drivers/STM32F1xx_HAL_Driver/Src/stm32f1xx_hal.o
                0x08002798                HAL_Init
 .text.HAL_IncTick
                0x080027bc       0x18 ./Drivers/STM32F1xx_HAL_Driver/Src/stm32f1xx_hal.o
                0x080027bc                HAL_IncTick
 .text.HAL_GetTick
                0x080027d4        0xc ./Drivers/STM32F1xx_HAL_Driver/Src/stm32f1xx_hal.o
                0x080027d4                HAL_GetTick
 .text.HAL_Delay
                0x080027e0       0x24 ./Drivers/STM32F1xx_HAL_Driver/Src/stm32f1xx_hal.o
                0x080027e0                HAL_Delay
 .text.ADC_DMAConvCplt
                0x08002804       0x46 ./Drivers/STM32F1xx_HAL_Driver/Src/stm32f1xx_hal_adc.o
                0x08002804                ADC_DMAConvCplt
 .text.ADC_DMAHalfConvCplt
                0x0800284a        0x6 ./Drivers/STM32F1xx_HAL_Driver/Src/stm32f1xx_hal_adc.o
                0x0800284a                ADC_DMAHalfConvCplt
 .text.ADC_DMAError
                0x08002850       0x16 ./Drivers/STM32F1xx_HAL_Driver/Src/stm32f1xx_hal_adc.o
                0x08002850                ADC_DMAError
 .text.HAL_ADC_ErrorCallback
                0x08002866        0x2 ./Drivers/STM32F1xx_HAL_Driver/Src/stm32f1xx_hal_adc.o
                0x08002866                HAL_ADC_ErrorCallback
 .text.HAL_ADC_ConvCpltCallback
                0x08002868        0x2 ./Drivers/STM32F1xx_HAL_Driver/Src/stm32f1xx_hal_adc.o
                0x08002868                HAL_ADC_ConvCpltCallback
 .text.HAL_ADC_ConvHalfCpltCallback
                0x0800286a        0x2 ./Drivers/STM32F1xx_HAL_Driver/Src/stm32f1xx_hal_adc.o
                0x0800286a                HAL_ADC_ConvHalfCpltCallback
 .text.HAL_ADC_LevelOutOfWindowCallback
                0x0800286c        0x2 ./Drivers/STM32F1xx_HAL_Driver/Src/stm32f1xx_hal_adc.o
                0x0800286c                HAL_ADC_LevelOutOfWindowCallback
 *fill*         0x0800286e        0x2 
 .text.HAL_ADC_PollForConversion
                0x08002870      0x148 ./Drivers/STM32F1xx_HAL_Driver/Src/stm32f1xx_hal_adc.o
                0x08002870                HAL_ADC_PollForConversion
 .text.HAL_ADC_GetValue
                0x080029b8        0x6 ./Drivers/STM32F1xx_HAL_Driver/Src/stm32f1xx_hal_adc.o
                0x080029b8                HAL_ADC_GetValue
 .text.HAL_ADC_IRQHandler
                0x080029be       0xe2 ./Drivers/STM32F1xx_HAL_Driver/Src/stm32f1xx_hal_adc.o
                0x080029be                HAL_ADC_IRQHandler
 .text.HAL_ADC_ConfigChannel
                0x08002aa0       0xfc ./Drivers/STM32F1xx_HAL_Driver/Src/stm32f1xx_hal_adc.o
                0x08002aa0                HAL_ADC_ConfigChannel
 .text.ADC_Enable
                0x08002b9c       0x78 ./Drivers/STM32F1xx_HAL_Driver/Src/stm32f1xx_hal_adc.o
                0x08002b9c                ADC_Enable
 .text.HAL_ADC_Start
                0x08002c14       0xc4 ./Drivers/STM32F1xx_HAL_Driver/Src/stm32f1xx_hal_adc.o
                0x08002c14                HAL_ADC_Start
 .text.HAL_ADC_Start_DMA
                0x08002cd8      0x11c ./Drivers/STM32F1xx_HAL_Driver/Src/stm32f1xx_hal_adc.o
                0x08002cd8                HAL_ADC_Start_DMA
 .text.ADC_ConversionStop_Disable
                0x08002df4       0x4c ./Drivers/STM32F1xx_HAL_Driver/Src/stm32f1xx_hal_adc.o
                0x08002df4                ADC_ConversionStop_Disable
 .text.HAL_ADC_Init
                0x08002e40      0x130 ./Drivers/STM32F1xx_HAL_Driver/Src/stm32f1xx_hal_adc.o
                0x08002e40                HAL_ADC_Init
 .text.HAL_ADCEx_InjectedConvCpltCallback
                0x08002f70        0x2 ./Drivers/STM32F1xx_HAL_Driver/Src/stm32f1xx_hal_adc_ex.o
                0x08002f70                HAL_ADCEx_InjectedConvCpltCallback
 *fill*         0x08002f72        0x2 
 .text.HAL_NVIC_SetPriorityGrouping
                0x08002f74       0x24 ./Drivers/STM32F1xx_HAL_Driver/Src/stm32f1xx_hal_cortex.o
                0x08002f74                HAL_NVIC_SetPriorityGrouping
 .text.HAL_NVIC_SetPriority
                0x08002f98       0x60 ./Drivers/STM32F1xx_HAL_Driver/Src/stm32f1xx_hal_cortex.o
                0x08002f98                HAL_NVIC_SetPriority
 .text.HAL_NVIC_EnableIRQ
                0x08002ff8       0x1c ./Drivers/STM32F1xx_HAL_Driver/Src/stm32f1xx_hal_cortex.o
                0x08002ff8                HAL_NVIC_EnableIRQ
 .text.HAL_SYSTICK_Config
                0x08003014       0x28 ./Drivers/STM32F1xx_HAL_Driver/Src/stm32f1xx_hal_cortex.o
                0x08003014                HAL_SYSTICK_Config
 .text.HAL_DMA_Start_IT
                0x0800303c       0x78 ./Drivers/STM32F1xx_HAL_Driver/Src/stm32f1xx_hal_dma.o
                0x0800303c                HAL_DMA_Start_IT
 .text.HAL_DMA_Abort
                0x080030b4       0x3e ./Drivers/STM32F1xx_HAL_Driver/Src/stm32f1xx_hal_dma.o
                0x080030b4                HAL_DMA_Abort
 *fill*         0x080030f2        0x2 
 .text.HAL_DMA_Abort_IT
                0x080030f4       0x8c ./Drivers/STM32F1xx_HAL_Driver/Src/stm32f1xx_hal_dma.o
                0x080030f4                HAL_DMA_Abort_IT
 .text.HAL_DMA_GetState
                0x08003180        0x6 ./Drivers/STM32F1xx_HAL_Driver/Src/stm32f1xx_hal_dma.o
                0x08003180                HAL_DMA_GetState
 *fill*         0x08003186        0x2 
 .text.HAL_GPIO_Init
                0x08003188      0x1a8 ./Drivers/STM32F1xx_HAL_Driver/Src/stm32f1xx_hal_gpio.o
                0x08003188                HAL_GPIO_Init
 .text.HAL_GPIO_WritePin
                0x08003330        0xa ./Drivers/STM32F1xx_HAL_Driver/Src/stm32f1xx_hal_gpio.o
                0x08003330                HAL_GPIO_WritePin
 .text.HAL_I2C_AddrCallback
                0x0800333a        0x2 ./Drivers/STM32F1xx_HAL_Driver/Src/stm32f1xx_hal_i2c.o
                0x0800333a                HAL_I2C_AddrCallback
 .text.I2C_MemoryTransmit_TXE_BTF
                0x0800333c       0xaa ./Drivers/STM32F1xx_HAL_Driver/Src/stm32f1xx_hal_i2c.o
 *fill*         0x080033e6        0x2 
 .text.I2C_DMAAbort
                0x080033e8       0xbc ./Drivers/STM32F1xx_HAL_Driver/Src/stm32f1xx_hal_i2c.o
 .text.I2C_IsAcknowledgeFailed
                0x080034a4       0x32 ./Drivers/STM32F1xx_HAL_Driver/Src/stm32f1xx_hal_i2c.o
 .text.I2C_WaitOnFlagUntilTimeout
                0x080034d6       0x80 ./Drivers/STM32F1xx_HAL_Driver/Src/stm32f1xx_hal_i2c.o
 .text.I2C_WaitOnMasterAddressFlagUntilTimeout
                0x08003556       0x84 ./Drivers/STM32F1xx_HAL_Driver/Src/stm32f1xx_hal_i2c.o
 .text.I2C_WaitOnTXEFlagUntilTimeout
                0x080035da       0x54 ./Drivers/STM32F1xx_HAL_Driver/Src/stm32f1xx_hal_i2c.o
 *fill*         0x0800362e        0x2 
 .text.I2C_RequestMemoryWrite
                0x08003630       0xb4 ./Drivers/STM32F1xx_HAL_Driver/Src/stm32f1xx_hal_i2c.o
 .text.I2C_RequestMemoryRead
                0x080036e4      0x108 ./Drivers/STM32F1xx_HAL_Driver/Src/stm32f1xx_hal_i2c.o
 .text.I2C_WaitOnBTFFlagUntilTimeout
                0x080037ec       0x54 ./Drivers/STM32F1xx_HAL_Driver/Src/stm32f1xx_hal_i2c.o
 .text.I2C_WaitOnRXNEFlagUntilTimeout
                0x08003840       0x66 ./Drivers/STM32F1xx_HAL_Driver/Src/stm32f1xx_hal_i2c.o
 *fill*         0x080038a6        0x2 
 .text.I2C_ITError
                0x080038a8      0x150 ./Drivers/STM32F1xx_HAL_Driver/Src/stm32f1xx_hal_i2c.o
 .text.HAL_I2C_AbortCpltCallback
                0x080039f8        0x2 ./Drivers/STM32F1xx_HAL_Driver/Src/stm32f1xx_hal_i2c.o
                0x080039f8                HAL_I2C_AbortCpltCallback
 .text.HAL_I2C_MasterTxCpltCallback
                0x080039fa        0x2 ./Drivers/STM32F1xx_HAL_Driver/Src/stm32f1xx_hal_i2c.o
                0x080039fa                HAL_I2C_MasterTxCpltCallback
 .text.HAL_I2C_MasterRxCpltCallback
                0x080039fc        0x2 ./Drivers/STM32F1xx_HAL_Driver/Src/stm32f1xx_hal_i2c.o
                0x080039fc                HAL_I2C_MasterRxCpltCallback
 .text.HAL_I2C_SlaveTxCpltCallback
                0x080039fe        0x2 ./Drivers/STM32F1xx_HAL_Driver/Src/stm32f1xx_hal_i2c.o
                0x080039fe                HAL_I2C_SlaveTxCpltCallback
 .text.HAL_I2C_SlaveRxCpltCallback
                0x08003a00        0x2 ./Drivers/STM32F1xx_HAL_Driver/Src/stm32f1xx_hal_i2c.o
                0x08003a00                HAL_I2C_SlaveRxCpltCallback
 .text.HAL_I2C_ListenCpltCallback
                0x08003a02        0x2 ./Drivers/STM32F1xx_HAL_Driver/Src/stm32f1xx_hal_i2c.o
                0x08003a02                HAL_I2C_ListenCpltCallback
 .text.HAL_I2C_MemTxCpltCallback
                0x08003a04        0x2 ./Drivers/STM32F1xx_HAL_Driver/Src/stm32f1xx_hal_i2c.o
                0x08003a04                HAL_I2C_MemTxCpltCallback
 .text.HAL_I2C_MemRxCpltCallback
                0x08003a06        0x2 ./Drivers/STM32F1xx_HAL_Driver/Src/stm32f1xx_hal_i2c.o
                0x08003a06                HAL_I2C_MemRxCpltCallback
 .text.HAL_I2C_ErrorCallback
                0x08003a08        0x2 ./Drivers/STM32F1xx_HAL_Driver/Src/stm32f1xx_hal_i2c.o
                0x08003a08                HAL_I2C_ErrorCallback
 *fill*         0x08003a0a        0x2 
 .text.HAL_I2C_Init
                0x08003a0c      0x1b0 ./Drivers/STM32F1xx_HAL_Driver/Src/stm32f1xx_hal_i2c.o
                0x08003a0c                HAL_I2C_Init
 .text.HAL_I2C_Mem_Write
                0x08003bbc      0x120 ./Drivers/STM32F1xx_HAL_Driver/Src/stm32f1xx_hal_i2c.o
                0x08003bbc                HAL_I2C_Mem_Write
 .text.HAL_I2C_Mem_Read
                0x08003cdc      0x288 ./Drivers/STM32F1xx_HAL_Driver/Src/stm32f1xx_hal_i2c.o
                0x08003cdc                HAL_I2C_Mem_Read
 .text.HAL_I2C_EV_IRQHandler
                0x08003f64      0x894 ./Drivers/STM32F1xx_HAL_Driver/Src/stm32f1xx_hal_i2c.o
                0x08003f64                HAL_I2C_EV_IRQHandler
 .text.HAL_I2C_ER_IRQHandler
                0x080047f8      0x13c ./Drivers/STM32F1xx_HAL_Driver/Src/stm32f1xx_hal_i2c.o
                0x080047f8                HAL_I2C_ER_IRQHandler
 .text.HAL_PCD_ISOINIncompleteCallback
                0x08004934        0x2 ./Drivers/STM32F1xx_HAL_Driver/Src/stm32f1xx_hal_pcd.o
                0x08004934                HAL_PCD_ISOINIncompleteCallback
 .text.HAL_PCD_ISOOUTIncompleteCallback
                0x08004936        0x2 ./Drivers/STM32F1xx_HAL_Driver/Src/stm32f1xx_hal_pcd.o
                0x08004936                HAL_PCD_ISOOUTIncompleteCallback
 .text.HAL_PCD_ResumeCallback
                0x08004938        0x2 ./Drivers/STM32F1xx_HAL_Driver/Src/stm32f1xx_hal_pcd.o
                0x08004938                HAL_PCD_ResumeCallback
 .text.HAL_PCD_ResetCallback
                0x0800493a        0x2 ./Drivers/STM32F1xx_HAL_Driver/Src/stm32f1xx_hal_pcd.o
                0x0800493a                HAL_PCD_ResetCallback
 .text.HAL_PCD_SuspendCallback
                0x0800493c        0x2 ./Drivers/STM32F1xx_HAL_Driver/Src/stm32f1xx_hal_pcd.o
                0x0800493c                HAL_PCD_SuspendCallback
 .text.HAL_PCD_ConnectCallback
                0x0800493e        0x2 ./Drivers/STM32F1xx_HAL_Driver/Src/stm32f1xx_hal_pcd.o
                0x0800493e                HAL_PCD_ConnectCallback
 .text.HAL_PCD_DisconnectCallback
                0x08004940        0x2 ./Drivers/STM32F1xx_HAL_Driver/Src/stm32f1xx_hal_pcd.o
                0x08004940                HAL_PCD_DisconnectCallback
 .text.HAL_PCD_SetupStageCallback
                0x08004942        0x2 ./Drivers/STM32F1xx_HAL_Driver/Src/stm32f1xx_hal_pcd.o
                0x08004942                HAL_PCD_SetupStageCallback
 .text.HAL_PCD_SOFCallback
                0x08004944        0x2 ./Drivers/STM32F1xx_HAL_Driver/Src/stm32f1xx_hal_pcd.o
                0x08004944                HAL_PCD_SOFCallback
 *fill*         0x08004946        0x2 
 .text.HAL_PCD_Init
                0x08004948      0x14c ./Drivers/STM32F1xx_HAL_Driver/Src/stm32f1xx_hal_pcd.o
                0x08004948                HAL_PCD_Init
 .text.HAL_PCD_RegisterCallback
                0x08004a94       0x9e ./Drivers/STM32F1xx_HAL_Driver/Src/stm32f1xx_hal_pcd.o
                0x08004a94                HAL_PCD_RegisterCallback
 .text.HAL_PCD_RegisterDataOutStageCallback
                0x08004b32       0x4c ./Drivers/STM32F1xx_HAL_Driver/Src/stm32f1xx_hal_pcd.o
                0x08004b32                HAL_PCD_RegisterDataOutStageCallback
 .text.HAL_PCD_RegisterDataInStageCallback
                0x08004b7e       0x4c ./Drivers/STM32F1xx_HAL_Driver/Src/stm32f1xx_hal_pcd.o
                0x08004b7e                HAL_PCD_RegisterDataInStageCallback
 .text.HAL_PCD_RegisterIsoOutIncpltCallback
                0x08004bca       0x4c ./Drivers/STM32F1xx_HAL_Driver/Src/stm32f1xx_hal_pcd.o
                0x08004bca                HAL_PCD_RegisterIsoOutIncpltCallback
 .text.HAL_PCD_RegisterIsoInIncpltCallback
                0x08004c16       0x4c ./Drivers/STM32F1xx_HAL_Driver/Src/stm32f1xx_hal_pcd.o
                0x08004c16                HAL_PCD_RegisterIsoInIncpltCallback
 .text.HAL_PCD_Start
                0x08004c62       0x32 ./Drivers/STM32F1xx_HAL_Driver/Src/stm32f1xx_hal_pcd.o
                0x08004c62                HAL_PCD_Start
 .text.HAL_PCD_SetAddress
                0x08004c94       0x26 ./Drivers/STM32F1xx_HAL_Driver/Src/stm32f1xx_hal_pcd.o
                0x08004c94                HAL_PCD_SetAddress
 *fill*         0x08004cba        0x2 
 .text.HAL_PCD_IRQHandler
                0x08004cbc      0xa24 ./Drivers/STM32F1xx_HAL_Driver/Src/stm32f1xx_hal_pcd.o
                0x08004cbc                HAL_PCD_IRQHandler
 .text.HAL_PCD_EP_Open
                0x080056e0       0x60 ./Drivers/STM32F1xx_HAL_Driver/Src/stm32f1xx_hal_pcd.o
                0x080056e0                HAL_PCD_EP_Open
 .text.HAL_PCD_EP_Close
                0x08005740       0x50 ./Drivers/STM32F1xx_HAL_Driver/Src/stm32f1xx_hal_pcd.o
                0x08005740                HAL_PCD_EP_Close
 .text.HAL_PCD_EP_Receive
                0x08005790       0x2e ./Drivers/STM32F1xx_HAL_Driver/Src/stm32f1xx_hal_pcd.o
                0x08005790                HAL_PCD_EP_Receive
 .text.HAL_PCD_EP_GetRxCount
                0x080057be       0x10 ./Drivers/STM32F1xx_HAL_Driver/Src/stm32f1xx_hal_pcd.o
                0x080057be                HAL_PCD_EP_GetRxCount
 .text.HAL_PCD_EP_Transmit
                0x080057ce       0x30 ./Drivers/STM32F1xx_HAL_Driver/Src/stm32f1xx_hal_pcd.o
                0x080057ce                HAL_PCD_EP_Transmit
 .text.HAL_PCD_EP_SetStall
                0x080057fe       0x6c ./Drivers/STM32F1xx_HAL_Driver/Src/stm32f1xx_hal_pcd.o
                0x080057fe                HAL_PCD_EP_SetStall
 .text.HAL_PCD_EP_ClrStall
                0x0800586a       0x64 ./Drivers/STM32F1xx_HAL_Driver/Src/stm32f1xx_hal_pcd.o
                0x0800586a                HAL_PCD_EP_ClrStall
 .text.HAL_PCDEx_PMAConfig
                0x080058ce       0x32 ./Drivers/STM32F1xx_HAL_Driver/Src/stm32f1xx_hal_pcd_ex.o
                0x080058ce                HAL_PCDEx_PMAConfig
 .text.HAL_PCDEx_SetConnectionState
                0x08005900        0x2 ./Drivers/STM32F1xx_HAL_Driver/Src/stm32f1xx_hal_pcd_ex.o
                0x08005900                HAL_PCDEx_SetConnectionState
 *fill*         0x08005902        0x2 
 .text.HAL_RCC_OscConfig
                0x08005904      0x338 ./Drivers/STM32F1xx_HAL_Driver/Src/stm32f1xx_hal_rcc.o
                0x08005904                HAL_RCC_OscConfig
 .text.HAL_RCC_GetSysClockFreq
                0x08005c3c       0x4c ./Drivers/STM32F1xx_HAL_Driver/Src/stm32f1xx_hal_rcc.o
                0x08005c3c                HAL_RCC_GetSysClockFreq
 .text.HAL_RCC_ClockConfig
                0x08005c88      0x138 ./Drivers/STM32F1xx_HAL_Driver/Src/stm32f1xx_hal_rcc.o
                0x08005c88                HAL_RCC_ClockConfig
 .text.HAL_RCC_GetPCLK1Freq
                0x08005dc0       0x20 ./Drivers/STM32F1xx_HAL_Driver/Src/stm32f1xx_hal_rcc.o
                0x08005dc0                HAL_RCC_GetPCLK1Freq
 .text.HAL_RCC_GetPCLK2Freq
                0x08005de0       0x20 ./Drivers/STM32F1xx_HAL_Driver/Src/stm32f1xx_hal_rcc.o
                0x08005de0                HAL_RCC_GetPCLK2Freq
 .text.HAL_RCCEx_PeriphCLKConfig
                0x08005e00       0xf4 ./Drivers/STM32F1xx_HAL_Driver/Src/stm32f1xx_hal_rcc_ex.o
                0x08005e00                HAL_RCCEx_PeriphCLKConfig
 .text.HAL_RCCEx_GetPeriphCLKFreq
                0x08005ef4       0xbc ./Drivers/STM32F1xx_HAL_Driver/Src/stm32f1xx_hal_rcc_ex.o
                0x08005ef4                HAL_RCCEx_GetPeriphCLKFreq
 .text.HAL_TIM_PeriodElapsedCallback
                0x08005fb0        0x2 ./Drivers/STM32F1xx_HAL_Driver/Src/stm32f1xx_hal_tim.o
                0x08005fb0                HAL_TIM_PeriodElapsedCallback
 .text.HAL_TIM_PeriodElapsedHalfCpltCallback
                0x08005fb2        0x2 ./Drivers/STM32F1xx_HAL_Driver/Src/stm32f1xx_hal_tim.o
                0x08005fb2                HAL_TIM_PeriodElapsedHalfCpltCallback
 .text.HAL_TIM_OC_DelayElapsedCallback
                0x08005fb4        0x2 ./Drivers/STM32F1xx_HAL_Driver/Src/stm32f1xx_hal_tim.o
                0x08005fb4                HAL_TIM_OC_DelayElapsedCallback
 .text.HAL_TIM_IC_CaptureCallback
                0x08005fb6        0x2 ./Drivers/STM32F1xx_HAL_Driver/Src/stm32f1xx_hal_tim.o
                0x08005fb6                HAL_TIM_IC_CaptureCallback
 .text.HAL_TIM_IC_CaptureHalfCpltCallback
                0x08005fb8        0x2 ./Drivers/STM32F1xx_HAL_Driver/Src/stm32f1xx_hal_tim.o
                0x08005fb8                HAL_TIM_IC_CaptureHalfCpltCallback
 .text.HAL_TIM_PWM_PulseFinishedCallback
                0x08005fba        0x2 ./Drivers/STM32F1xx_HAL_Driver/Src/stm32f1xx_hal_tim.o
                0x08005fba                HAL_TIM_PWM_PulseFinishedCallback
 .text.HAL_TIM_PWM_PulseFinishedHalfCpltCallback
                0x08005fbc        0x2 ./Drivers/STM32F1xx_HAL_Driver/Src/stm32f1xx_hal_tim.o
                0x08005fbc                HAL_TIM_PWM_PulseFinishedHalfCpltCallback
 .text.HAL_TIM_TriggerCallback
                0x08005fbe        0x2 ./Drivers/STM32F1xx_HAL_Driver/Src/stm32f1xx_hal_tim.o
                0x08005fbe                HAL_TIM_TriggerCallback
 .text.HAL_TIM_TriggerHalfCpltCallback
                0x08005fc0        0x2 ./Drivers/STM32F1xx_HAL_Driver/Src/stm32f1xx_hal_tim.o
                0x08005fc0                HAL_TIM_TriggerHalfCpltCallback
 .text.HAL_TIM_ErrorCallback
                0x08005fc2        0x2 ./Drivers/STM32F1xx_HAL_Driver/Src/stm32f1xx_hal_tim.o
                0x08005fc2                HAL_TIM_ErrorCallback
 .text.HAL_TIM_Base_Start_IT
                0x08005fc4       0x54 ./Drivers/STM32F1xx_HAL_Driver/Src/stm32f1xx_hal_tim.o
                0x08005fc4                HAL_TIM_Base_Start_IT
 .text.HAL_TIM_IRQHandler
                0x08006018      0x140 ./Drivers/STM32F1xx_HAL_Driver/Src/stm32f1xx_hal_tim.o
                0x08006018                HAL_TIM_IRQHandler
 .text.TIM_Base_SetConfig
                0x08006158       0x64 ./Drivers/STM32F1xx_HAL_Driver/Src/stm32f1xx_hal_tim.o
                0x08006158                TIM_Base_SetConfig
 .text.TIM_ETR_SetConfig
                0x080061bc       0x14 ./Drivers/STM32F1xx_HAL_Driver/Src/stm32f1xx_hal_tim.o
                0x080061bc                TIM_ETR_SetConfig
 .text.HAL_TIM_ConfigClockSource
                0x080061d0      0x132 ./Drivers/STM32F1xx_HAL_Driver/Src/stm32f1xx_hal_tim.o
                0x080061d0                HAL_TIM_ConfigClockSource
 *fill*         0x08006302        0x2 
 .text.TIM_ResetCallback
                0x08006304       0x84 ./Drivers/STM32F1xx_HAL_Driver/Src/stm32f1xx_hal_tim.o
                0x08006304                TIM_ResetCallback
 .text.HAL_TIM_Base_Init
                0x08006388       0x6c ./Drivers/STM32F1xx_HAL_Driver/Src/stm32f1xx_hal_tim.o
                0x08006388                HAL_TIM_Base_Init
 .text.HAL_TIMEx_MasterConfigSynchronization
                0x080063f4       0x5c ./Drivers/STM32F1xx_HAL_Driver/Src/stm32f1xx_hal_tim_ex.o
                0x080063f4                HAL_TIMEx_MasterConfigSynchronization
 .text.HAL_TIMEx_CommutCallback
                0x08006450        0x2 ./Drivers/STM32F1xx_HAL_Driver/Src/stm32f1xx_hal_tim_ex.o
                0x08006450                HAL_TIMEx_CommutCallback
 .text.HAL_TIMEx_CommutHalfCpltCallback
                0x08006452        0x2 ./Drivers/STM32F1xx_HAL_Driver/Src/stm32f1xx_hal_tim_ex.o
                0x08006452                HAL_TIMEx_CommutHalfCpltCallback
 .text.HAL_TIMEx_BreakCallback
                0x08006454        0x2 ./Drivers/STM32F1xx_HAL_Driver/Src/stm32f1xx_hal_tim_ex.o
                0x08006454                HAL_TIMEx_BreakCallback
 .text.HAL_UARTEx_RxEventCallback
                0x08006456        0x2 ./Drivers/STM32F1xx_HAL_Driver/Src/stm32f1xx_hal_uart.o
                0x08006456                HAL_UARTEx_RxEventCallback
 .text.UART_EndRxTransfer
                0x08006458       0x5c ./Drivers/STM32F1xx_HAL_Driver/Src/stm32f1xx_hal_uart.o
 .text.UART_DMAAbortOnError
                0x080064b4        0xc ./Drivers/STM32F1xx_HAL_Driver/Src/stm32f1xx_hal_uart.o
 .text.UART_SetConfig
                0x080064c0       0x74 ./Drivers/STM32F1xx_HAL_Driver/Src/stm32f1xx_hal_uart.o
 .text.UART_WaitOnFlagUntilTimeout.constprop.0
                0x08006534       0x64 ./Drivers/STM32F1xx_HAL_Driver/Src/stm32f1xx_hal_uart.o
 .text.UART_Receive_IT.isra.0
                0x08006598       0xb6 ./Drivers/STM32F1xx_HAL_Driver/Src/stm32f1xx_hal_uart.o
 .text.HAL_UART_AbortReceiveCpltCallback
                0x0800664e        0x2 ./Drivers/STM32F1xx_HAL_Driver/Src/stm32f1xx_hal_uart.o
                0x0800664e                HAL_UART_AbortReceiveCpltCallback
 .text.HAL_UART_TxCpltCallback
                0x08006650        0x2 ./Drivers/STM32F1xx_HAL_Driver/Src/stm32f1xx_hal_uart.o
                0x08006650                HAL_UART_TxCpltCallback
 .text.HAL_UART_TxHalfCpltCallback
                0x08006652        0x2 ./Drivers/STM32F1xx_HAL_Driver/Src/stm32f1xx_hal_uart.o
                0x08006652                HAL_UART_TxHalfCpltCallback
 .text.HAL_UART_RxHalfCpltCallback
                0x08006654        0x2 ./Drivers/STM32F1xx_HAL_Driver/Src/stm32f1xx_hal_uart.o
                0x08006654                HAL_UART_RxHalfCpltCallback
 .text.HAL_UART_ErrorCallback
                0x08006656        0x2 ./Drivers/STM32F1xx_HAL_Driver/Src/stm32f1xx_hal_uart.o
                0x08006656                HAL_UART_ErrorCallback
 .text.HAL_UART_AbortCpltCallback
                0x08006658        0x2 ./Drivers/STM32F1xx_HAL_Driver/Src/stm32f1xx_hal_uart.o
                0x08006658                HAL_UART_AbortCpltCallback
 .text.HAL_UART_AbortTransmitCpltCallback
                0x0800665a        0x2 ./Drivers/STM32F1xx_HAL_Driver/Src/stm32f1xx_hal_uart.o
                0x0800665a                HAL_UART_AbortTransmitCpltCallback
 .text.HAL_UART_Receive
                0x0800665c       0xae ./Drivers/STM32F1xx_HAL_Driver/Src/stm32f1xx_hal_uart.o
                0x0800665c                HAL_UART_Receive
 *fill*         0x0800670a        0x2 
 .text.HAL_UART_IRQHandler
                0x0800670c      0x298 ./Drivers/STM32F1xx_HAL_Driver/Src/stm32f1xx_hal_uart.o
                0x0800670c                HAL_UART_IRQHandler
 .text.UART_InitCallbacksToDefault
                0x080069a4       0x4c ./Drivers/STM32F1xx_HAL_Driver/Src/stm32f1xx_hal_uart.o
                0x080069a4                UART_InitCallbacksToDefault
 .text.HAL_UART_Init
                0x080069f0       0x74 ./Drivers/STM32F1xx_HAL_Driver/Src/stm32f1xx_hal_uart.o
                0x080069f0                HAL_UART_Init
 .text.UART_Start_Receive_IT
                0x08006a64       0x32 ./Drivers/STM32F1xx_HAL_Driver/Src/stm32f1xx_hal_uart.o
                0x08006a64                UART_Start_Receive_IT
 .text.HAL_UART_Receive_IT
                0x08006a96       0x22 ./Drivers/STM32F1xx_HAL_Driver/Src/stm32f1xx_hal_uart.o
                0x08006a96                HAL_UART_Receive_IT
 .text.USB_CoreInit
                0x08006ab8        0xe ./Drivers/STM32F1xx_HAL_Driver/Src/stm32f1xx_ll_usb.o
                0x08006ab8                USB_CoreInit
 .text.USB_EnableGlobalInt
                0x08006ac6       0x12 ./Drivers/STM32F1xx_HAL_Driver/Src/stm32f1xx_ll_usb.o
                0x08006ac6                USB_EnableGlobalInt
 .text.USB_DisableGlobalInt
                0x08006ad8       0x14 ./Drivers/STM32F1xx_HAL_Driver/Src/stm32f1xx_ll_usb.o
                0x08006ad8                USB_DisableGlobalInt
 .text.USB_SetCurrentMode
                0x08006aec        0x4 ./Drivers/STM32F1xx_HAL_Driver/Src/stm32f1xx_ll_usb.o
                0x08006aec                USB_SetCurrentMode
 .text.USB_DevInit
                0x08006af0       0x22 ./Drivers/STM32F1xx_HAL_Driver/Src/stm32f1xx_ll_usb.o
                0x08006af0                USB_DevInit
 *fill*         0x08006b12        0x2 
 .text.USB_ActivateEndpoint
                0x08006b14      0x2c0 ./Drivers/STM32F1xx_HAL_Driver/Src/stm32f1xx_ll_usb.o
                0x08006b14                USB_ActivateEndpoint
 .text.USB_DeactivateEndpoint
                0x08006dd4      0x1a6 ./Drivers/STM32F1xx_HAL_Driver/Src/stm32f1xx_ll_usb.o
                0x08006dd4                USB_DeactivateEndpoint
 .text.USB_EPSetStall
                0x08006f7a       0x40 ./Drivers/STM32F1xx_HAL_Driver/Src/stm32f1xx_ll_usb.o
                0x08006f7a                USB_EPSetStall
 .text.USB_EPClearStall
                0x08006fba       0x92 ./Drivers/STM32F1xx_HAL_Driver/Src/stm32f1xx_ll_usb.o
                0x08006fba                USB_EPClearStall
 .text.USB_SetDevAddress
                0x0800704c        0xc ./Drivers/STM32F1xx_HAL_Driver/Src/stm32f1xx_ll_usb.o
                0x0800704c                USB_SetDevAddress
 .text.USB_DevConnect
                0x08007058        0x4 ./Drivers/STM32F1xx_HAL_Driver/Src/stm32f1xx_ll_usb.o
                0x08007058                USB_DevConnect
 .text.USB_DevDisconnect
                0x0800705c        0x4 ./Drivers/STM32F1xx_HAL_Driver/Src/stm32f1xx_ll_usb.o
                0x0800705c                USB_DevDisconnect
 .text.USB_ReadInterrupts
                0x08007060        0x8 ./Drivers/STM32F1xx_HAL_Driver/Src/stm32f1xx_ll_usb.o
                0x08007060                USB_ReadInterrupts
 .text.USB_EP0_OutStart
                0x08007068        0x4 ./Drivers/STM32F1xx_HAL_Driver/Src/stm32f1xx_ll_usb.o
                0x08007068                USB_EP0_OutStart
 .text.USB_WritePMA
                0x0800706c       0x20 ./Drivers/STM32F1xx_HAL_Driver/Src/stm32f1xx_ll_usb.o
                0x0800706c                USB_WritePMA
 .text.USB_EPStartXfer
                0x0800708c      0x46a ./Drivers/STM32F1xx_HAL_Driver/Src/stm32f1xx_ll_usb.o
                0x0800708c                USB_EPStartXfer
 .text.USB_ReadPMA
                0x080074f6       0x38 ./Drivers/STM32F1xx_HAL_Driver/Src/stm32f1xx_ll_usb.o
                0x080074f6                USB_ReadPMA
 .text.USBD_CDC_EP0_RxReady
                0x0800752e       0x28 ./Middlewares/ST/STM32_USB_Device_Library/Class/CDC/Src/usbd_cdc.o
 *fill*         0x08007556        0x2 
 .text.USBD_CDC_GetFSCfgDesc
                0x08007558        0xc ./Middlewares/ST/STM32_USB_Device_Library/Class/CDC/Src/usbd_cdc.o
 .text.USBD_CDC_GetHSCfgDesc
                0x08007564        0xc ./Middlewares/ST/STM32_USB_Device_Library/Class/CDC/Src/usbd_cdc.o
 .text.USBD_CDC_GetOtherSpeedCfgDesc
                0x08007570        0xc ./Middlewares/ST/STM32_USB_Device_Library/Class/CDC/Src/usbd_cdc.o
 .text.USBD_CDC_GetDeviceQualifierDescriptor
                0x0800757c        0xc ./Middlewares/ST/STM32_USB_Device_Library/Class/CDC/Src/usbd_cdc.o
                0x0800757c                USBD_CDC_GetDeviceQualifierDescriptor
 .text.USBD_CDC_DataOut
                0x08007588       0x2e ./Middlewares/ST/STM32_USB_Device_Library/Class/CDC/Src/usbd_cdc.o
 .text.USBD_CDC_DataIn
                0x080075b6       0x40 ./Middlewares/ST/STM32_USB_Device_Library/Class/CDC/Src/usbd_cdc.o
 .text.USBD_CDC_Setup
                0x080075f6       0xa2 ./Middlewares/ST/STM32_USB_Device_Library/Class/CDC/Src/usbd_cdc.o
 .text.USBD_CDC_DeInit
                0x08007698       0x42 ./Middlewares/ST/STM32_USB_Device_Library/Class/CDC/Src/usbd_cdc.o
 .text.USBD_CDC_Init
                0x080076da       0x8c ./Middlewares/ST/STM32_USB_Device_Library/Class/CDC/Src/usbd_cdc.o
 .text.USBD_CDC_RegisterInterface
                0x08007766        0xe ./Middlewares/ST/STM32_USB_Device_Library/Class/CDC/Src/usbd_cdc.o
                0x08007766                USBD_CDC_RegisterInterface
 .text.USBD_CDC_SetTxBuffer
                0x08007774       0x10 ./Middlewares/ST/STM32_USB_Device_Library/Class/CDC/Src/usbd_cdc.o
                0x08007774                USBD_CDC_SetTxBuffer
 .text.USBD_CDC_SetRxBuffer
                0x08007784        0xc ./Middlewares/ST/STM32_USB_Device_Library/Class/CDC/Src/usbd_cdc.o
                0x08007784                USBD_CDC_SetRxBuffer
 .text.USBD_CDC_TransmitPacket
                0x08007790       0x32 ./Middlewares/ST/STM32_USB_Device_Library/Class/CDC/Src/usbd_cdc.o
                0x08007790                USBD_CDC_TransmitPacket
 .text.USBD_CDC_ReceivePacket
                0x080077c2       0x26 ./Middlewares/ST/STM32_USB_Device_Library/Class/CDC/Src/usbd_cdc.o
                0x080077c2                USBD_CDC_ReceivePacket
 .text.USBD_Init
                0x080077e8       0x2a ./Middlewares/ST/STM32_USB_Device_Library/Core/Src/usbd_core.o
                0x080077e8                USBD_Init
 .text.USBD_RegisterClass
                0x08007812        0xe ./Middlewares/ST/STM32_USB_Device_Library/Core/Src/usbd_core.o
                0x08007812                USBD_RegisterClass
 .text.USBD_Start
                0x08007820        0xa ./Middlewares/ST/STM32_USB_Device_Library/Core/Src/usbd_core.o
                0x08007820                USBD_Start
 .text.USBD_SetClassConfig
                0x0800782a       0x1a ./Middlewares/ST/STM32_USB_Device_Library/Core/Src/usbd_core.o
                0x0800782a                USBD_SetClassConfig
 .text.USBD_ClrClassConfig
                0x08007844        0xe ./Middlewares/ST/STM32_USB_Device_Library/Core/Src/usbd_core.o
                0x08007844                USBD_ClrClassConfig
 .text.USBD_LL_SetupStage
                0x08007852       0x5a ./Middlewares/ST/STM32_USB_Device_Library/Core/Src/usbd_core.o
                0x08007852                USBD_LL_SetupStage
 .text.USBD_LL_DataOutStage
                0x080078ac       0x70 ./Middlewares/ST/STM32_USB_Device_Library/Core/Src/usbd_core.o
                0x080078ac                USBD_LL_DataOutStage
 .text.USBD_LL_DataInStage
                0x0800791c       0xb8 ./Middlewares/ST/STM32_USB_Device_Library/Core/Src/usbd_core.o
                0x0800791c                USBD_LL_DataInStage
 .text.USBD_LL_Reset
                0x080079d4       0x4e ./Middlewares/ST/STM32_USB_Device_Library/Core/Src/usbd_core.o
                0x080079d4                USBD_LL_Reset
 .text.USBD_LL_SetSpeed
                0x08007a22        0x6 ./Middlewares/ST/STM32_USB_Device_Library/Core/Src/usbd_core.o
                0x08007a22                USBD_LL_SetSpeed
 .text.USBD_LL_Suspend
                0x08007a28       0x12 ./Middlewares/ST/STM32_USB_Device_Library/Core/Src/usbd_core.o
                0x08007a28                USBD_LL_Suspend
 .text.USBD_LL_Resume
                0x08007a3a       0x14 ./Middlewares/ST/STM32_USB_Device_Library/Core/Src/usbd_core.o
                0x08007a3a                USBD_LL_Resume
 .text.USBD_LL_SOF
                0x08007a4e       0x18 ./Middlewares/ST/STM32_USB_Device_Library/Core/Src/usbd_core.o
                0x08007a4e                USBD_LL_SOF
 .text.USBD_LL_IsoINIncomplete
                0x08007a66        0x4 ./Middlewares/ST/STM32_USB_Device_Library/Core/Src/usbd_core.o
                0x08007a66                USBD_LL_IsoINIncomplete
 .text.USBD_LL_IsoOUTIncomplete
                0x08007a6a        0x4 ./Middlewares/ST/STM32_USB_Device_Library/Core/Src/usbd_core.o
                0x08007a6a                USBD_LL_IsoOUTIncomplete
 .text.USBD_LL_DevConnected
                0x08007a6e        0x4 ./Middlewares/ST/STM32_USB_Device_Library/Core/Src/usbd_core.o
                0x08007a6e                USBD_LL_DevConnected
 .text.USBD_LL_DevDisconnected
                0x08007a72       0x16 ./Middlewares/ST/STM32_USB_Device_Library/Core/Src/usbd_core.o
                0x08007a72                USBD_LL_DevDisconnected
 .text.USBD_CtlError.constprop.0
                0x08007a88       0x16 ./Middlewares/ST/STM32_USB_Device_Library/Core/Src/usbd_ctlreq.o
 *fill*         0x08007a9e        0x2 
 .text.USBD_StdDevReq
                0x08007aa0      0x290 ./Middlewares/ST/STM32_USB_Device_Library/Core/Src/usbd_ctlreq.o
                0x08007aa0                USBD_StdDevReq
 .text.USBD_StdItfReq
                0x08007d30       0x48 ./Middlewares/ST/STM32_USB_Device_Library/Core/Src/usbd_ctlreq.o
                0x08007d30                USBD_StdItfReq
 .text.USBD_StdEPReq
                0x08007d78      0x118 ./Middlewares/ST/STM32_USB_Device_Library/Core/Src/usbd_ctlreq.o
                0x08007d78                USBD_StdEPReq
 .text.USBD_ParseSetupRequest
                0x08007e90       0x16 ./Middlewares/ST/STM32_USB_Device_Library/Core/Src/usbd_ctlreq.o
                0x08007e90                USBD_ParseSetupRequest
 .text.USBD_CtlError
                0x08007ea6       0x16 ./Middlewares/ST/STM32_USB_Device_Library/Core/Src/usbd_ctlreq.o
                0x08007ea6                USBD_CtlError
 .text.USBD_GetString
                0x08007ebc       0x38 ./Middlewares/ST/STM32_USB_Device_Library/Core/Src/usbd_ctlreq.o
                0x08007ebc                USBD_GetString
 .text.USBD_CtlSendData
                0x08007ef4       0x1a ./Middlewares/ST/STM32_USB_Device_Library/Core/Src/usbd_ioreq.o
                0x08007ef4                USBD_CtlSendData
 .text.USBD_CtlContinueSendData
                0x08007f0e       0x10 ./Middlewares/ST/STM32_USB_Device_Library/Core/Src/usbd_ioreq.o
                0x08007f0e                USBD_CtlContinueSendData
 .text.USBD_CtlPrepareRx
                0x08007f1e       0x1a ./Middlewares/ST/STM32_USB_Device_Library/Core/Src/usbd_ioreq.o
                0x08007f1e                USBD_CtlPrepareRx
 .text.USBD_CtlContinueRx
                0x08007f38       0x10 ./Middlewares/ST/STM32_USB_Device_Library/Core/Src/usbd_ioreq.o
                0x08007f38                USBD_CtlContinueRx
 .text.USBD_CtlSendStatus
                0x08007f48       0x16 ./Middlewares/ST/STM32_USB_Device_Library/Core/Src/usbd_ioreq.o
                0x08007f48                USBD_CtlSendStatus
 .text.USBD_CtlReceiveStatus
                0x08007f5e       0x16 ./Middlewares/ST/STM32_USB_Device_Library/Core/Src/usbd_ioreq.o
                0x08007f5e                USBD_CtlReceiveStatus
 .text.MX_USB_DEVICE_Init
                0x08007f74       0x50 ./USB_DEVICE/App/usb_device.o
                0x08007f74                MX_USB_DEVICE_Init
 .text.CDC_DeInit_FS
                0x08007fc4        0xc ./USB_DEVICE/App/usbd_cdc_if.o
 .text.CDC_Control_FS
                0x08007fd0        0x4 ./USB_DEVICE/App/usbd_cdc_if.o
 .text.CDC_Receive_FS
                0x08007fd4       0x24 ./USB_DEVICE/App/usbd_cdc_if.o
 .text.CDC_Init_FS
                0x08007ff8       0x30 ./USB_DEVICE/App/usbd_cdc_if.o
 .text.USBD_FS_DeviceDescriptor
                0x08008028        0xc ./USB_DEVICE/App/usbd_desc.o
                0x08008028                USBD_FS_DeviceDescriptor
 .text.USBD_FS_LangIDStrDescriptor
                0x08008034        0xc ./USB_DEVICE/App/usbd_desc.o
                0x08008034                USBD_FS_LangIDStrDescriptor
 .text.IntToUnicode
                0x08008040       0x2a ./USB_DEVICE/App/usbd_desc.o
 *fill*         0x0800806a        0x2 
 .text.USBD_FS_SerialStrDescriptor
                0x0800806c       0x3c ./USB_DEVICE/App/usbd_desc.o
                0x0800806c                USBD_FS_SerialStrDescriptor
 .text.USBD_FS_ManufacturerStrDescriptor
                0x080080a8       0x1c ./USB_DEVICE/App/usbd_desc.o
                0x080080a8                USBD_FS_ManufacturerStrDescriptor
 .text.USBD_FS_ProductStrDescriptor
                0x080080c4       0x1c ./USB_DEVICE/App/usbd_desc.o
                0x080080c4                USBD_FS_ProductStrDescriptor
 .text.USBD_FS_ConfigStrDescriptor
                0x080080e0       0x1c ./USB_DEVICE/App/usbd_desc.o
                0x080080e0                USBD_FS_ConfigStrDescriptor
 .text.USBD_FS_InterfaceStrDescriptor
                0x080080fc       0x1c ./USB_DEVICE/App/usbd_desc.o
                0x080080fc                USBD_FS_InterfaceStrDescriptor
 .text.USBD_Get_USB_Status
                0x08008118        0xc ./USB_DEVICE/Target/usbd_conf.o
 .text.PCD_ISOINIncompleteCallback
                0x08008124        0x8 ./USB_DEVICE/Target/usbd_conf.o
 .text.PCD_ISOOUTIncompleteCallback
                0x0800812c        0x8 ./USB_DEVICE/Target/usbd_conf.o
 .text.PCD_DataInStageCallback
                0x08008134       0x10 ./USB_DEVICE/Target/usbd_conf.o
 .text.PCD_DataOutStageCallback
                0x08008144       0x12 ./USB_DEVICE/Target/usbd_conf.o
 .text.PCD_DisconnectCallback
                0x08008156        0x8 ./USB_DEVICE/Target/usbd_conf.o
 .text.PCD_ConnectCallback
                0x0800815e        0x8 ./USB_DEVICE/Target/usbd_conf.o
 .text.PCD_ResumeCallback
                0x08008166        0x8 ./USB_DEVICE/Target/usbd_conf.o
 .text.PCD_ResetCallback
                0x0800816e       0x24 ./USB_DEVICE/Target/usbd_conf.o
 .text.PCD_SetupStageCallback
                0x08008192        0xc ./USB_DEVICE/Target/usbd_conf.o
 .text.PCD_SOFCallback
                0x0800819e        0x8 ./USB_DEVICE/Target/usbd_conf.o
 *fill*         0x080081a6        0x2 
 .text.PCD_SuspendCallback
                0x080081a8       0x20 ./USB_DEVICE/Target/usbd_conf.o
 .text.HAL_PCD_MspInit
                0x080081c8       0x40 ./USB_DEVICE/Target/usbd_conf.o
                0x080081c8                HAL_PCD_MspInit
 .text.USBD_LL_Init
                0x08008208      0x114 ./USB_DEVICE/Target/usbd_conf.o
                0x08008208                USBD_LL_Init
 .text.USBD_LL_Start
                0x0800831c       0x12 ./USB_DEVICE/Target/usbd_conf.o
                0x0800831c                USBD_LL_Start
 .text.USBD_LL_OpenEP
                0x0800832e       0x18 ./USB_DEVICE/Target/usbd_conf.o
                0x0800832e                USBD_LL_OpenEP
 .text.USBD_LL_CloseEP
                0x08008346       0x12 ./USB_DEVICE/Target/usbd_conf.o
                0x08008346                USBD_LL_CloseEP
 .text.USBD_LL_StallEP
                0x08008358       0x12 ./USB_DEVICE/Target/usbd_conf.o
                0x08008358                USBD_LL_StallEP
 .text.USBD_LL_ClearStallEP
                0x0800836a       0x12 ./USB_DEVICE/Target/usbd_conf.o
                0x0800836a                USBD_LL_ClearStallEP
 .text.USBD_LL_IsStallEP
                0x0800837c       0x22 ./USB_DEVICE/Target/usbd_conf.o
                0x0800837c                USBD_LL_IsStallEP
 .text.USBD_LL_SetUSBAddress
                0x0800839e       0x12 ./USB_DEVICE/Target/usbd_conf.o
                0x0800839e                USBD_LL_SetUSBAddress
 .text.USBD_LL_Transmit
                0x080083b0       0x12 ./USB_DEVICE/Target/usbd_conf.o
                0x080083b0                USBD_LL_Transmit
 .text.USBD_LL_PrepareReceive
                0x080083c2       0x12 ./USB_DEVICE/Target/usbd_conf.o
                0x080083c2                USBD_LL_PrepareReceive
 .text.USBD_LL_GetRxDataSize
                0x080083d4        0x8 ./USB_DEVICE/Target/usbd_conf.o
                0x080083d4                USBD_LL_GetRxDataSize
 .text.USBD_static_malloc
                0x080083dc        0x8 ./USB_DEVICE/Target/usbd_conf.o
                0x080083dc                USBD_static_malloc
 .text.USBD_static_free
                0x080083e4        0x2 ./USB_DEVICE/Target/usbd_conf.o
                0x080083e4                USBD_static_free
 .text.atof     0x080083e6        0x6 C:/Program Files/STM32CubeIDE_1.18.1/STM32CubeIDE/plugins/com.st.stm32cube.ide.mcu.externaltools.gnu-tools-for-stm32.13.3.rel1.win32_1.0.0.202411081344/tools/bin/../lib/gcc/arm-none-eabi/13.3.1/../../../../arm-none-eabi/lib/thumb/v7-m/nofp\libc_nano.a(libc_a-atof.o)
                0x080083e6                atof
 .text.atoi     0x080083ec        0x8 C:/Program Files/STM32CubeIDE_1.18.1/STM32CubeIDE/plugins/com.st.stm32cube.ide.mcu.externaltools.gnu-tools-for-stm32.13.3.rel1.win32_1.0.0.202411081344/tools/bin/../lib/gcc/arm-none-eabi/13.3.1/../../../../arm-none-eabi/lib/thumb/v7-m/nofp\libc_nano.a(libc_a-atoi.o)
                0x080083ec                atoi
 .text.sulp     0x080083f4       0x42 C:/Program Files/STM32CubeIDE_1.18.1/STM32CubeIDE/plugins/com.st.stm32cube.ide.mcu.externaltools.gnu-tools-for-stm32.13.3.rel1.win32_1.0.0.202411081344/tools/bin/../lib/gcc/arm-none-eabi/13.3.1/../../../../arm-none-eabi/lib/thumb/v7-m/nofp\libc_nano.a(libc_a-strtod.o)
 *fill*         0x08008436        0x2 
 .text._strtod_l
                0x08008438      0xbb0 C:/Program Files/STM32CubeIDE_1.18.1/STM32CubeIDE/plugins/com.st.stm32cube.ide.mcu.externaltools.gnu-tools-for-stm32.13.3.rel1.win32_1.0.0.202411081344/tools/bin/../lib/gcc/arm-none-eabi/13.3.1/../../../../arm-none-eabi/lib/thumb/v7-m/nofp\libc_nano.a(libc_a-strtod.o)
                0x08008438                _strtod_l
 .text.strtod   0x08008fe8       0x18 C:/Program Files/STM32CubeIDE_1.18.1/STM32CubeIDE/plugins/com.st.stm32cube.ide.mcu.externaltools.gnu-tools-for-stm32.13.3.rel1.win32_1.0.0.202411081344/tools/bin/../lib/gcc/arm-none-eabi/13.3.1/../../../../arm-none-eabi/lib/thumb/v7-m/nofp\libc_nano.a(libc_a-strtod.o)
                0x08008fe8                strtod
 .text._strtol_l.isra.0
                0x08009000       0xf4 C:/Program Files/STM32CubeIDE_1.18.1/STM32CubeIDE/plugins/com.st.stm32cube.ide.mcu.externaltools.gnu-tools-for-stm32.13.3.rel1.win32_1.0.0.202411081344/tools/bin/../lib/gcc/arm-none-eabi/13.3.1/../../../../arm-none-eabi/lib/thumb/v7-m/nofp\libc_nano.a(libc_a-strtol.o)
 .text.strtol   0x080090f4       0x14 C:/Program Files/STM32CubeIDE_1.18.1/STM32CubeIDE/plugins/com.st.stm32cube.ide.mcu.externaltools.gnu-tools-for-stm32.13.3.rel1.win32_1.0.0.202411081344/tools/bin/../lib/gcc/arm-none-eabi/13.3.1/../../../../arm-none-eabi/lib/thumb/v7-m/nofp\libc_nano.a(libc_a-strtol.o)
                0x080090f4                strtol
 .text.std      0x08009108       0x6c C:/Program Files/STM32CubeIDE_1.18.1/STM32CubeIDE/plugins/com.st.stm32cube.ide.mcu.externaltools.gnu-tools-for-stm32.13.3.rel1.win32_1.0.0.202411081344/tools/bin/../lib/gcc/arm-none-eabi/13.3.1/../../../../arm-none-eabi/lib/thumb/v7-m/nofp\libc_nano.a(libc_a-findfp.o)
 .text.stdio_exit_handler
                0x08009174       0x18 C:/Program Files/STM32CubeIDE_1.18.1/STM32CubeIDE/plugins/com.st.stm32cube.ide.mcu.externaltools.gnu-tools-for-stm32.13.3.rel1.win32_1.0.0.202411081344/tools/bin/../lib/gcc/arm-none-eabi/13.3.1/../../../../arm-none-eabi/lib/thumb/v7-m/nofp\libc_nano.a(libc_a-findfp.o)
 .text.cleanup_stdio
                0x0800918c       0x40 C:/Program Files/STM32CubeIDE_1.18.1/STM32CubeIDE/plugins/com.st.stm32cube.ide.mcu.externaltools.gnu-tools-for-stm32.13.3.rel1.win32_1.0.0.202411081344/tools/bin/../lib/gcc/arm-none-eabi/13.3.1/../../../../arm-none-eabi/lib/thumb/v7-m/nofp\libc_nano.a(libc_a-findfp.o)
 .text.global_stdio_init.part.0
                0x080091cc       0x3c C:/Program Files/STM32CubeIDE_1.18.1/STM32CubeIDE/plugins/com.st.stm32cube.ide.mcu.externaltools.gnu-tools-for-stm32.13.3.rel1.win32_1.0.0.202411081344/tools/bin/../lib/gcc/arm-none-eabi/13.3.1/../../../../arm-none-eabi/lib/thumb/v7-m/nofp\libc_nano.a(libc_a-findfp.o)
 .text.__sfp_lock_acquire
                0x08009208        0xc C:/Program Files/STM32CubeIDE_1.18.1/STM32CubeIDE/plugins/com.st.stm32cube.ide.mcu.externaltools.gnu-tools-for-stm32.13.3.rel1.win32_1.0.0.202411081344/tools/bin/../lib/gcc/arm-none-eabi/13.3.1/../../../../arm-none-eabi/lib/thumb/v7-m/nofp\libc_nano.a(libc_a-findfp.o)
                0x08009208                __sfp_lock_acquire
 .text.__sfp_lock_release
                0x08009214        0xc C:/Program Files/STM32CubeIDE_1.18.1/STM32CubeIDE/plugins/com.st.stm32cube.ide.mcu.externaltools.gnu-tools-for-stm32.13.3.rel1.win32_1.0.0.202411081344/tools/bin/../lib/gcc/arm-none-eabi/13.3.1/../../../../arm-none-eabi/lib/thumb/v7-m/nofp\libc_nano.a(libc_a-findfp.o)
                0x08009214                __sfp_lock_release
 .text.__sinit  0x08009220       0x30 C:/Program Files/STM32CubeIDE_1.18.1/STM32CubeIDE/plugins/com.st.stm32cube.ide.mcu.externaltools.gnu-tools-for-stm32.13.3.rel1.win32_1.0.0.202411081344/tools/bin/../lib/gcc/arm-none-eabi/13.3.1/../../../../arm-none-eabi/lib/thumb/v7-m/nofp\libc_nano.a(libc_a-findfp.o)
                0x08009220                __sinit
 .text._fwalk_sglue
                0x08009250       0x3c C:/Program Files/STM32CubeIDE_1.18.1/STM32CubeIDE/plugins/com.st.stm32cube.ide.mcu.externaltools.gnu-tools-for-stm32.13.3.rel1.win32_1.0.0.202411081344/tools/bin/../lib/gcc/arm-none-eabi/13.3.1/../../../../arm-none-eabi/lib/thumb/v7-m/nofp\libc_nano.a(libc_a-fwalk.o)
                0x08009250                _fwalk_sglue
 .text.snprintf
                0x0800928c       0x6c C:/Program Files/STM32CubeIDE_1.18.1/STM32CubeIDE/plugins/com.st.stm32cube.ide.mcu.externaltools.gnu-tools-for-stm32.13.3.rel1.win32_1.0.0.202411081344/tools/bin/../lib/gcc/arm-none-eabi/13.3.1/../../../../arm-none-eabi/lib/thumb/v7-m/nofp\libc_nano.a(libc_a-snprintf.o)
                0x0800928c                sniprintf
                0x0800928c                snprintf
 .text.__sread  0x080092f8       0x22 C:/Program Files/STM32CubeIDE_1.18.1/STM32CubeIDE/plugins/com.st.stm32cube.ide.mcu.externaltools.gnu-tools-for-stm32.13.3.rel1.win32_1.0.0.202411081344/tools/bin/../lib/gcc/arm-none-eabi/13.3.1/../../../../arm-none-eabi/lib/thumb/v7-m/nofp\libc_nano.a(libc_a-stdio.o)
                0x080092f8                __sread
 .text.__swrite
                0x0800931a       0x38 C:/Program Files/STM32CubeIDE_1.18.1/STM32CubeIDE/plugins/com.st.stm32cube.ide.mcu.externaltools.gnu-tools-for-stm32.13.3.rel1.win32_1.0.0.202411081344/tools/bin/../lib/gcc/arm-none-eabi/13.3.1/../../../../arm-none-eabi/lib/thumb/v7-m/nofp\libc_nano.a(libc_a-stdio.o)
                0x0800931a                __swrite
 .text.__sseek  0x08009352       0x24 C:/Program Files/STM32CubeIDE_1.18.1/STM32CubeIDE/plugins/com.st.stm32cube.ide.mcu.externaltools.gnu-tools-for-stm32.13.3.rel1.win32_1.0.0.202411081344/tools/bin/../lib/gcc/arm-none-eabi/13.3.1/../../../../arm-none-eabi/lib/thumb/v7-m/nofp\libc_nano.a(libc_a-stdio.o)
                0x08009352                __sseek
 .text.__sclose
                0x08009376        0x8 C:/Program Files/STM32CubeIDE_1.18.1/STM32CubeIDE/plugins/com.st.stm32cube.ide.mcu.externaltools.gnu-tools-for-stm32.13.3.rel1.win32_1.0.0.202411081344/tools/bin/../lib/gcc/arm-none-eabi/13.3.1/../../../../arm-none-eabi/lib/thumb/v7-m/nofp\libc_nano.a(libc_a-stdio.o)
                0x08009376                __sclose
 .text.memset   0x0800937e       0x10 C:/Program Files/STM32CubeIDE_1.18.1/STM32CubeIDE/plugins/com.st.stm32cube.ide.mcu.externaltools.gnu-tools-for-stm32.13.3.rel1.win32_1.0.0.202411081344/tools/bin/../lib/gcc/arm-none-eabi/13.3.1/../../../../arm-none-eabi/lib/thumb/v7-m/nofp\libc_nano.a(libc_a-memset.o)
                0x0800937e                memset
 .text.strncmp  0x0800938e       0x24 C:/Program Files/STM32CubeIDE_1.18.1/STM32CubeIDE/plugins/com.st.stm32cube.ide.mcu.externaltools.gnu-tools-for-stm32.13.3.rel1.win32_1.0.0.202411081344/tools/bin/../lib/gcc/arm-none-eabi/13.3.1/../../../../arm-none-eabi/lib/thumb/v7-m/nofp\libc_nano.a(libc_a-strncmp.o)
                0x0800938e                strncmp
 .text.__strtok_r
                0x080093b2       0x50 C:/Program Files/STM32CubeIDE_1.18.1/STM32CubeIDE/plugins/com.st.stm32cube.ide.mcu.externaltools.gnu-tools-for-stm32.13.3.rel1.win32_1.0.0.202411081344/tools/bin/../lib/gcc/arm-none-eabi/13.3.1/../../../../arm-none-eabi/lib/thumb/v7-m/nofp\libc_nano.a(libc_a-strtok_r.o)
                0x080093b2                __strtok_r
 .text.strtok_r
                0x08009402        0x6 C:/Program Files/STM32CubeIDE_1.18.1/STM32CubeIDE/plugins/com.st.stm32cube.ide.mcu.externaltools.gnu-tools-for-stm32.13.3.rel1.win32_1.0.0.202411081344/tools/bin/../lib/gcc/arm-none-eabi/13.3.1/../../../../arm-none-eabi/lib/thumb/v7-m/nofp\libc_nano.a(libc_a-strtok_r.o)
                0x08009402                strtok_r
 .text._close_r
                0x08009408       0x20 C:/Program Files/STM32CubeIDE_1.18.1/STM32CubeIDE/plugins/com.st.stm32cube.ide.mcu.externaltools.gnu-tools-for-stm32.13.3.rel1.win32_1.0.0.202411081344/tools/bin/../lib/gcc/arm-none-eabi/13.3.1/../../../../arm-none-eabi/lib/thumb/v7-m/nofp\libc_nano.a(libc_a-closer.o)
                0x08009408                _close_r
 .text._lseek_r
                0x08009428       0x24 C:/Program Files/STM32CubeIDE_1.18.1/STM32CubeIDE/plugins/com.st.stm32cube.ide.mcu.externaltools.gnu-tools-for-stm32.13.3.rel1.win32_1.0.0.202411081344/tools/bin/../lib/gcc/arm-none-eabi/13.3.1/../../../../arm-none-eabi/lib/thumb/v7-m/nofp\libc_nano.a(libc_a-lseekr.o)
                0x08009428                _lseek_r
 .text._read_r  0x0800944c       0x24 C:/Program Files/STM32CubeIDE_1.18.1/STM32CubeIDE/plugins/com.st.stm32cube.ide.mcu.externaltools.gnu-tools-for-stm32.13.3.rel1.win32_1.0.0.202411081344/tools/bin/../lib/gcc/arm-none-eabi/13.3.1/../../../../arm-none-eabi/lib/thumb/v7-m/nofp\libc_nano.a(libc_a-readr.o)
                0x0800944c                _read_r
 .text._write_r
                0x08009470       0x24 C:/Program Files/STM32CubeIDE_1.18.1/STM32CubeIDE/plugins/com.st.stm32cube.ide.mcu.externaltools.gnu-tools-for-stm32.13.3.rel1.win32_1.0.0.202411081344/tools/bin/../lib/gcc/arm-none-eabi/13.3.1/../../../../arm-none-eabi/lib/thumb/v7-m/nofp\libc_nano.a(libc_a-writer.o)
                0x08009470                _write_r
 .text.__errno  0x08009494        0xc C:/Program Files/STM32CubeIDE_1.18.1/STM32CubeIDE/plugins/com.st.stm32cube.ide.mcu.externaltools.gnu-tools-for-stm32.13.3.rel1.win32_1.0.0.202411081344/tools/bin/../lib/gcc/arm-none-eabi/13.3.1/../../../../arm-none-eabi/lib/thumb/v7-m/nofp\libc_nano.a(libc_a-errno.o)
                0x08009494                __errno
 .text.__libc_init_array
                0x080094a0       0x48 C:/Program Files/STM32CubeIDE_1.18.1/STM32CubeIDE/plugins/com.st.stm32cube.ide.mcu.externaltools.gnu-tools-for-stm32.13.3.rel1.win32_1.0.0.202411081344/tools/bin/../lib/gcc/arm-none-eabi/13.3.1/../../../../arm-none-eabi/lib/thumb/v7-m/nofp\libc_nano.a(libc_a-init.o)
                0x080094a0                __libc_init_array
 .text.__retarget_lock_init_recursive
                0x080094e8        0x2 C:/Program Files/STM32CubeIDE_1.18.1/STM32CubeIDE/plugins/com.st.stm32cube.ide.mcu.externaltools.gnu-tools-for-stm32.13.3.rel1.win32_1.0.0.202411081344/tools/bin/../lib/gcc/arm-none-eabi/13.3.1/../../../../arm-none-eabi/lib/thumb/v7-m/nofp\libc_nano.a(libc_a-lock.o)
                0x080094e8                __retarget_lock_init_recursive
 .text.__retarget_lock_acquire_recursive
                0x080094ea        0x2 C:/Program Files/STM32CubeIDE_1.18.1/STM32CubeIDE/plugins/com.st.stm32cube.ide.mcu.externaltools.gnu-tools-for-stm32.13.3.rel1.win32_1.0.0.202411081344/tools/bin/../lib/gcc/arm-none-eabi/13.3.1/../../../../arm-none-eabi/lib/thumb/v7-m/nofp\libc_nano.a(libc_a-lock.o)
                0x080094ea                __retarget_lock_acquire_recursive
 .text.__retarget_lock_release_recursive
                0x080094ec        0x2 C:/Program Files/STM32CubeIDE_1.18.1/STM32CubeIDE/plugins/com.st.stm32cube.ide.mcu.externaltools.gnu-tools-for-stm32.13.3.rel1.win32_1.0.0.202411081344/tools/bin/../lib/gcc/arm-none-eabi/13.3.1/../../../../arm-none-eabi/lib/thumb/v7-m/nofp\libc_nano.a(libc_a-lock.o)
                0x080094ec                __retarget_lock_release_recursive
 .text.memcpy   0x080094ee       0x1c C:/Program Files/STM32CubeIDE_1.18.1/STM32CubeIDE/plugins/com.st.stm32cube.ide.mcu.externaltools.gnu-tools-for-stm32.13.3.rel1.win32_1.0.0.202411081344/tools/bin/../lib/gcc/arm-none-eabi/13.3.1/../../../../arm-none-eabi/lib/thumb/v7-m/nofp\libc_nano.a(libc_a-memcpy-stub.o)
                0x080094ee                memcpy
 *fill*         0x0800950a        0x2 
 .text.nan      0x0800950c        0xc C:/Program Files/STM32CubeIDE_1.18.1/STM32CubeIDE/plugins/com.st.stm32cube.ide.mcu.externaltools.gnu-tools-for-stm32.13.3.rel1.win32_1.0.0.202411081344/tools/bin/../lib/gcc/arm-none-eabi/13.3.1/../../../../arm-none-eabi/lib/thumb/v7-m/nofp\libc_nano.a(libm_a-s_nan.o)
                0x0800950c                nan
 .text._free_r  0x08009518       0x90 C:/Program Files/STM32CubeIDE_1.18.1/STM32CubeIDE/plugins/com.st.stm32cube.ide.mcu.externaltools.gnu-tools-for-stm32.13.3.rel1.win32_1.0.0.202411081344/tools/bin/../lib/gcc/arm-none-eabi/13.3.1/../../../../arm-none-eabi/lib/thumb/v7-m/nofp\libc_nano.a(libc_a-freer.o)
                0x08009518                _free_r
 .text.rshift   0x080095a8       0xa6 C:/Program Files/STM32CubeIDE_1.18.1/STM32CubeIDE/plugins/com.st.stm32cube.ide.mcu.externaltools.gnu-tools-for-stm32.13.3.rel1.win32_1.0.0.202411081344/tools/bin/../lib/gcc/arm-none-eabi/13.3.1/../../../../arm-none-eabi/lib/thumb/v7-m/nofp\libc_nano.a(libc_a-gdtoa-gethex.o)
 .text.__hexdig_fun
                0x0800964e       0x2a C:/Program Files/STM32CubeIDE_1.18.1/STM32CubeIDE/plugins/com.st.stm32cube.ide.mcu.externaltools.gnu-tools-for-stm32.13.3.rel1.win32_1.0.0.202411081344/tools/bin/../lib/gcc/arm-none-eabi/13.3.1/../../../../arm-none-eabi/lib/thumb/v7-m/nofp\libc_nano.a(libc_a-gdtoa-gethex.o)
                0x0800964e                __hexdig_fun
 .text.__gethex
                0x08009678      0x420 C:/Program Files/STM32CubeIDE_1.18.1/STM32CubeIDE/plugins/com.st.stm32cube.ide.mcu.externaltools.gnu-tools-for-stm32.13.3.rel1.win32_1.0.0.202411081344/tools/bin/../lib/gcc/arm-none-eabi/13.3.1/../../../../arm-none-eabi/lib/thumb/v7-m/nofp\libc_nano.a(libc_a-gdtoa-gethex.o)
                0x08009678                __gethex
 .text.L_shift  0x08009a98       0x24 C:/Program Files/STM32CubeIDE_1.18.1/STM32CubeIDE/plugins/com.st.stm32cube.ide.mcu.externaltools.gnu-tools-for-stm32.13.3.rel1.win32_1.0.0.202411081344/tools/bin/../lib/gcc/arm-none-eabi/13.3.1/../../../../arm-none-eabi/lib/thumb/v7-m/nofp\libc_nano.a(libc_a-gdtoa-hexnan.o)
 .text.__match  0x08009abc       0x28 C:/Program Files/STM32CubeIDE_1.18.1/STM32CubeIDE/plugins/com.st.stm32cube.ide.mcu.externaltools.gnu-tools-for-stm32.13.3.rel1.win32_1.0.0.202411081344/tools/bin/../lib/gcc/arm-none-eabi/13.3.1/../../../../arm-none-eabi/lib/thumb/v7-m/nofp\libc_nano.a(libc_a-gdtoa-hexnan.o)
                0x08009abc                __match
 .text.__hexnan
                0x08009ae4      0x136 C:/Program Files/STM32CubeIDE_1.18.1/STM32CubeIDE/plugins/com.st.stm32cube.ide.mcu.externaltools.gnu-tools-for-stm32.13.3.rel1.win32_1.0.0.202411081344/tools/bin/../lib/gcc/arm-none-eabi/13.3.1/../../../../arm-none-eabi/lib/thumb/v7-m/nofp\libc_nano.a(libc_a-gdtoa-hexnan.o)
                0x08009ae4                __hexnan
 *fill*         0x08009c1a        0x2 
 .text.sbrk_aligned
                0x08009c1c       0x44 C:/Program Files/STM32CubeIDE_1.18.1/STM32CubeIDE/plugins/com.st.stm32cube.ide.mcu.externaltools.gnu-tools-for-stm32.13.3.rel1.win32_1.0.0.202411081344/tools/bin/../lib/gcc/arm-none-eabi/13.3.1/../../../../arm-none-eabi/lib/thumb/v7-m/nofp\libc_nano.a(libc_a-mallocr.o)
 .text._malloc_r
                0x08009c60      0x100 C:/Program Files/STM32CubeIDE_1.18.1/STM32CubeIDE/plugins/com.st.stm32cube.ide.mcu.externaltools.gnu-tools-for-stm32.13.3.rel1.win32_1.0.0.202411081344/tools/bin/../lib/gcc/arm-none-eabi/13.3.1/../../../../arm-none-eabi/lib/thumb/v7-m/nofp\libc_nano.a(libc_a-mallocr.o)
                0x08009c60                _malloc_r
 .text.__ascii_mbtowc
                0x08009d60       0x24 C:/Program Files/STM32CubeIDE_1.18.1/STM32CubeIDE/plugins/com.st.stm32cube.ide.mcu.externaltools.gnu-tools-for-stm32.13.3.rel1.win32_1.0.0.202411081344/tools/bin/../lib/gcc/arm-none-eabi/13.3.1/../../../../arm-none-eabi/lib/thumb/v7-m/nofp\libc_nano.a(libc_a-mbtowc_r.o)
                0x08009d60                __ascii_mbtowc
 .text.__malloc_lock
                0x08009d84        0xc C:/Program Files/STM32CubeIDE_1.18.1/STM32CubeIDE/plugins/com.st.stm32cube.ide.mcu.externaltools.gnu-tools-for-stm32.13.3.rel1.win32_1.0.0.202411081344/tools/bin/../lib/gcc/arm-none-eabi/13.3.1/../../../../arm-none-eabi/lib/thumb/v7-m/nofp\libc_nano.a(libc_a-mlock.o)
                0x08009d84                __malloc_lock
 .text.__malloc_unlock
                0x08009d90        0xc C:/Program Files/STM32CubeIDE_1.18.1/STM32CubeIDE/plugins/com.st.stm32cube.ide.mcu.externaltools.gnu-tools-for-stm32.13.3.rel1.win32_1.0.0.202411081344/tools/bin/../lib/gcc/arm-none-eabi/13.3.1/../../../../arm-none-eabi/lib/thumb/v7-m/nofp\libc_nano.a(libc_a-mlock.o)
                0x08009d90                __malloc_unlock
 .text._Balloc  0x08009d9c       0x80 C:/Program Files/STM32CubeIDE_1.18.1/STM32CubeIDE/plugins/com.st.stm32cube.ide.mcu.externaltools.gnu-tools-for-stm32.13.3.rel1.win32_1.0.0.202411081344/tools/bin/../lib/gcc/arm-none-eabi/13.3.1/../../../../arm-none-eabi/lib/thumb/v7-m/nofp\libc_nano.a(libc_a-mprec.o)
                0x08009d9c                _Balloc
 .text._Bfree   0x08009e1c       0x44 C:/Program Files/STM32CubeIDE_1.18.1/STM32CubeIDE/plugins/com.st.stm32cube.ide.mcu.externaltools.gnu-tools-for-stm32.13.3.rel1.win32_1.0.0.202411081344/tools/bin/../lib/gcc/arm-none-eabi/13.3.1/../../../../arm-none-eabi/lib/thumb/v7-m/nofp\libc_nano.a(libc_a-mprec.o)
                0x08009e1c                _Bfree
 .text.__multadd
                0x08009e60       0x8c C:/Program Files/STM32CubeIDE_1.18.1/STM32CubeIDE/plugins/com.st.stm32cube.ide.mcu.externaltools.gnu-tools-for-stm32.13.3.rel1.win32_1.0.0.202411081344/tools/bin/../lib/gcc/arm-none-eabi/13.3.1/../../../../arm-none-eabi/lib/thumb/v7-m/nofp\libc_nano.a(libc_a-mprec.o)
                0x08009e60                __multadd
 .text.__s2b    0x08009eec       0x94 C:/Program Files/STM32CubeIDE_1.18.1/STM32CubeIDE/plugins/com.st.stm32cube.ide.mcu.externaltools.gnu-tools-for-stm32.13.3.rel1.win32_1.0.0.202411081344/tools/bin/../lib/gcc/arm-none-eabi/13.3.1/../../../../arm-none-eabi/lib/thumb/v7-m/nofp\libc_nano.a(libc_a-mprec.o)
                0x08009eec                __s2b
 .text.__hi0bits
                0x08009f80       0x3e C:/Program Files/STM32CubeIDE_1.18.1/STM32CubeIDE/plugins/com.st.stm32cube.ide.mcu.externaltools.gnu-tools-for-stm32.13.3.rel1.win32_1.0.0.202411081344/tools/bin/../lib/gcc/arm-none-eabi/13.3.1/../../../../arm-none-eabi/lib/thumb/v7-m/nofp\libc_nano.a(libc_a-mprec.o)
                0x08009f80                __hi0bits
 .text.__lo0bits
                0x08009fbe       0x5a C:/Program Files/STM32CubeIDE_1.18.1/STM32CubeIDE/plugins/com.st.stm32cube.ide.mcu.externaltools.gnu-tools-for-stm32.13.3.rel1.win32_1.0.0.202411081344/tools/bin/../lib/gcc/arm-none-eabi/13.3.1/../../../../arm-none-eabi/lib/thumb/v7-m/nofp\libc_nano.a(libc_a-mprec.o)
                0x08009fbe                __lo0bits
 .text.__i2b    0x0800a018       0x2c C:/Program Files/STM32CubeIDE_1.18.1/STM32CubeIDE/plugins/com.st.stm32cube.ide.mcu.externaltools.gnu-tools-for-stm32.13.3.rel1.win32_1.0.0.202411081344/tools/bin/../lib/gcc/arm-none-eabi/13.3.1/../../../../arm-none-eabi/lib/thumb/v7-m/nofp\libc_nano.a(libc_a-mprec.o)
                0x0800a018                __i2b
 .text.__multiply
                0x0800a044      0x144 C:/Program Files/STM32CubeIDE_1.18.1/STM32CubeIDE/plugins/com.st.stm32cube.ide.mcu.externaltools.gnu-tools-for-stm32.13.3.rel1.win32_1.0.0.202411081344/tools/bin/../lib/gcc/arm-none-eabi/13.3.1/../../../../arm-none-eabi/lib/thumb/v7-m/nofp\libc_nano.a(libc_a-mprec.o)
                0x0800a044                __multiply
 .text.__pow5mult
                0x0800a188       0xb4 C:/Program Files/STM32CubeIDE_1.18.1/STM32CubeIDE/plugins/com.st.stm32cube.ide.mcu.externaltools.gnu-tools-for-stm32.13.3.rel1.win32_1.0.0.202411081344/tools/bin/../lib/gcc/arm-none-eabi/13.3.1/../../../../arm-none-eabi/lib/thumb/v7-m/nofp\libc_nano.a(libc_a-mprec.o)
                0x0800a188                __pow5mult
 .text.__lshift
                0x0800a23c       0xd8 C:/Program Files/STM32CubeIDE_1.18.1/STM32CubeIDE/plugins/com.st.stm32cube.ide.mcu.externaltools.gnu-tools-for-stm32.13.3.rel1.win32_1.0.0.202411081344/tools/bin/../lib/gcc/arm-none-eabi/13.3.1/../../../../arm-none-eabi/lib/thumb/v7-m/nofp\libc_nano.a(libc_a-mprec.o)
                0x0800a23c                __lshift
 .text.__mcmp   0x0800a314       0x36 C:/Program Files/STM32CubeIDE_1.18.1/STM32CubeIDE/plugins/com.st.stm32cube.ide.mcu.externaltools.gnu-tools-for-stm32.13.3.rel1.win32_1.0.0.202411081344/tools/bin/../lib/gcc/arm-none-eabi/13.3.1/../../../../arm-none-eabi/lib/thumb/v7-m/nofp\libc_nano.a(libc_a-mprec.o)
                0x0800a314                __mcmp
 *fill*         0x0800a34a        0x2 
 .text.__mdiff  0x0800a34c      0x128 C:/Program Files/STM32CubeIDE_1.18.1/STM32CubeIDE/plugins/com.st.stm32cube.ide.mcu.externaltools.gnu-tools-for-stm32.13.3.rel1.win32_1.0.0.202411081344/tools/bin/../lib/gcc/arm-none-eabi/13.3.1/../../../../arm-none-eabi/lib/thumb/v7-m/nofp\libc_nano.a(libc_a-mprec.o)
                0x0800a34c                __mdiff
 .text.__ulp    0x0800a474       0x40 C:/Program Files/STM32CubeIDE_1.18.1/STM32CubeIDE/plugins/com.st.stm32cube.ide.mcu.externaltools.gnu-tools-for-stm32.13.3.rel1.win32_1.0.0.202411081344/tools/bin/../lib/gcc/arm-none-eabi/13.3.1/../../../../arm-none-eabi/lib/thumb/v7-m/nofp\libc_nano.a(libc_a-mprec.o)
                0x0800a474                __ulp
 .text.__b2d    0x0800a4b4       0x90 C:/Program Files/STM32CubeIDE_1.18.1/STM32CubeIDE/plugins/com.st.stm32cube.ide.mcu.externaltools.gnu-tools-for-stm32.13.3.rel1.win32_1.0.0.202411081344/tools/bin/../lib/gcc/arm-none-eabi/13.3.1/../../../../arm-none-eabi/lib/thumb/v7-m/nofp\libc_nano.a(libc_a-mprec.o)
                0x0800a4b4                __b2d
 .text.__d2b    0x0800a544       0xb0 C:/Program Files/STM32CubeIDE_1.18.1/STM32CubeIDE/plugins/com.st.stm32cube.ide.mcu.externaltools.gnu-tools-for-stm32.13.3.rel1.win32_1.0.0.202411081344/tools/bin/../lib/gcc/arm-none-eabi/13.3.1/../../../../arm-none-eabi/lib/thumb/v7-m/nofp\libc_nano.a(libc_a-mprec.o)
                0x0800a544                __d2b
 .text.__ratio  0x0800a5f4       0x60 C:/Program Files/STM32CubeIDE_1.18.1/STM32CubeIDE/plugins/com.st.stm32cube.ide.mcu.externaltools.gnu-tools-for-stm32.13.3.rel1.win32_1.0.0.202411081344/tools/bin/../lib/gcc/arm-none-eabi/13.3.1/../../../../arm-none-eabi/lib/thumb/v7-m/nofp\libc_nano.a(libc_a-mprec.o)
                0x0800a5f4                __ratio
 .text.__copybits
                0x0800a654       0x46 C:/Program Files/STM32CubeIDE_1.18.1/STM32CubeIDE/plugins/com.st.stm32cube.ide.mcu.externaltools.gnu-tools-for-stm32.13.3.rel1.win32_1.0.0.202411081344/tools/bin/../lib/gcc/arm-none-eabi/13.3.1/../../../../arm-none-eabi/lib/thumb/v7-m/nofp\libc_nano.a(libc_a-mprec.o)
                0x0800a654                __copybits
 .text.__any_on
                0x0800a69a       0x42 C:/Program Files/STM32CubeIDE_1.18.1/STM32CubeIDE/plugins/com.st.stm32cube.ide.mcu.externaltools.gnu-tools-for-stm32.13.3.rel1.win32_1.0.0.202411081344/tools/bin/../lib/gcc/arm-none-eabi/13.3.1/../../../../arm-none-eabi/lib/thumb/v7-m/nofp\libc_nano.a(libc_a-mprec.o)
                0x0800a69a                __any_on
 .text.__ascii_wctomb
                0x0800a6dc       0x1a C:/Program Files/STM32CubeIDE_1.18.1/STM32CubeIDE/plugins/com.st.stm32cube.ide.mcu.externaltools.gnu-tools-for-stm32.13.3.rel1.win32_1.0.0.202411081344/tools/bin/../lib/gcc/arm-none-eabi/13.3.1/../../../../arm-none-eabi/lib/thumb/v7-m/nofp\libc_nano.a(libc_a-wctomb_r.o)
                0x0800a6dc                __ascii_wctomb
 .text.__ssputs_r
                0x0800a6f6       0xb6 C:/Program Files/STM32CubeIDE_1.18.1/STM32CubeIDE/plugins/com.st.stm32cube.ide.mcu.externaltools.gnu-tools-for-stm32.13.3.rel1.win32_1.0.0.202411081344/tools/bin/../lib/gcc/arm-none-eabi/13.3.1/../../../../arm-none-eabi/lib/thumb/v7-m/nofp\libc_nano.a(libc_a-nano-svfprintf.o)
                0x0800a6f6                __ssputs_r
 .text._svfprintf_r
                0x0800a7ac      0x1f8 C:/Program Files/STM32CubeIDE_1.18.1/STM32CubeIDE/plugins/com.st.stm32cube.ide.mcu.externaltools.gnu-tools-for-stm32.13.3.rel1.win32_1.0.0.202411081344/tools/bin/../lib/gcc/arm-none-eabi/13.3.1/../../../../arm-none-eabi/lib/thumb/v7-m/nofp\libc_nano.a(libc_a-nano-svfprintf.o)
                0x0800a7ac                _svfiprintf_r
                0x0800a7ac                _svfprintf_r
 .text._printf_common
                0x0800a9a4       0xe4 C:/Program Files/STM32CubeIDE_1.18.1/STM32CubeIDE/plugins/com.st.stm32cube.ide.mcu.externaltools.gnu-tools-for-stm32.13.3.rel1.win32_1.0.0.202411081344/tools/bin/../lib/gcc/arm-none-eabi/13.3.1/../../../../arm-none-eabi/lib/thumb/v7-m/nofp\libc_nano.a(libc_a-nano-vfprintf_i.o)
                0x0800a9a4                _printf_common
 .text._printf_i
                0x0800aa88      0x23c C:/Program Files/STM32CubeIDE_1.18.1/STM32CubeIDE/plugins/com.st.stm32cube.ide.mcu.externaltools.gnu-tools-for-stm32.13.3.rel1.win32_1.0.0.202411081344/tools/bin/../lib/gcc/arm-none-eabi/13.3.1/../../../../arm-none-eabi/lib/thumb/v7-m/nofp\libc_nano.a(libc_a-nano-vfprintf_i.o)
                0x0800aa88                _printf_i
 .text.__sflush_r
                0x0800acc4      0x100 C:/Program Files/STM32CubeIDE_1.18.1/STM32CubeIDE/plugins/com.st.stm32cube.ide.mcu.externaltools.gnu-tools-for-stm32.13.3.rel1.win32_1.0.0.202411081344/tools/bin/../lib/gcc/arm-none-eabi/13.3.1/../../../../arm-none-eabi/lib/thumb/v7-m/nofp\libc_nano.a(libc_a-fflush.o)
                0x0800acc4                __sflush_r
 .text._fflush_r
                0x0800adc4       0x50 C:/Program Files/STM32CubeIDE_1.18.1/STM32CubeIDE/plugins/com.st.stm32cube.ide.mcu.externaltools.gnu-tools-for-stm32.13.3.rel1.win32_1.0.0.202411081344/tools/bin/../lib/gcc/arm-none-eabi/13.3.1/../../../../arm-none-eabi/lib/thumb/v7-m/nofp\libc_nano.a(libc_a-fflush.o)
                0x0800adc4                _fflush_r
 .text.memmove  0x0800ae14       0x34 C:/Program Files/STM32CubeIDE_1.18.1/STM32CubeIDE/plugins/com.st.stm32cube.ide.mcu.externaltools.gnu-tools-for-stm32.13.3.rel1.win32_1.0.0.202411081344/tools/bin/../lib/gcc/arm-none-eabi/13.3.1/../../../../arm-none-eabi/lib/thumb/v7-m/nofp\libc_nano.a(libc_a-memmove.o)
                0x0800ae14                memmove