../USB_DEVICE/Target/usbd_conf.c:637:20:USBD_Get_USB_Status	0	static
../USB_DEVICE/Target/usbd_conf.c:253:13:PCD_ISOINIncompleteCallback	0	static
../USB_DEVICE/Target/usbd_conf.c:238:13:PCD_ISOOUTIncompleteCallback	0	static
../USB_DEVICE/Target/usbd_conf.c:143:13:PCD_DataInStageCallback	0	static
../USB_DEVICE/Target/usbd_conf.c:128:13:PCD_DataOutStageCallback	0	static
../USB_DEVICE/Target/usbd_conf.c:281:13:PCD_DisconnectCallback	0	static
../USB_DEVICE/Target/usbd_conf.c:267:13:PCD_ConnectCallback	0	static
../USB_DEVICE/Target/usbd_conf.c:220:13:PCD_ResumeCallback	0	static
../USB_DEVICE/Target/usbd_conf.c:171:13:PCD_ResetCallback	8	static
../USB_DEVICE/Target/usbd_conf.c:113:13:PCD_SetupStageCallback	0	static
../USB_DEVICE/Target/usbd_conf.c:157:13:PCD_SOFCallback	0	static
../USB_DEVICE/Target/usbd_conf.c:196:13:PCD_SuspendCallback	8	static
../USB_DEVICE/Target/usbd_conf.c:69:6:HAL_PCD_MspInit	16	static
../USB_DEVICE/Target/usbd_conf.c:88:6:HAL_PCD_MspDeInit	0	static
../USB_DEVICE/Target/usbd_conf.c:298:20:USBD_LL_Init	8	static
../USB_DEVICE/Target/usbd_conf.c:348:20:USBD_LL_DeInit	8	static
../USB_DEVICE/Target/usbd_conf.c:365:20:USBD_LL_Start	8	static
../USB_DEVICE/Target/usbd_conf.c:382:20:USBD_LL_Stop	8	static
../USB_DEVICE/Target/usbd_conf.c:402:20:USBD_LL_OpenEP	8	static
../USB_DEVICE/Target/usbd_conf.c:420:20:USBD_LL_CloseEP	8	static
../USB_DEVICE/Target/usbd_conf.c:438:20:USBD_LL_FlushEP	8	static
../USB_DEVICE/Target/usbd_conf.c:456:20:USBD_LL_StallEP	8	static
../USB_DEVICE/Target/usbd_conf.c:474:20:USBD_LL_ClearStallEP	8	static
../USB_DEVICE/Target/usbd_conf.c:492:9:USBD_LL_IsStallEP	0	static
../USB_DEVICE/Target/usbd_conf.c:512:20:USBD_LL_SetUSBAddress	8	static
../USB_DEVICE/Target/usbd_conf.c:532:20:USBD_LL_Transmit	8	static
../USB_DEVICE/Target/usbd_conf.c:552:20:USBD_LL_PrepareReceive	8	static
../USB_DEVICE/Target/usbd_conf.c:570:10:USBD_LL_GetRxDataSize	0	static
../USB_DEVICE/Target/usbd_conf.c:580:6:USBD_LL_Delay	0	static
../USB_DEVICE/Target/usbd_conf.c:590:7:USBD_static_malloc	0	static
../USB_DEVICE/Target/usbd_conf.c:601:6:USBD_static_free	0	static
